2026-09-27 06:02:42 [INFO ]  Logging initialized. Log file: /content/drive/MyDrive/crack_seg/P3_C_Canonical_Base_D6/train.log
2026-09-27 06:02:42 [INFO ]  Loaded config from configs/p3_ablation/b2_p3_run_c_d6.yaml
2026-09-27 06:02:42 [INFO ]  Using device: cuda
2026-09-27 06:02:42 [INFO ]  Evaluation protocol for validation: setting_a
2026-09-27 06:02:42 [INFO ]  Loading ConvNeXt-V2: convnextv2_femto.fcmae (pretrained=True)
2026-09-27 06:02:43 [INFO ]  Loading pretrained weights from Hugging Face hub (timm/convnextv2_femto.fcmae)
2026-09-27 06:02:43 [INFO ]  HTTP Request: GET https://huggingface.co/api/agent-harnesses "HTTP/1.1 200 OK"
2026-09-27 06:02:43 [INFO ]  HTTP Request: HEAD https://huggingface.co/timm/convnextv2_femto.fcmae/resolve/main/model.safetensors "HTTP/1.1 302 Found"
2026-09-27 06:02:43 [WARNI]  Warning: You are sending unauthenticated requests to the HF Hub. Please set a HF_TOKEN to enable higher rate limits and faster downloads.
2026-09-27 06:02:43 [INFO ]  HTTP Request: GET https://huggingface.co/api/models/timm/convnextv2_femto.fcmae/xet-read-token/ad8895ca0e753755810acaa2068a7ebf497e6b2a "HTTP/1.1 200 OK"
2026-09-27 06:02:44 [INFO ]  [timm/convnextv2_femto.fcmae] Safe alternative available for 'pytorch_model.bin' (as 'model.safetensors'). Loading weights using safetensors.
2026-09-27 06:02:44 [INFO ]  Removed ConvNeXt classification head
2026-09-27 06:02:44 [INFO ]  Loading ViT-Tiny: vit_tiny_patch16_224 (pretrained=True)
2026-09-27 06:02:44 [INFO ]  Loading pretrained weights from Hugging Face hub (timm/vit_tiny_patch16_224.augreg_in21k_ft_in1k)
2026-09-27 06:02:44 [INFO ]  HTTP Request: HEAD https://huggingface.co/timm/vit_tiny_patch16_224.augreg_in21k_ft_in1k/resolve/main/model.safetensors "HTTP/1.1 302 Found"
2026-09-27 06:02:45 [INFO ]  HTTP Request: GET https://huggingface.co/api/models/timm/vit_tiny_patch16_224.augreg_in21k_ft_in1k/xet-read-token/7d3afdd0cf93ad84d986eb2d6bcc5812ebd0b106 "HTTP/1.1 200 OK"
2026-09-27 06:02:45 [INFO ]  [timm/vit_tiny_patch16_224.augreg_in21k_ft_in1k] Safe alternative available for 'pytorch_model.bin' (as 'model.safetensors'). Loading weights using safetensors.
2026-09-27 06:02:45 [INFO ]  Configured 6 ViT blocks (embed_dim=192)
2026-09-27 06:02:45 [INFO ]  [Explicit CLS Handling] Detected 197 tokens in ViT pos_embed. Discarded CLS token (1 token), retained exactly 196 spatial patch tokens.
2026-09-27 06:02:45 [INFO ]  Loaded patch_pos: shape=(1, 196, 192) (grid: 14x14)
2026-09-27 06:02:45 [INFO ]  ================================================================================
2026-09-27 06:02:45 [INFO ]  BUILDING HETEROGENEOUS EXPERT POOL (CNN Stages + Transformer Blocks)
2026-09-27 06:02:45 [INFO ]  ================================================================================
2026-09-27 06:02:45 [INFO ]  
Step 1a: Wrapping ConvNeXt stages IN-PLACE...
2026-09-27 06:02:45 [INFO ]  Initialized SAGE Hierarchical Router: top_k=4, experts=10, gating=sigmoid, logit_modulation=True
2026-09-27 06:02:45 [INFO ]  Initialized SAGE Hierarchical Router: top_k=4, experts=10, gating=sigmoid, logit_modulation=True
2026-09-27 06:02:45 [INFO ]  Initialized SAGE Hierarchical Router: top_k=4, experts=10, gating=sigmoid, logit_modulation=True
2026-09-27 06:02:45 [INFO ]  Initialized SAGE Hierarchical Router: top_k=4, experts=10, gating=sigmoid, logit_modulation=True
2026-09-27 06:02:45 [INFO ]  
Step 1b: Wrapping Transformer blocks IN-PLACE...
2026-09-27 06:02:45 [INFO ]  Initialized SAGE Hierarchical Router: top_k=4, experts=10, gating=sigmoid, logit_modulation=True
2026-09-27 06:02:45 [INFO ]  Initialized SAGE Hierarchical Router: top_k=4, experts=10, gating=sigmoid, logit_modulation=True
2026-09-27 06:02:45 [INFO ]  Initialized SAGE Hierarchical Router: top_k=4, experts=10, gating=sigmoid, logit_modulation=True
2026-09-27 06:02:45 [INFO ]  Initialized SAGE Hierarchical Router: top_k=4, experts=10, gating=sigmoid, logit_modulation=True
2026-09-27 06:02:45 [INFO ]  Initialized SAGE Hierarchical Router: top_k=4, experts=10, gating=sigmoid, logit_modulation=True
2026-09-27 06:02:45 [INFO ]  Initialized SAGE Hierarchical Router: top_k=4, experts=10, gating=sigmoid, logit_modulation=True
2026-09-27 06:02:45 [INFO ]  
Step 2: Building expert pool from wrapped .main_block attributes...
2026-09-27 06:02:45 [INFO ]    - Added 4 CNN main_blocks to pool.
2026-09-27 06:02:45 [INFO ]    - Added 6 Transformer main_blocks to pool.
2026-09-27 06:02:45 [INFO ]  
[OK] Built expert pool with 10 experts, linked to all SageLayer instances.
2026-09-27 06:02:45 [INFO ]  ================================================================================
2026-09-27 06:02:45 [INFO ]  
================================================================================
2026-09-27 06:02:45 [INFO ]  PRE-POPULATING SAHUB ADAPTERS
2026-09-27 06:02:45 [INFO ]  ================================================================================
2026-09-27 06:02:45 [INFO ]     - Created a master set of 24 potential adapter layers.
2026-09-27 06:02:45 [INFO ]     - Populated 10 SAHub instances with all adapter layers.
2026-09-27 06:02:45 [INFO ]  ================================================================================
2026-09-27 06:02:46 [INFO ]  Loaded B2 with 6 ViT blocks, full SAGE-Lite injection, and p3_mode='C'
2026-09-27 06:02:46 [INFO ]  Initialized B2 model
2026-09-27 06:02:46 [INFO ]  P3-C Standalone Initialization: ImageNet-pretrained, no parent checkpoint
2026-09-27 06:02:46 [INFO ]  P3 Refinement gamma initialized: S0=0.0100, S1=0.0100
2026-09-27 06:02:46 [INFO ]  
========================================
STARTING STAGE 1
========================================
2026-09-27 06:14:06 [INFO ]  Epoch 1/17 - Train Loss: 2.1259 (LB: 0.1088), Train Dice: 0.1333 | Val Loss: 2.0185, Val Dice: 0.1601 | LR: BB=4.00e-06, Dec=3.40e-05, SAGE=3.40e-05, P3=3.40e-05 (gamma: S0=0.0100, S1=0.0100)
2026-09-27 06:14:06 [INFO ]  New best Stage 1 model saved with Val Dice: 0.1601 and Val Loss: 2.0185
2026-09-27 06:14:07 [INFO ]  *** New GLOBAL best model saved (Dice: 0.1601) ***
2026-09-27 06:18:29 [INFO ]  Epoch 2/17 - Train Loss: 1.8541 (LB: 0.1063), Train Dice: 0.4750 | Val Loss: 1.6227, Val Dice: 0.6331 | LR: BB=7.00e-06, Dec=6.70e-05, SAGE=6.70e-05, P3=6.70e-05 (gamma: S0=0.0103, S1=0.0109)
2026-09-27 06:18:29 [INFO ]  New best Stage 1 model saved with Val Dice: 0.6331 and Val Loss: 1.6227
2026-09-27 06:18:29 [INFO ]  *** New GLOBAL best model saved (Dice: 0.6331) ***
2026-09-27 06:22:25 [INFO ]  Epoch 3/17 - Train Loss: 1.7099 (LB: 0.1038), Train Dice: 0.5923 | Val Loss: 1.6040, Val Dice: 0.6073 | LR: BB=9.33e-06, Dec=9.26e-05, SAGE=9.26e-05, P3=9.26e-05 (gamma: S0=0.0111, S1=0.0109)
2026-09-27 06:26:16 [INFO ]  Epoch 4/17 - Train Loss: 1.6479 (LB: 0.1026), Train Dice: 0.6144 | Val Loss: 1.5132, Val Dice: 0.6740 | LR: BB=8.83e-06, Dec=8.71e-05, SAGE=8.71e-05, P3=8.71e-05 (gamma: S0=0.0122, S1=0.0101)
2026-09-27 06:26:16 [INFO ]  New best Stage 1 model saved with Val Dice: 0.6740 and Val Loss: 1.5132
2026-09-27 06:26:16 [INFO ]  *** New GLOBAL best model saved (Dice: 0.6740) ***
2026-09-27 06:30:03 [INFO ]  Epoch 5/17 - Train Loss: 1.5880 (LB: 0.1018), Train Dice: 0.6352 | Val Loss: 1.4868, Val Dice: 0.5996 | LR: BB=8.21e-06, Dec=8.03e-05, SAGE=8.03e-05, P3=8.03e-05 (gamma: S0=0.0126, S1=0.0111)
2026-09-27 06:33:58 [INFO ]  Epoch 6/17 - Train Loss: 1.5397 (LB: 0.1015), Train Dice: 0.6400 | Val Loss: 1.4495, Val Dice: 0.6513 | LR: BB=7.51e-06, Dec=7.26e-05, SAGE=7.26e-05, P3=7.26e-05 (gamma: S0=0.0134, S1=0.0110)
2026-09-27 06:37:43 [INFO ]  Epoch 7/17 - Train Loss: 1.4944 (LB: 0.1013), Train Dice: 0.6550 | Val Loss: 1.4169, Val Dice: 0.7154 | LR: BB=6.73e-06, Dec=6.40e-05, SAGE=6.40e-05, P3=6.40e-05 (gamma: S0=0.0153, S1=0.0112)
2026-09-27 06:37:44 [INFO ]  New best Stage 1 model saved with Val Dice: 0.7154 and Val Loss: 1.4169
2026-09-27 06:37:44 [INFO ]  *** New GLOBAL best model saved (Dice: 0.7154) ***
2026-09-27 06:41:29 [INFO ]  Epoch 8/17 - Train Loss: 1.4529 (LB: 0.1012), Train Dice: 0.6664 | Val Loss: 1.3871, Val Dice: 0.7269 | LR: BB=5.92e-06, Dec=5.51e-05, SAGE=5.51e-05, P3=5.51e-05 (gamma: S0=0.0142, S1=0.0106)
2026-09-27 06:41:30 [INFO ]  New best Stage 1 model saved with Val Dice: 0.7269 and Val Loss: 1.3871
2026-09-27 06:41:30 [INFO ]  *** New GLOBAL best model saved (Dice: 0.7269) ***
2026-09-27 06:45:21 [INFO ]  Epoch 9/17 - Train Loss: 1.4178 (LB: 0.1011), Train Dice: 0.6723 | Val Loss: 1.3481, Val Dice: 0.7119 | LR: BB=5.08e-06, Dec=4.59e-05, SAGE=4.59e-05, P3=4.59e-05 (gamma: S0=0.0136, S1=0.0102)
2026-09-27 06:49:11 [INFO ]  Epoch 10/17 - Train Loss: 1.3923 (LB: 0.1010), Train Dice: 0.6716 | Val Loss: 1.3022, Val Dice: 0.7216 | LR: BB=4.27e-06, Dec=3.70e-05, SAGE=3.70e-05, P3=3.70e-05 (gamma: S0=0.0140, S1=0.0104)
2026-09-27 06:52:57 [INFO ]  Epoch 11/17 - Train Loss: 1.3695 (LB: 0.1010), Train Dice: 0.6752 | Val Loss: 1.2959, Val Dice: 0.7199 | LR: BB=3.49e-06, Dec=2.84e-05, SAGE=2.84e-05, P3=2.84e-05 (gamma: S0=0.0139, S1=0.0102)
2026-09-27 06:56:52 [INFO ]  Epoch 12/17 - Train Loss: 1.3502 (LB: 0.1009), Train Dice: 0.6852 | Val Loss: 1.2908, Val Dice: 0.7265 | LR: BB=2.79e-06, Dec=2.07e-05, SAGE=2.07e-05, P3=2.07e-05 (gamma: S0=0.0139, S1=0.0098)
2026-09-27 07:00:40 [INFO ]  Epoch 13/17 - Train Loss: 1.3356 (LB: 0.1009), Train Dice: 0.6863 | Val Loss: 1.2683, Val Dice: 0.7312 | LR: BB=2.17e-06, Dec=1.39e-05, SAGE=1.39e-05, P3=1.39e-05 (gamma: S0=0.0138, S1=0.0095)
2026-09-27 07:00:40 [INFO ]  New best Stage 1 model saved with Val Dice: 0.7312 and Val Loss: 1.2683
2026-09-27 07:00:40 [INFO ]  *** New GLOBAL best model saved (Dice: 0.7312) ***
2026-09-27 07:04:29 [INFO ]  Epoch 14/17 - Train Loss: 1.3264 (LB: 0.1009), Train Dice: 0.6895 | Val Loss: 1.2485, Val Dice: 0.7242 | LR: BB=1.67e-06, Dec=8.41e-06, SAGE=8.41e-06, P3=8.41e-06 (gamma: S0=0.0139, S1=0.0099)
2026-09-27 07:08:30 [INFO ]  Epoch 15/17 - Train Loss: 1.3198 (LB: 0.1009), Train Dice: 0.6895 | Val Loss: 1.2559, Val Dice: 0.7277 | LR: BB=1.30e-06, Dec=4.34e-06, SAGE=4.34e-06, P3=4.34e-06 (gamma: S0=0.0138, S1=0.0098)
2026-09-27 07:12:18 [INFO ]  Epoch 16/17 - Train Loss: 1.3159 (LB: 0.1009), Train Dice: 0.6909 | Val Loss: 1.2557, Val Dice: 0.7233 | LR: BB=1.08e-06, Dec=1.84e-06, SAGE=1.84e-06, P3=1.84e-06 (gamma: S0=0.0139, S1=0.0098)
2026-09-27 07:16:09 [INFO ]  Epoch 17/17 - Train Loss: 1.3119 (LB: 0.1008), Train Dice: 0.6969 | Val Loss: 1.2626, Val Dice: 0.7268 | LR: BB=1.00e-06, Dec=1.00e-06, SAGE=1.00e-06, P3=1.00e-06 (gamma: S0=0.0139, S1=0.0099)
2026-09-27 07:16:09 [INFO ]  Stage 1 finished. Total epochs used so far: 17/35
2026-09-27 07:16:09 [INFO ]  
========================================
STARTING STAGE 2
========================================
2026-09-27 07:16:09 [INFO ]  Loading best Stage 1 checkpoint from /content/drive/MyDrive/crack_seg/P3_C_Canonical_Base_D6/best_model_b2_stage1.pth
2026-09-27 07:16:09 [INFO ]  Stage 2: Updated shared expert indices to [0, 1, 2, 3]
2026-09-27 07:16:09 [INFO ]  Stage 2 Optimizer: shared_lr=1.00e-04, base_lr=1.00e-04, p3_lr=1.00e-04
2026-09-27 07:20:03 [INFO ]  Epoch 1/18 - Train Loss: 1.3296 (LB: 0.1009), Train Dice: 0.6914 | Val Loss: 1.2772, Val Dice: 0.7263 | LR: Shared=3.40e-05, Others=3.40e-05, P3=3.40e-05 (gamma: S0=0.0138, S1=0.0095)
2026-09-27 07:20:03 [INFO ]  New best Stage 2 model saved with Val Dice: 0.7263 and Val Loss: 1.2772
2026-09-27 07:23:52 [INFO ]  Epoch 2/18 - Train Loss: 1.3257 (LB: 0.1009), Train Dice: 0.6786 | Val Loss: 1.2697, Val Dice: 0.7205 | LR: Shared=6.70e-05, Others=6.70e-05, P3=6.70e-05 (gamma: S0=0.0136, S1=0.0099)
2026-09-27 07:27:45 [INFO ]  Epoch 3/18 - Train Loss: 1.3050 (LB: 0.1008), Train Dice: 0.6780 | Val Loss: 1.2165, Val Dice: 0.7406 | LR: Shared=9.34e-05, Others=9.34e-05, P3=9.34e-05 (gamma: S0=0.0144, S1=0.0107)
2026-09-27 07:27:46 [INFO ]  New best Stage 2 model saved with Val Dice: 0.7406 and Val Loss: 1.2165
2026-09-27 07:27:46 [INFO ]  *** New GLOBAL best model saved (Dice: 0.7406) ***
2026-09-27 07:31:42 [INFO ]  Epoch 4/18 - Train Loss: 1.2702 (LB: 0.1007), Train Dice: 0.6787 | Val Loss: 1.1895, Val Dice: 0.6832 | LR: Shared=8.84e-05, Others=8.84e-05, P3=8.84e-05 (gamma: S0=0.0139, S1=0.0112)
2026-09-27 07:35:38 [INFO ]  Epoch 5/18 - Train Loss: 1.2231 (LB: 0.1006), Train Dice: 0.6857 | Val Loss: 1.1367, Val Dice: 0.6932 | LR: Shared=8.23e-05, Others=8.23e-05, P3=8.23e-05 (gamma: S0=0.0139, S1=0.0112)
2026-09-27 07:39:34 [INFO ]  Epoch 6/18 - Train Loss: 1.1815 (LB: 0.1006), Train Dice: 0.6916 | Val Loss: 1.0651, Val Dice: 0.7313 | LR: Shared=7.52e-05, Others=7.52e-05, P3=7.52e-05 (gamma: S0=0.0146, S1=0.0114)
2026-09-27 07:43:29 [INFO ]  Epoch 7/18 - Train Loss: 1.1420 (LB: 0.1006), Train Dice: 0.6989 | Val Loss: 1.0624, Val Dice: 0.7451 | LR: Shared=6.74e-05, Others=6.74e-05, P3=6.74e-05 (gamma: S0=0.0143, S1=0.0116)
2026-09-27 07:43:29 [INFO ]  New best Stage 2 model saved with Val Dice: 0.7451 and Val Loss: 1.0624
2026-09-27 07:43:29 [INFO ]  *** New GLOBAL best model saved (Dice: 0.7451) ***
2026-09-27 07:47:25 [INFO ]  Epoch 8/18 - Train Loss: 1.1070 (LB: 0.1005), Train Dice: 0.7059 | Val Loss: 1.0166, Val Dice: 0.7041 | LR: Shared=5.91e-05, Others=5.91e-05, P3=5.91e-05 (gamma: S0=0.0146, S1=0.0123)
2026-09-27 07:51:18 [INFO ]  Epoch 9/18 - Train Loss: 1.0771 (LB: 0.1005), Train Dice: 0.7097 | Val Loss: 1.0022, Val Dice: 0.7250 | LR: Shared=5.05e-05, Others=5.05e-05, P3=5.05e-05 (gamma: S0=0.0140, S1=0.0122)
2026-09-27 07:55:16 [INFO ]  Epoch 10/18 - Train Loss: 1.0534 (LB: 0.1004), Train Dice: 0.7096 | Val Loss: 1.0090, Val Dice: 0.7406 | LR: Shared=4.19e-05, Others=4.19e-05, P3=4.19e-05 (gamma: S0=0.0139, S1=0.0127)
2026-09-27 07:59:08 [INFO ]  Epoch 11/18 - Train Loss: 1.0329 (LB: 0.1004), Train Dice: 0.7137 | Val Loss: 0.9798, Val Dice: 0.7454 | LR: Shared=3.36e-05, Others=3.36e-05, P3=3.36e-05 (gamma: S0=0.0147, S1=0.0122)
2026-09-27 07:59:09 [INFO ]  New best Stage 2 model saved with Val Dice: 0.7454 and Val Loss: 0.9798
2026-09-27 07:59:09 [INFO ]  *** New GLOBAL best model saved (Dice: 0.7454) ***
2026-09-27 08:03:01 [INFO ]  Epoch 12/18 - Train Loss: 1.0105 (LB: 0.1004), Train Dice: 0.7183 | Val Loss: 0.9964, Val Dice: 0.7384 | LR: Shared=2.58e-05, Others=2.58e-05, P3=2.58e-05 (gamma: S0=0.0148, S1=0.0129)
2026-09-27 08:06:55 [INFO ]  Epoch 13/18 - Train Loss: 0.9933 (LB: 0.1004), Train Dice: 0.7287 | Val Loss: 1.0108, Val Dice: 0.7406 | LR: Shared=1.87e-05, Others=1.87e-05, P3=1.87e-05 (gamma: S0=0.0148, S1=0.0128)
2026-09-27 08:10:48 [INFO ]  Epoch 14/18 - Train Loss: 0.9807 (LB: 0.1004), Train Dice: 0.7299 | Val Loss: 0.9772, Val Dice: 0.7540 | LR: Shared=1.26e-05, Others=1.26e-05, P3=1.26e-05 (gamma: S0=0.0148, S1=0.0129)
2026-09-27 08:10:49 [INFO ]  New best Stage 2 model saved with Val Dice: 0.7540 and Val Loss: 0.9772
2026-09-27 08:10:49 [INFO ]  *** New GLOBAL best model saved (Dice: 0.7540) ***
2026-09-27 08:14:45 [INFO ]  Epoch 15/18 - Train Loss: 0.9715 (LB: 0.1004), Train Dice: 0.7334 | Val Loss: 0.9626, Val Dice: 0.7558 | LR: Shared=7.63e-06, Others=7.63e-06, P3=7.63e-06 (gamma: S0=0.0151, S1=0.0129)
2026-09-27 08:14:45 [INFO ]  New best Stage 2 model saved with Val Dice: 0.7558 and Val Loss: 0.9626
2026-09-27 08:14:45 [INFO ]  *** New GLOBAL best model saved (Dice: 0.7558) ***
2026-09-27 08:18:42 [INFO ]  Epoch 16/18 - Train Loss: 0.9713 (LB: 0.1004), Train Dice: 0.7317 | Val Loss: 0.9602, Val Dice: 0.7599 | LR: Shared=3.99e-06, Others=3.99e-06, P3=3.99e-06 (gamma: S0=0.0149, S1=0.0127)
2026-09-27 08:18:42 [INFO ]  New best Stage 2 model saved with Val Dice: 0.7599 and Val Loss: 0.9602
2026-09-27 08:18:43 [INFO ]  *** New GLOBAL best model saved (Dice: 0.7599) ***
2026-09-27 08:22:42 [INFO ]  Epoch 17/18 - Train Loss: 0.9649 (LB: 0.1004), Train Dice: 0.7355 | Val Loss: 0.9505, Val Dice: 0.7563 | LR: Shared=1.75e-06, Others=1.75e-06, P3=1.75e-06 (gamma: S0=0.0150, S1=0.0127)
2026-09-27 08:26:38 [INFO ]  Epoch 18/18 - Train Loss: 0.9641 (LB: 0.1004), Train Dice: 0.7367 | Val Loss: 0.9539, Val Dice: 0.7583 | LR: Shared=1.00e-06, Others=1.00e-06, P3=1.00e-06 (gamma: S0=0.0150, S1=0.0127)
2026-09-27 08:26:38 [INFO ]  Stage 2 finished. Total epochs used so far: 35/35
2026-09-27 08:28:33 [INFO ]  Logging initialized. Log file: /content/drive/MyDrive/crack_seg/P3_C_Canonical_Base_D6/train.log
2026-09-27 08:28:33 [INFO ]  Loaded config from configs/p3_ablation/b2_p3_run_c_d6.yaml
2026-09-27 08:28:33 [INFO ]  Using device: cuda
2026-09-27 08:28:33 [INFO ]  Evaluation protocol for validation: setting_a
2026-09-27 08:28:33 [INFO ]  Loading ConvNeXt-V2: convnextv2_femto.fcmae (pretrained=True)
2026-09-27 08:28:33 [INFO ]  Loading pretrained weights from Hugging Face hub (timm/convnextv2_femto.fcmae)
2026-09-27 08:28:33 [INFO ]  HTTP Request: HEAD https://huggingface.co/timm/convnextv2_femto.fcmae/resolve/main/model.safetensors "HTTP/1.1 302 Found"
2026-09-27 08:28:33 [WARNI]  Warning: You are sending unauthenticated requests to the HF Hub. Please set a HF_TOKEN to enable higher rate limits and faster downloads.
2026-09-27 08:28:33 [INFO ]  [timm/convnextv2_femto.fcmae] Safe alternative available for 'pytorch_model.bin' (as 'model.safetensors'). Loading weights using safetensors.
2026-09-27 08:28:33 [INFO ]  Removed ConvNeXt classification head
2026-09-27 08:28:33 [INFO ]  Loading ViT-Tiny: vit_tiny_patch16_224 (pretrained=True)
2026-09-27 08:28:33 [INFO ]  Loading pretrained weights from Hugging Face hub (timm/vit_tiny_patch16_224.augreg_in21k_ft_in1k)
2026-09-27 08:28:34 [INFO ]  HTTP Request: HEAD https://huggingface.co/timm/vit_tiny_patch16_224.augreg_in21k_ft_in1k/resolve/main/model.safetensors "HTTP/1.1 302 Found"
2026-09-27 08:28:34 [INFO ]  [timm/vit_tiny_patch16_224.augreg_in21k_ft_in1k] Safe alternative available for 'pytorch_model.bin' (as 'model.safetensors'). Loading weights using safetensors.
2026-09-27 08:28:34 [INFO ]  Configured 6 ViT blocks (embed_dim=192)
2026-09-27 08:28:34 [INFO ]  [Explicit CLS Handling] Detected 197 tokens in ViT pos_embed. Discarded CLS token (1 token), retained exactly 196 spatial patch tokens.
2026-09-27 08:28:34 [INFO ]  Loaded patch_pos: shape=(1, 196, 192) (grid: 14x14)
2026-09-27 08:28:34 [INFO ]  ================================================================================
2026-09-27 08:28:34 [INFO ]  BUILDING HETEROGENEOUS EXPERT POOL (CNN Stages + Transformer Blocks)
2026-09-27 08:28:34 [INFO ]  ================================================================================
2026-09-27 08:28:34 [INFO ]  
Step 1a: Wrapping ConvNeXt stages IN-PLACE...
2026-09-27 08:28:34 [INFO ]  Initialized SAGE Hierarchical Router: top_k=4, experts=10, gating=sigmoid, logit_modulation=True
2026-09-27 08:28:34 [INFO ]  Initialized SAGE Hierarchical Router: top_k=4, experts=10, gating=sigmoid, logit_modulation=True
2026-09-27 08:28:34 [INFO ]  Initialized SAGE Hierarchical Router: top_k=4, experts=10, gating=sigmoid, logit_modulation=True
2026-09-27 08:28:34 [INFO ]  Initialized SAGE Hierarchical Router: top_k=4, experts=10, gating=sigmoid, logit_modulation=True
2026-09-27 08:28:34 [INFO ]  
Step 1b: Wrapping Transformer blocks IN-PLACE...
2026-09-27 08:28:34 [INFO ]  Initialized SAGE Hierarchical Router: top_k=4, experts=10, gating=sigmoid, logit_modulation=True
2026-09-27 08:28:34 [INFO ]  Initialized SAGE Hierarchical Router: top_k=4, experts=10, gating=sigmoid, logit_modulation=True
2026-09-27 08:28:34 [INFO ]  Initialized SAGE Hierarchical Router: top_k=4, experts=10, gating=sigmoid, logit_modulation=True
2026-09-27 08:28:34 [INFO ]  Initialized SAGE Hierarchical Router: top_k=4, experts=10, gating=sigmoid, logit_modulation=True
2026-09-27 08:28:34 [INFO ]  Initialized SAGE Hierarchical Router: top_k=4, experts=10, gating=sigmoid, logit_modulation=True
2026-09-27 08:28:34 [INFO ]  Initialized SAGE Hierarchical Router: top_k=4, experts=10, gating=sigmoid, logit_modulation=True
2026-09-27 08:28:34 [INFO ]  
Step 2: Building expert pool from wrapped .main_block attributes...
2026-09-27 08:28:34 [INFO ]    - Added 4 CNN main_blocks to pool.
2026-09-27 08:28:34 [INFO ]    - Added 6 Transformer main_blocks to pool.
2026-09-27 08:28:34 [INFO ]  
[OK] Built expert pool with 10 experts, linked to all SageLayer instances.
2026-09-27 08:28:34 [INFO ]  ================================================================================
2026-09-27 08:28:34 [INFO ]  
================================================================================
2026-09-27 08:28:34 [INFO ]  PRE-POPULATING SAHUB ADAPTERS
2026-09-27 08:28:34 [INFO ]  ================================================================================
2026-09-27 08:28:34 [INFO ]     - Created a master set of 24 potential adapter layers.
2026-09-27 08:28:34 [INFO ]     - Populated 10 SAHub instances with all adapter layers.
2026-09-27 08:28:34 [INFO ]  ================================================================================
2026-09-27 08:28:34 [INFO ]  Loaded B2 with 6 ViT blocks, full SAGE-Lite injection, and p3_mode='C'
2026-09-27 08:28:34 [INFO ]  Initialized B2 model
2026-09-27 08:28:34 [INFO ]  Loading checkpoint from /content/drive/MyDrive/crack_seg/P3_C_Canonical_Base_D6/best_model_b2_stage2.pth (resume/continue mechanism)...
2026-09-27 08:28:34 [INFO ]  P3 Refinement gamma preserved from checkpoint: S0=0.0149, S1=0.0127
2026-09-27 08:28:34 [INFO ]  Loading Stage 2 checkpoint for continuation: /content/drive/MyDrive/crack_seg/P3_C_Canonical_Base_D6/best_model_b2_stage2.pth
2026-09-27 08:28:34 [INFO ]  Stage 2 Extension baseline initialized from /content/drive/MyDrive/crack_seg/P3_C_Canonical_Base_D6/best_model_b2_stage2.pth: Best Val Dice=0.7599, Best Val Loss=0.9602 (recorded at original Epoch 16)
2026-09-27 08:28:34 [INFO ]  Stage 2 Extension learned gamma confirmed: S0=0.0149, S1=0.0127
2026-09-27 08:28:34 [INFO ]  
========================================
STARTING STAGE 2
========================================
2026-09-27 08:28:34 [INFO ]  Stage 2: Updated shared expert indices to [0, 1, 2, 3]
2026-09-27 08:28:34 [INFO ]  Stage 2 Optimizer: shared_lr=1.00e-04, base_lr=1.00e-04, p3_lr=1.00e-04
2026-09-27 08:28:34 [INFO ]  Stage 2 Extension starting with baseline Dice=0.7599, Loss=0.9602, initial epochs_no_improve=2/6
