2026-09-29 19:40:54 [INFO ]  Logging initialized. Log file: /content/drive/MyDrive/crack_seg/P3_C_Phase5_1_Extra_Stage2_SAGELR2e-4/train.log
2026-09-29 19:40:54 [INFO ]  Loaded config from configs/p3_ablation/b2_p3_run_c_d4_k2_h64_phase5_1_extra_sagelr2e4.yaml
2026-09-29 19:40:54 [INFO ]  Using device: cuda
2026-09-29 19:40:54 [INFO ]  Evaluation protocol for validation: setting_a
2026-09-29 19:40:54 [INFO ]  Loading ConvNeXt-V2: convnextv2_femto.fcmae (pretrained=True)
2026-09-29 19:40:54 [INFO ]  Loading pretrained weights from Hugging Face hub (timm/convnextv2_femto.fcmae)
2026-09-29 19:40:54 [INFO ]  HTTP Request: GET https://huggingface.co/api/agent-harnesses "HTTP/1.1 200 OK"
2026-09-29 19:40:54 [INFO ]  HTTP Request: HEAD https://huggingface.co/timm/convnextv2_femto.fcmae/resolve/main/model.safetensors "HTTP/1.1 302 Found"
2026-09-29 19:40:54 [WARNI]  Warning: You are sending unauthenticated requests to the HF Hub. Please set a HF_TOKEN to enable higher rate limits and faster downloads.
2026-09-29 19:40:54 [INFO ]  HTTP Request: GET https://huggingface.co/api/models/timm/convnextv2_femto.fcmae/xet-read-token/ad8895ca0e753755810acaa2068a7ebf497e6b2a "HTTP/1.1 200 OK"
2026-09-29 19:40:55 [INFO ]  [timm/convnextv2_femto.fcmae] Safe alternative available for 'pytorch_model.bin' (as 'model.safetensors'). Loading weights using safetensors.
2026-09-29 19:40:55 [INFO ]  Removed ConvNeXt classification head
2026-09-29 19:40:55 [INFO ]  Loading ViT-Tiny: vit_tiny_patch16_224 (pretrained=True)
2026-09-29 19:40:56 [INFO ]  Loading pretrained weights from Hugging Face hub (timm/vit_tiny_patch16_224.augreg_in21k_ft_in1k)
2026-09-29 19:40:56 [INFO ]  HTTP Request: HEAD https://huggingface.co/timm/vit_tiny_patch16_224.augreg_in21k_ft_in1k/resolve/main/model.safetensors "HTTP/1.1 302 Found"
2026-09-29 19:40:56 [INFO ]  HTTP Request: GET https://huggingface.co/api/models/timm/vit_tiny_patch16_224.augreg_in21k_ft_in1k/xet-read-token/7d3afdd0cf93ad84d986eb2d6bcc5812ebd0b106 "HTTP/1.1 200 OK"
2026-09-29 19:40:56 [INFO ]  [timm/vit_tiny_patch16_224.augreg_in21k_ft_in1k] Safe alternative available for 'pytorch_model.bin' (as 'model.safetensors'). Loading weights using safetensors.
2026-09-29 19:40:56 [INFO ]  Configured 4 ViT blocks (embed_dim=192)
2026-09-29 19:40:56 [INFO ]  [Explicit CLS Handling] Detected 197 tokens in ViT pos_embed. Discarded CLS token (1 token), retained exactly 196 spatial patch tokens.
2026-09-29 19:40:56 [INFO ]  Loaded patch_pos: shape=(1, 196, 192) (grid: 14x14)
2026-09-29 19:40:56 [INFO ]  ================================================================================
2026-09-29 19:40:56 [INFO ]  BUILDING HETEROGENEOUS EXPERT POOL (CNN Stages + Transformer Blocks)
2026-09-29 19:40:56 [INFO ]  ================================================================================
2026-09-29 19:40:56 [INFO ]  
Step 1a: Wrapping ConvNeXt stages IN-PLACE...
2026-09-29 19:40:56 [INFO ]  Initialized SAGE Hierarchical Router: top_k=2, experts=8, gating=sigmoid, logit_modulation=True
2026-09-29 19:40:56 [INFO ]  Initialized SAGE Hierarchical Router: top_k=2, experts=8, gating=sigmoid, logit_modulation=True
2026-09-29 19:40:56 [INFO ]  Initialized SAGE Hierarchical Router: top_k=2, experts=8, gating=sigmoid, logit_modulation=True
2026-09-29 19:40:56 [INFO ]  Initialized SAGE Hierarchical Router: top_k=2, experts=8, gating=sigmoid, logit_modulation=True
2026-09-29 19:40:56 [INFO ]  
Step 1b: Wrapping Transformer blocks IN-PLACE...
2026-09-29 19:40:56 [INFO ]  Initialized SAGE Hierarchical Router: top_k=2, experts=8, gating=sigmoid, logit_modulation=True
2026-09-29 19:40:56 [INFO ]  Initialized SAGE Hierarchical Router: top_k=2, experts=8, gating=sigmoid, logit_modulation=True
2026-09-29 19:40:56 [INFO ]  Initialized SAGE Hierarchical Router: top_k=2, experts=8, gating=sigmoid, logit_modulation=True
2026-09-29 19:40:56 [INFO ]  Initialized SAGE Hierarchical Router: top_k=2, experts=8, gating=sigmoid, logit_modulation=True
2026-09-29 19:40:56 [INFO ]  
Step 2: Building expert pool from wrapped .main_block attributes...
2026-09-29 19:40:56 [INFO ]    - Added 4 CNN main_blocks to pool.
2026-09-29 19:40:56 [INFO ]    - Added 4 Transformer main_blocks to pool.
2026-09-29 19:40:56 [INFO ]  
[OK] Built expert pool with 8 experts, linked to all SageLayer instances.
2026-09-29 19:40:56 [INFO ]  ================================================================================
2026-09-29 19:40:56 [INFO ]  
================================================================================
2026-09-29 19:40:56 [INFO ]  PRE-POPULATING SAHUB ADAPTERS
2026-09-29 19:40:56 [INFO ]  ================================================================================
2026-09-29 19:40:56 [INFO ]     - Created a master set of 24 potential adapter layers.
2026-09-29 19:40:56 [INFO ]     - Populated 8 SAHub instances with all adapter layers.
2026-09-29 19:40:56 [INFO ]  ================================================================================
2026-09-29 19:40:57 [INFO ]  Loaded B2 with 4 ViT blocks, full SAGE-Lite injection, and p3_mode='C'
2026-09-29 19:40:57 [INFO ]  Initialized B2 model
2026-09-29 19:40:57 [INFO ]  Loading checkpoint from /content/chuyendettnt/results/checkpoints/P3_C_D4_K2_H64_Phase5_SAGELR2e-4_best_model_b2_stage1.pth (resume/continue mechanism)...
2026-09-29 19:40:57 [INFO ]  P3 Refinement gamma preserved from checkpoint: S0=0.0106, S1=0.0139
2026-09-29 19:40:57 [INFO ]  Loading Stage 1 checkpoint for --stage2-only: /content/chuyendettnt/results/checkpoints/P3_C_D4_K2_H64_Phase5_SAGELR2e-4_best_model_b2_stage1.pth
2026-09-29 19:40:57 [INFO ]  Using explicitly provided --stage1-epochs-used: 17
2026-09-29 19:40:57 [INFO ]  Stage 2 starting from Stage 1: Global Best Dice=0.7333, Global Best Loss=1.2683, Stage 1 Epochs Used=17
2026-09-29 19:40:57 [INFO ]  Stage 2 learned gamma confirmed: S0=0.0106, S1=0.0139
2026-09-29 19:40:57 [INFO ]  
========================================
STARTING STAGE 2
========================================
2026-09-29 19:40:57 [INFO ]  Stage 2: Updated shared expert indices to [0, 1, 2, 3]
2026-09-29 19:40:57 [INFO ]  Stage 2 Optimizer: shared_lr=1.00e-04, base_lr=1.00e-04, sage_lr=2.00e-04, p3_lr=1.00e-04
2026-09-29 19:40:57 [INFO ]  Restoring Stage 1 RNG and Scaler state from: /content/chuyendettnt/results/checkpoints/P3_C_D4_K2_H64_Phase5_SAGELR2e-4_last_model_b2_stage1_rng.pth
2026-09-29 19:40:57 [INFO ]  Restored AMP scaler state_dict from checkpoint.
2026-09-29 19:40:57 [INFO ]  Restored torch CPU RNG state.
2026-09-29 19:40:57 [INFO ]  Restored torch CUDA RNG state.
2026-09-29 19:40:57 [INFO ]  Restored NumPy RNG state.
2026-09-29 19:40:57 [INFO ]  Restored Python RNG state.
2026-09-29 19:40:57 [INFO ]  Restored DataLoader generator state from checkpoint.
2026-09-29 19:40:57 [INFO ]  Stage 2 optimizer and scheduler maintained strictly fresh (no state restored from RNG checkpoint).
2026-09-29 19:40:57 [INFO ]  Stage 2 starting fresh from Stage 1: best_stage_dice=0.0000, epochs_no_improve=0/6 (Global baseline Dice=0.7333)
2026-09-29 19:49:03 [INFO ]  Epoch 1/18 - Train Loss: 1.3017 (LB: 0.0806), Train Dice: 0.6949 | Val Loss: 1.2713, Val Dice: 0.7258 | LR: Shared=3.40e-05, Base=3.40e-05, SAGE=6.73e-05, P3=3.40e-05 (gamma: S0=0.0106, S1=0.0139) (gamma: S0=0.0106, S1=0.0139)
2026-09-29 19:49:03 [INFO ]  New best Stage 2 model saved with Val Dice: 0.7258 and Val Loss: 1.2713
2026-09-29 19:52:08 [INFO ]  Epoch 2/18 - Train Loss: 1.3008 (LB: 0.0805), Train Dice: 0.6832 | Val Loss: 1.2710, Val Dice: 0.7140 | LR: Shared=6.70e-05, Base=6.70e-05, SAGE=1.34e-04, P3=6.70e-05 (gamma: S0=0.0108, S1=0.0147) (gamma: S0=0.0108, S1=0.0147)
2026-09-29 19:55:00 [INFO ]  Epoch 3/18 - Train Loss: 1.2823 (LB: 0.0805), Train Dice: 0.6713 | Val Loss: 1.3873, Val Dice: 0.7321 | LR: Shared=9.34e-05, Base=9.34e-05, SAGE=1.87e-04, P3=9.34e-05 (gamma: S0=0.0118, S1=0.0152) (gamma: S0=0.0118, S1=0.0152)
2026-09-29 19:55:00 [INFO ]  New best Stage 2 model saved with Val Dice: 0.7321 and Val Loss: 1.3873
2026-09-29 19:57:54 [INFO ]  Epoch 4/18 - Train Loss: 1.2466 (LB: 0.0804), Train Dice: 0.6768 | Val Loss: 1.2182, Val Dice: 0.7056 | LR: Shared=8.84e-05, Base=8.84e-05, SAGE=1.77e-04, P3=8.84e-05 (gamma: S0=0.0127, S1=0.0157) (gamma: S0=0.0127, S1=0.0157)
2026-09-29 20:00:47 [INFO ]  Epoch 5/18 - Train Loss: 1.1950 (LB: 0.0803), Train Dice: 0.6893 | Val Loss: 1.1299, Val Dice: 0.7204 | LR: Shared=8.23e-05, Base=8.23e-05, SAGE=1.64e-04, P3=8.23e-05 (gamma: S0=0.0131, S1=0.0162) (gamma: S0=0.0131, S1=0.0162)
2026-09-29 20:03:39 [INFO ]  Epoch 6/18 - Train Loss: 1.1546 (LB: 0.0803), Train Dice: 0.6922 | Val Loss: 1.0896, Val Dice: 0.7172 | LR: Shared=7.52e-05, Base=7.52e-05, SAGE=1.50e-04, P3=7.52e-05 (gamma: S0=0.0118, S1=0.0165) (gamma: S0=0.0118, S1=0.0165)
2026-09-29 20:06:18 [INFO ]  Epoch 7/18 - Train Loss: 1.1115 (LB: 0.0803), Train Dice: 0.7019 | Val Loss: 1.1066, Val Dice: 0.7356 | LR: Shared=6.74e-05, Base=6.74e-05, SAGE=1.35e-04, P3=6.74e-05 (gamma: S0=0.0124, S1=0.0172) (gamma: S0=0.0124, S1=0.0172)
2026-09-29 20:06:18 [INFO ]  New best Stage 2 model saved with Val Dice: 0.7356 and Val Loss: 1.1066
2026-09-29 20:06:18 [INFO ]  *** New GLOBAL best model saved (Dice: 0.7356) ***
2026-09-29 20:09:03 [INFO ]  Epoch 8/18 - Train Loss: 1.0803 (LB: 0.0802), Train Dice: 0.7033 | Val Loss: 1.0326, Val Dice: 0.7591 | LR: Shared=5.91e-05, Base=5.91e-05, SAGE=1.18e-04, P3=5.91e-05 (gamma: S0=0.0129, S1=0.0170) (gamma: S0=0.0129, S1=0.0170)
2026-09-29 20:09:03 [INFO ]  New best Stage 2 model saved with Val Dice: 0.7591 and Val Loss: 1.0326
2026-09-29 20:09:04 [INFO ]  *** New GLOBAL best model saved (Dice: 0.7591) ***
2026-09-29 20:11:48 [INFO ]  Epoch 9/18 - Train Loss: 1.0541 (LB: 0.0802), Train Dice: 0.7037 | Val Loss: 1.0241, Val Dice: 0.7450 | LR: Shared=5.05e-05, Base=5.05e-05, SAGE=1.01e-04, P3=5.05e-05 (gamma: S0=0.0136, S1=0.0171) (gamma: S0=0.0136, S1=0.0171)
2026-09-29 20:14:30 [INFO ]  Epoch 10/18 - Train Loss: 1.0247 (LB: 0.0802), Train Dice: 0.7134 | Val Loss: 0.9920, Val Dice: 0.7434 | LR: Shared=4.19e-05, Base=4.19e-05, SAGE=8.32e-05, P3=4.19e-05 (gamma: S0=0.0139, S1=0.0168) (gamma: S0=0.0139, S1=0.0168)
2026-09-29 20:17:13 [INFO ]  Epoch 11/18 - Train Loss: 0.9997 (LB: 0.0802), Train Dice: 0.7213 | Val Loss: 0.9883, Val Dice: 0.7403 | LR: Shared=3.36e-05, Base=3.36e-05, SAGE=6.65e-05, P3=3.36e-05 (gamma: S0=0.0133, S1=0.0170) (gamma: S0=0.0133, S1=0.0170)
2026-09-29 20:19:49 [INFO ]  Epoch 12/18 - Train Loss: 0.9820 (LB: 0.0802), Train Dice: 0.7256 | Val Loss: 0.9612, Val Dice: 0.7424 | LR: Shared=2.58e-05, Base=2.58e-05, SAGE=5.08e-05, P3=2.58e-05 (gamma: S0=0.0129, S1=0.0170) (gamma: S0=0.0129, S1=0.0170)
2026-09-29 20:22:27 [INFO ]  Epoch 13/18 - Train Loss: 0.9684 (LB: 0.0802), Train Dice: 0.7245 | Val Loss: 0.9884, Val Dice: 0.7491 | LR: Shared=1.87e-05, Base=1.87e-05, SAGE=3.65e-05, P3=1.87e-05 (gamma: S0=0.0130, S1=0.0171) (gamma: S0=0.0130, S1=0.0171)
2026-09-29 20:25:09 [INFO ]  Epoch 14/18 - Train Loss: 0.9576 (LB: 0.0802), Train Dice: 0.7260 | Val Loss: 0.9550, Val Dice: 0.7632 | LR: Shared=1.26e-05, Base=1.26e-05, SAGE=2.43e-05, P3=1.26e-05 (gamma: S0=0.0129, S1=0.0172) (gamma: S0=0.0129, S1=0.0172)
2026-09-29 20:25:09 [INFO ]  New best Stage 2 model saved with Val Dice: 0.7632 and Val Loss: 0.9550
2026-09-29 20:25:09 [INFO ]  *** New GLOBAL best model saved (Dice: 0.7632) ***
2026-09-29 20:27:52 [INFO ]  Epoch 15/18 - Train Loss: 0.9441 (LB: 0.0802), Train Dice: 0.7326 | Val Loss: 0.9582, Val Dice: 0.7560 | LR: Shared=7.63e-06, Base=7.63e-06, SAGE=1.43e-05, P3=7.63e-06 (gamma: S0=0.0130, S1=0.0173) (gamma: S0=0.0130, S1=0.0173)
2026-09-29 20:30:32 [INFO ]  Epoch 16/18 - Train Loss: 0.9416 (LB: 0.0802), Train Dice: 0.7319 | Val Loss: 0.9526, Val Dice: 0.7644 | LR: Shared=3.99e-06, Base=3.99e-06, SAGE=7.00e-06, P3=3.99e-06 (gamma: S0=0.0131, S1=0.0174) (gamma: S0=0.0131, S1=0.0174)
2026-09-29 20:30:32 [INFO ]  New best Stage 2 model saved with Val Dice: 0.7644 and Val Loss: 0.9526
2026-09-29 20:30:32 [INFO ]  *** New GLOBAL best model saved (Dice: 0.7644) ***
2026-09-29 20:33:16 [INFO ]  Epoch 17/18 - Train Loss: 0.9359 (LB: 0.0802), Train Dice: 0.7371 | Val Loss: 0.9631, Val Dice: 0.7590 | LR: Shared=1.75e-06, Base=1.75e-06, SAGE=2.51e-06, P3=1.75e-06 (gamma: S0=0.0132, S1=0.0173) (gamma: S0=0.0132, S1=0.0173)
2026-09-29 20:35:55 [INFO ]  Epoch 18/18 - Train Loss: 0.9358 (LB: 0.0802), Train Dice: 0.7357 | Val Loss: 0.9412, Val Dice: 0.7599 | LR: Shared=1.00e-06, Base=1.00e-06, SAGE=1.00e-06, P3=1.00e-06 (gamma: S0=0.0132, S1=0.0173) (gamma: S0=0.0132, S1=0.0173)
2026-09-29 20:35:55 [INFO ]  Stage 2 finished. Total epochs used so far: 35/35
