2026-09-27 13:38:32 [INFO ]  Logging initialized. Log file: /content/P3_C_Canonical_Base_D4_Extension/train.log
2026-09-27 13:38:32 [INFO ]  Loaded config from configs/p3_ablation/b2_p3_run_c_d4.yaml
2026-09-27 13:38:32 [INFO ]  Using device: cuda
[ConfigurableDataset] Loaded TRAIN: 1896 samples from /content/dataset/Crack500/train/images
2026-09-27 13:38:32 [INFO ]  Evaluation protocol for validation: setting_a
2026-09-27 13:38:32 [INFO ]  Loading ConvNeXt-V2: convnextv2_femto.fcmae (pretrained=True)
2026-09-27 13:38:32 [INFO ]  Loading pretrained weights from Hugging Face hub (timm/convnextv2_femto.fcmae)
2026-09-27 13:38:32 [INFO ]  HTTP Request: GET https://huggingface.co/api/agent-harnesses "HTTP/1.1 200 OK"
2026-09-27 13:38:32 [INFO ]  HTTP Request: HEAD https://huggingface.co/timm/convnextv2_femto.fcmae/resolve/main/model.safetensors "HTTP/1.1 302 Found"
Warning: You are sending unauthenticated requests to the HF Hub. Please set a HF_TOKEN to enable higher rate limits and faster downloads.
2026-09-27 13:38:32 [WARNI]  Warning: You are sending unauthenticated requests to the HF Hub. Please set a HF_TOKEN to enable higher rate limits and faster downloads.
2026-09-27 13:38:32 [INFO ]  HTTP Request: GET https://huggingface.co/api/models/timm/convnextv2_femto.fcmae/xet-read-token/ad8895ca0e753755810acaa2068a7ebf497e6b2a "HTTP/1.1 200 OK"
2026-09-27 13:38:33 [INFO ]  [timm/convnextv2_femto.fcmae] Safe alternative available for 'pytorch_model.bin' (as 'model.safetensors'). Loading weights using safetensors.
2026-09-27 13:38:34 [INFO ]  Removed ConvNeXt classification head
2026-09-27 13:38:34 [INFO ]  Loading ViT-Tiny: vit_tiny_patch16_224 (pretrained=True)
2026-09-27 13:38:34 [INFO ]  Loading pretrained weights from Hugging Face hub (timm/vit_tiny_patch16_224.augreg_in21k_ft_in1k)
2026-09-27 13:38:34 [INFO ]  HTTP Request: HEAD https://huggingface.co/timm/vit_tiny_patch16_224.augreg_in21k_ft_in1k/resolve/main/model.safetensors "HTTP/1.1 302 Found"
2026-09-27 13:38:34 [INFO ]  HTTP Request: GET https://huggingface.co/api/models/timm/vit_tiny_patch16_224.augreg_in21k_ft_in1k/xet-read-token/7d3afdd0cf93ad84d986eb2d6bcc5812ebd0b106 "HTTP/1.1 200 OK"
2026-09-27 13:38:35 [INFO ]  [timm/vit_tiny_patch16_224.augreg_in21k_ft_in1k] Safe alternative available for 'pytorch_model.bin' (as 'model.safetensors'). Loading weights using safetensors.
2026-09-27 13:38:35 [INFO ]  Configured 4 ViT blocks (embed_dim=192)
2026-09-27 13:38:35 [INFO ]  [Explicit CLS Handling] Detected 197 tokens in ViT pos_embed. Discarded CLS token (1 token), retained exactly 196 spatial patch tokens.
2026-09-27 13:38:35 [INFO ]  Loaded patch_pos: shape=(1, 196, 192) (grid: 14x14)
2026-09-27 13:38:35 [INFO ]  ================================================================================
2026-09-27 13:38:35 [INFO ]  BUILDING HETEROGENEOUS EXPERT POOL (CNN Stages + Transformer Blocks)
2026-09-27 13:38:35 [INFO ]  ================================================================================
2026-09-27 13:38:35 [INFO ]  
Step 1a: Wrapping ConvNeXt stages IN-PLACE...
2026-09-27 13:38:35 [INFO ]  Initialized SAGE Hierarchical Router: top_k=4, experts=8, gating=sigmoid, logit_modulation=True
2026-09-27 13:38:35 [INFO ]  Initialized SAGE Hierarchical Router: top_k=4, experts=8, gating=sigmoid, logit_modulation=True
2026-09-27 13:38:35 [INFO ]  Initialized SAGE Hierarchical Router: top_k=4, experts=8, gating=sigmoid, logit_modulation=True
2026-09-27 13:38:35 [INFO ]  Initialized SAGE Hierarchical Router: top_k=4, experts=8, gating=sigmoid, logit_modulation=True
2026-09-27 13:38:35 [INFO ]  
Step 1b: Wrapping Transformer blocks IN-PLACE...
2026-09-27 13:38:35 [INFO ]  Initialized SAGE Hierarchical Router: top_k=4, experts=8, gating=sigmoid, logit_modulation=True
2026-09-27 13:38:35 [INFO ]  Initialized SAGE Hierarchical Router: top_k=4, experts=8, gating=sigmoid, logit_modulation=True
2026-09-27 13:38:35 [INFO ]  Initialized SAGE Hierarchical Router: top_k=4, experts=8, gating=sigmoid, logit_modulation=True
2026-09-27 13:38:35 [INFO ]  Initialized SAGE Hierarchical Router: top_k=4, experts=8, gating=sigmoid, logit_modulation=True
2026-09-27 13:38:35 [INFO ]  
Step 2: Building expert pool from wrapped .main_block attributes...
2026-09-27 13:38:35 [INFO ]    - Added 4 CNN main_blocks to pool.
2026-09-27 13:38:35 [INFO ]    - Added 4 Transformer main_blocks to pool.
2026-09-27 13:38:35 [INFO ]  
[OK] Built expert pool with 8 experts, linked to all SageLayer instances.
2026-09-27 13:38:35 [INFO ]  ================================================================================
2026-09-27 13:38:35 [INFO ]  
================================================================================
2026-09-27 13:38:35 [INFO ]  PRE-POPULATING SAHUB ADAPTERS
2026-09-27 13:38:35 [INFO ]  ================================================================================
2026-09-27 13:38:35 [INFO ]     - Created a master set of 24 potential adapter layers.
2026-09-27 13:38:35 [INFO ]     - Populated 8 SAHub instances with all adapter layers.
2026-09-27 13:38:35 [INFO ]  ================================================================================
2026-09-27 13:38:36 [INFO ]  Loaded B2 with 4 ViT blocks, full SAGE-Lite injection, and p3_mode='C'
2026-09-27 13:38:36 [INFO ]  Initialized B2 model
2026-09-27 13:38:36 [INFO ]  Loading checkpoint from /content/chuyendettnt/results/checkpoints/P3_C_D4_best_model_b2_global.pth (resume/continue mechanism)...
2026-09-27 13:38:36 [INFO ]  P3 Refinement gamma preserved from checkpoint: S0=0.0161, S1=0.0203
2026-09-27 13:38:36 [INFO ]  Loading Stage 2 checkpoint for continuation: /content/chuyendettnt/results/checkpoints/P3_C_D4_best_model_b2_global.pth
2026-09-27 13:38:36 [INFO ]  Stage 2 Extension baseline initialized: Best Val Dice=0.7639, Best Val Loss=0.9533 (source: /content/chuyendettnt/results/checkpoints/P3_C_D4_best_model_b2_global.pth)
2026-09-27 13:38:36 [INFO ]  Stage 2 Extension learned gamma confirmed: S0=0.0161, S1=0.0203
2026-09-27 13:38:36 [INFO ]  
========================================
STARTING STAGE 2
========================================
2026-09-27 13:38:36 [INFO ]  Stage 2: Updated shared expert indices to [0, 1, 2, 3]
2026-09-27 13:38:36 [INFO ]  Stage 2 Low-LR Extension: keeping constant LR floor=1.00e-06 across all groups
2026-09-27 13:38:36 [INFO ]  Stage 2 Optimizer: shared_lr=1.00e-06, base_lr=1.00e-06, p3_lr=1.00e-06
2026-09-27 13:38:36 [INFO ]  Stage 2 Scheduler: Constant LR 1.00e-06 (warmup_epochs=0, no decay)
2026-09-27 13:38:36 [INFO ]  Stage 2 Extension starting with baseline Dice=0.7639, Loss=0.9533, initial epochs_no_improve=0/6
2026-09-27 13:50:11 [INFO ]  Epoch 1/35 - Train Loss: 0.9466 (LB: 0.0804), Train Dice: 0.7318 | Val Loss: 0.9401, Val Dice: 0.7599 | LR: Shared=1.00e-06, Others=1.00e-06, P3=1.00e-06 (gamma: S0=0.0162, S1=0.0203)
2026-09-27 13:54:07 [INFO ]  Epoch 2/35 - Train Loss: 0.9483 (LB: 0.0804), Train Dice: 0.7304 | Val Loss: 0.9278, Val Dice: 0.7626 | LR: Shared=1.00e-06, Others=1.00e-06, P3=1.00e-06 (gamma: S0=0.0161, S1=0.0203)
2026-09-27 13:57:56 [INFO ]  Epoch 3/35 - Train Loss: 0.9498 (LB: 0.0804), Train Dice: 0.7312 | Val Loss: 0.9491, Val Dice: 0.7613 | LR: Shared=1.00e-06, Others=1.00e-06, P3=1.00e-06 (gamma: S0=0.0161, S1=0.0203)
2026-09-27 14:01:35 [INFO ]  Epoch 4/35 - Train Loss: 0.9391 (LB: 0.0804), Train Dice: 0.7316 | Val Loss: 0.9477, Val Dice: 0.7608 | LR: Shared=1.00e-06, Others=1.00e-06, P3=1.00e-06 (gamma: S0=0.0161, S1=0.0203)
2026-09-27 14:05:11 [INFO ]  Epoch 5/35 - Train Loss: 0.9458 (LB: 0.0804), Train Dice: 0.7309 | Val Loss: 0.9425, Val Dice: 0.7634 | LR: Shared=1.00e-06, Others=1.00e-06, P3=1.00e-06 (gamma: S0=0.0161, S1=0.0203)
2026-09-27 14:08:48 [INFO ]  Epoch 6/35 - Train Loss: 0.9401 (LB: 0.0804), Train Dice: 0.7300 | Val Loss: 0.9369, Val Dice: 0.7629 | LR: Shared=1.00e-06, Others=1.00e-06, P3=1.00e-06 (gamma: S0=0.0162, S1=0.0203)
2026-09-27 14:08:49 [INFO ]  EarlyStopping triggered at epoch 6 (Patience: 6)
2026-09-27 14:08:49 [INFO ]  Stage 2 finished. Total epochs used so far: 6/35
