2026-09-30 04:15:37 [INFO ]  Logging initialized. Log file: /content/drive/MyDrive/crack_seg/P3_C_Canonical_Base_D4_K2_H64_Phase5_3_R050/train.log
2026-09-30 04:15:37 [INFO ]  Loaded config from configs/p3_ablation/b2_p3_run_c_d4_k2_h64_phase5_3_r050.yaml
2026-09-30 04:15:37 [INFO ]  Using device: cuda
2026-09-30 04:15:37 [INFO ]  Evaluation protocol for validation: setting_a
2026-09-30 04:15:37 [INFO ]  Loading ConvNeXt-V2: convnextv2_femto.fcmae (pretrained=True)
2026-09-30 04:15:37 [INFO ]  Loading pretrained weights from Hugging Face hub (timm/convnextv2_femto.fcmae)
2026-09-30 04:15:37 [INFO ]  HTTP Request: GET https://huggingface.co/api/agent-harnesses "HTTP/1.1 200 OK"
2026-09-30 04:15:37 [INFO ]  HTTP Request: HEAD https://huggingface.co/timm/convnextv2_femto.fcmae/resolve/main/model.safetensors "HTTP/1.1 302 Found"
2026-09-30 04:15:37 [WARNI]  Warning: You are sending unauthenticated requests to the HF Hub. Please set a HF_TOKEN to enable higher rate limits and faster downloads.
2026-09-30 04:15:37 [INFO ]  HTTP Request: GET https://huggingface.co/api/models/timm/convnextv2_femto.fcmae/xet-read-token/ad8895ca0e753755810acaa2068a7ebf497e6b2a "HTTP/1.1 200 OK"
2026-09-30 04:15:38 [INFO ]  [timm/convnextv2_femto.fcmae] Safe alternative available for 'pytorch_model.bin' (as 'model.safetensors'). Loading weights using safetensors.
2026-09-30 04:15:39 [INFO ]  Removed ConvNeXt classification head
2026-09-30 04:15:39 [INFO ]  Loading ViT-Tiny: vit_tiny_patch16_224 (pretrained=True)
2026-09-30 04:15:39 [INFO ]  Loading pretrained weights from Hugging Face hub (timm/vit_tiny_patch16_224.augreg_in21k_ft_in1k)
2026-09-30 04:15:39 [INFO ]  HTTP Request: HEAD https://huggingface.co/timm/vit_tiny_patch16_224.augreg_in21k_ft_in1k/resolve/main/model.safetensors "HTTP/1.1 302 Found"
2026-09-30 04:15:39 [INFO ]  HTTP Request: GET https://huggingface.co/api/models/timm/vit_tiny_patch16_224.augreg_in21k_ft_in1k/xet-read-token/7d3afdd0cf93ad84d986eb2d6bcc5812ebd0b106 "HTTP/1.1 200 OK"
2026-09-30 04:15:39 [INFO ]  [timm/vit_tiny_patch16_224.augreg_in21k_ft_in1k] Safe alternative available for 'pytorch_model.bin' (as 'model.safetensors'). Loading weights using safetensors.
2026-09-30 04:15:40 [INFO ]  Configured 4 ViT blocks (embed_dim=192)
2026-09-30 04:15:40 [INFO ]  [Explicit CLS Handling] Detected 197 tokens in ViT pos_embed. Discarded CLS token (1 token), retained exactly 196 spatial patch tokens.
2026-09-30 04:15:40 [INFO ]  Loaded patch_pos: shape=(1, 196, 192) (grid: 14x14)
2026-09-30 04:15:40 [INFO ]  ================================================================================
2026-09-30 04:15:40 [INFO ]  BUILDING HETEROGENEOUS EXPERT POOL (CNN Stages + Transformer Blocks)
2026-09-30 04:15:40 [INFO ]  ================================================================================
2026-09-30 04:15:40 [INFO ]  
Step 1a: Wrapping ConvNeXt stages IN-PLACE...
2026-09-30 04:15:40 [INFO ]  Initialized SAGE Hierarchical Router: top_k=2, experts=8, gating=sigmoid, logit_modulation=True
2026-09-30 04:15:40 [INFO ]  Initialized SAGE Hierarchical Router: top_k=2, experts=8, gating=sigmoid, logit_modulation=True
2026-09-30 04:15:40 [INFO ]  Initialized SAGE Hierarchical Router: top_k=2, experts=8, gating=sigmoid, logit_modulation=True
2026-09-30 04:15:40 [INFO ]  Initialized SAGE Hierarchical Router: top_k=2, experts=8, gating=sigmoid, logit_modulation=True
2026-09-30 04:15:40 [INFO ]  
Step 1b: Wrapping Transformer blocks IN-PLACE...
2026-09-30 04:15:40 [INFO ]  Initialized SAGE Hierarchical Router: top_k=2, experts=8, gating=sigmoid, logit_modulation=True
2026-09-30 04:15:40 [INFO ]  Initialized SAGE Hierarchical Router: top_k=2, experts=8, gating=sigmoid, logit_modulation=True
2026-09-30 04:15:40 [INFO ]  Initialized SAGE Hierarchical Router: top_k=2, experts=8, gating=sigmoid, logit_modulation=True
2026-09-30 04:15:40 [INFO ]  Initialized SAGE Hierarchical Router: top_k=2, experts=8, gating=sigmoid, logit_modulation=True
2026-09-30 04:15:40 [INFO ]  
Step 2: Building expert pool from wrapped .main_block attributes...
2026-09-30 04:15:40 [INFO ]    - Added 4 CNN main_blocks to pool.
2026-09-30 04:15:40 [INFO ]    - Added 4 Transformer main_blocks to pool.
2026-09-30 04:15:40 [INFO ]  
[OK] Built expert pool with 8 experts, linked to all SageLayer instances.
2026-09-30 04:15:40 [INFO ]  ================================================================================
2026-09-30 04:15:40 [INFO ]  
================================================================================
2026-09-30 04:15:40 [INFO ]  PRE-POPULATING SAHUB ADAPTERS
2026-09-30 04:15:40 [INFO ]  ================================================================================
2026-09-30 04:15:40 [INFO ]     - Created a master set of 24 potential adapter layers.
2026-09-30 04:15:40 [INFO ]     - Populated 8 SAHub instances with all adapter layers.
2026-09-30 04:15:40 [INFO ]  ================================================================================
2026-09-30 04:15:40 [INFO ]  Loaded B2 with 4 ViT blocks, full SAGE-Lite injection, and p3_mode='C'
2026-09-30 04:15:40 [INFO ]  Initialized B2 model
2026-09-30 04:15:40 [INFO ]  Loading checkpoint from /content/checkpoints/best_model_b2_stage1.pth (resume/continue mechanism)...
2026-09-30 04:15:40 [INFO ]  P3 Refinement gamma preserved from checkpoint: S0=0.0106, S1=0.0139
2026-09-30 04:15:40 [INFO ]  Loading Stage 1 checkpoint for --stage2-only: /content/checkpoints/best_model_b2_stage1.pth
2026-09-30 04:15:40 [INFO ]  No stage1 completion file found; using Stage 1 checkpoint epoch: 13
2026-09-30 04:15:40 [INFO ]  Stage 2 starting from Stage 1: Global Best Dice=0.7333, Global Best Loss=1.2683, Stage 1 Epochs Used=13
2026-09-30 04:15:40 [INFO ]  Stage 2 learned gamma confirmed: S0=0.0106, S1=0.0139
2026-09-30 04:15:40 [INFO ]  
========================================
STARTING STAGE 2
========================================
2026-09-30 04:15:40 [INFO ]  Stage 2: Updated shared expert indices to [0, 1, 2, 3]
2026-09-30 04:15:40 [INFO ]  Stage 2 Optimizer: shared_lr=5.00e-05, base_lr=1.00e-04, sage_lr=1.00e-04, p3_lr=1.00e-04
2026-09-30 04:15:40 [INFO ]  Restoring Stage 1 RNG and Scaler state from: /content/checkpoints/last_model_b2_stage1_rng.pth
2026-09-30 04:15:40 [INFO ]  Restored AMP scaler state_dict from checkpoint.
2026-09-30 04:15:40 [INFO ]  Restored torch CPU RNG state.
2026-09-30 04:15:40 [INFO ]  Restored torch CUDA RNG state.
2026-09-30 04:15:40 [INFO ]  Restored NumPy RNG state.
2026-09-30 04:15:40 [INFO ]  Restored Python RNG state.
2026-09-30 04:15:40 [INFO ]  Restored DataLoader generator state from checkpoint.
2026-09-30 04:15:40 [INFO ]  Stage 2 optimizer and scheduler maintained strictly fresh (no state restored from RNG checkpoint).
2026-09-30 04:15:40 [INFO ]  Stage 2 starting fresh from Stage 1: best_stage_dice=0.0000, epochs_no_improve=0/6 (Global baseline Dice=0.7333)
2026-09-30 04:24:58 [INFO ]  Logging initialized. Log file: /content/drive/MyDrive/crack_seg/P3_C_Canonical_Base_D4_K2_H64_Phase5_3_R050/train.log
2026-09-30 04:24:58 [INFO ]  Loaded config from configs/p3_ablation/b2_p3_run_c_d4_k2_h64_phase5_3_r050.yaml
2026-09-30 04:24:58 [INFO ]  Using device: cuda
2026-09-30 04:24:58 [INFO ]  Evaluation protocol for validation: setting_a
2026-09-30 04:24:58 [INFO ]  Loading ConvNeXt-V2: convnextv2_femto.fcmae (pretrained=True)
2026-09-30 04:24:58 [INFO ]  Loading pretrained weights from Hugging Face hub (timm/convnextv2_femto.fcmae)
2026-09-30 04:24:58 [INFO ]  HTTP Request: HEAD https://huggingface.co/timm/convnextv2_femto.fcmae/resolve/main/model.safetensors "HTTP/1.1 302 Found"
2026-09-30 04:24:58 [INFO ]  [timm/convnextv2_femto.fcmae] Safe alternative available for 'pytorch_model.bin' (as 'model.safetensors'). Loading weights using safetensors.
2026-09-30 04:24:58 [INFO ]  Removed ConvNeXt classification head
2026-09-30 04:24:58 [INFO ]  Loading ViT-Tiny: vit_tiny_patch16_224 (pretrained=True)
2026-09-30 04:24:58 [INFO ]  Loading pretrained weights from Hugging Face hub (timm/vit_tiny_patch16_224.augreg_in21k_ft_in1k)
2026-09-30 04:24:58 [INFO ]  HTTP Request: HEAD https://huggingface.co/timm/vit_tiny_patch16_224.augreg_in21k_ft_in1k/resolve/main/model.safetensors "HTTP/1.1 302 Found"
2026-09-30 04:24:58 [WARNI]  Warning: You are sending unauthenticated requests to the HF Hub. Please set a HF_TOKEN to enable higher rate limits and faster downloads.
2026-09-30 04:24:58 [INFO ]  [timm/vit_tiny_patch16_224.augreg_in21k_ft_in1k] Safe alternative available for 'pytorch_model.bin' (as 'model.safetensors'). Loading weights using safetensors.
2026-09-30 04:24:58 [INFO ]  Configured 4 ViT blocks (embed_dim=192)
2026-09-30 04:24:58 [INFO ]  [Explicit CLS Handling] Detected 197 tokens in ViT pos_embed. Discarded CLS token (1 token), retained exactly 196 spatial patch tokens.
2026-09-30 04:24:58 [INFO ]  Loaded patch_pos: shape=(1, 196, 192) (grid: 14x14)
2026-09-30 04:24:58 [INFO ]  ================================================================================
2026-09-30 04:24:58 [INFO ]  BUILDING HETEROGENEOUS EXPERT POOL (CNN Stages + Transformer Blocks)
2026-09-30 04:24:58 [INFO ]  ================================================================================
2026-09-30 04:24:58 [INFO ]  
Step 1a: Wrapping ConvNeXt stages IN-PLACE...
2026-09-30 04:24:58 [INFO ]  Initialized SAGE Hierarchical Router: top_k=2, experts=8, gating=sigmoid, logit_modulation=True
2026-09-30 04:24:58 [INFO ]  Initialized SAGE Hierarchical Router: top_k=2, experts=8, gating=sigmoid, logit_modulation=True
2026-09-30 04:24:58 [INFO ]  Initialized SAGE Hierarchical Router: top_k=2, experts=8, gating=sigmoid, logit_modulation=True
2026-09-30 04:24:58 [INFO ]  Initialized SAGE Hierarchical Router: top_k=2, experts=8, gating=sigmoid, logit_modulation=True
2026-09-30 04:24:58 [INFO ]  
Step 1b: Wrapping Transformer blocks IN-PLACE...
2026-09-30 04:24:58 [INFO ]  Initialized SAGE Hierarchical Router: top_k=2, experts=8, gating=sigmoid, logit_modulation=True
2026-09-30 04:24:58 [INFO ]  Initialized SAGE Hierarchical Router: top_k=2, experts=8, gating=sigmoid, logit_modulation=True
2026-09-30 04:24:58 [INFO ]  Initialized SAGE Hierarchical Router: top_k=2, experts=8, gating=sigmoid, logit_modulation=True
2026-09-30 04:24:58 [INFO ]  Initialized SAGE Hierarchical Router: top_k=2, experts=8, gating=sigmoid, logit_modulation=True
2026-09-30 04:24:58 [INFO ]  
Step 2: Building expert pool from wrapped .main_block attributes...
2026-09-30 04:24:58 [INFO ]    - Added 4 CNN main_blocks to pool.
2026-09-30 04:24:58 [INFO ]    - Added 4 Transformer main_blocks to pool.
2026-09-30 04:24:58 [INFO ]  
[OK] Built expert pool with 8 experts, linked to all SageLayer instances.
2026-09-30 04:24:58 [INFO ]  ================================================================================
2026-09-30 04:24:58 [INFO ]  
================================================================================
2026-09-30 04:24:58 [INFO ]  PRE-POPULATING SAHUB ADAPTERS
2026-09-30 04:24:58 [INFO ]  ================================================================================
2026-09-30 04:24:58 [INFO ]     - Created a master set of 24 potential adapter layers.
2026-09-30 04:24:58 [INFO ]     - Populated 8 SAHub instances with all adapter layers.
2026-09-30 04:24:58 [INFO ]  ================================================================================
2026-09-30 04:24:59 [INFO ]  Loaded B2 with 4 ViT blocks, full SAGE-Lite injection, and p3_mode='C'
2026-09-30 04:24:59 [INFO ]  Initialized B2 model
2026-09-30 04:24:59 [INFO ]  Loading checkpoint from /content/checkpoints/best_model_b2_stage1.pth (resume/continue mechanism)...
2026-09-30 04:24:59 [INFO ]  P3 Refinement gamma preserved from checkpoint: S0=0.0106, S1=0.0139
2026-09-30 04:24:59 [INFO ]  Loading Stage 1 checkpoint for --stage2-only: /content/checkpoints/best_model_b2_stage1.pth
2026-09-30 04:24:59 [INFO ]  Using explicitly provided --stage1-epochs-used: 17
2026-09-30 04:24:59 [INFO ]  Stage 2 starting from Stage 1: Global Best Dice=0.7333, Global Best Loss=1.2683, Stage 1 Epochs Used=17
2026-09-30 04:24:59 [INFO ]  Stage 2 learned gamma confirmed: S0=0.0106, S1=0.0139
2026-09-30 04:24:59 [INFO ]  
========================================
STARTING STAGE 2
========================================
2026-09-30 04:24:59 [INFO ]  Stage 2: Updated shared expert indices to [0, 1, 2, 3]
2026-09-30 04:24:59 [INFO ]  Stage 2 Optimizer: shared_lr=5.00e-05, base_lr=1.00e-04, sage_lr=1.00e-04, p3_lr=1.00e-04
2026-09-30 04:24:59 [INFO ]  Restoring Stage 1 RNG and Scaler state from: /content/checkpoints/last_model_b2_stage1_rng.pth
2026-09-30 04:24:59 [INFO ]  Restored AMP scaler state_dict from checkpoint.
2026-09-30 04:24:59 [INFO ]  Restored torch CPU RNG state.
2026-09-30 04:24:59 [INFO ]  Restored torch CUDA RNG state.
2026-09-30 04:24:59 [INFO ]  Restored NumPy RNG state.
2026-09-30 04:24:59 [INFO ]  Restored Python RNG state.
2026-09-30 04:24:59 [INFO ]  Restored DataLoader generator state from checkpoint.
2026-09-30 04:24:59 [INFO ]  Stage 2 optimizer and scheduler maintained strictly fresh (no state restored from RNG checkpoint).
2026-09-30 04:24:59 [INFO ]  Stage 2 starting fresh from Stage 1: best_stage_dice=0.0000, epochs_no_improve=0/6 (Global baseline Dice=0.7333)
2026-09-30 04:33:36 [INFO ]  Epoch 1/18 - Train Loss: 1.3014 (LB: 0.0806), Train Dice: 0.6956 | Val Loss: 1.2715, Val Dice: 0.7276 | LR: Shared=1.73e-05, Base=3.40e-05, P3=3.40e-05 (gamma: S0=0.0106, S1=0.0139) (gamma: S0=0.0106, S1=0.0139)
2026-09-30 04:33:36 [INFO ]  New best Stage 2 model saved with Val Dice: 0.7276 and Val Loss: 1.2715
2026-09-30 04:36:47 [INFO ]  Epoch 2/18 - Train Loss: 1.2973 (LB: 0.0805), Train Dice: 0.6858 | Val Loss: 1.2652, Val Dice: 0.7100 | LR: Shared=3.37e-05, Base=6.70e-05, P3=6.70e-05 (gamma: S0=0.0106, S1=0.0144) (gamma: S0=0.0106, S1=0.0144)
2026-09-30 04:39:26 [INFO ]  Epoch 3/18 - Train Loss: 1.2782 (LB: 0.0805), Train Dice: 0.6825 | Val Loss: 1.2457, Val Dice: 0.7256 | LR: Shared=4.67e-05, Base=9.34e-05, P3=9.34e-05 (gamma: S0=0.0092, S1=0.0143) (gamma: S0=0.0092, S1=0.0143)
2026-09-30 04:42:22 [INFO ]  Epoch 4/18 - Train Loss: 1.2430 (LB: 0.0805), Train Dice: 0.6797 | Val Loss: 1.2240, Val Dice: 0.6986 | LR: Shared=4.43e-05, Base=8.84e-05, P3=8.84e-05 (gamma: S0=0.0087, S1=0.0150) (gamma: S0=0.0087, S1=0.0150)
2026-09-30 04:45:19 [INFO ]  Epoch 5/18 - Train Loss: 1.1958 (LB: 0.0804), Train Dice: 0.6887 | Val Loss: 1.1074, Val Dice: 0.7056 | LR: Shared=4.12e-05, Base=8.23e-05, P3=8.23e-05 (gamma: S0=0.0082, S1=0.0160) (gamma: S0=0.0082, S1=0.0160)
2026-09-30 04:48:19 [INFO ]  Epoch 6/18 - Train Loss: 1.1565 (LB: 0.0804), Train Dice: 0.6931 | Val Loss: 1.1204, Val Dice: 0.6973 | LR: Shared=3.78e-05, Base=7.52e-05, P3=7.52e-05 (gamma: S0=0.0083, S1=0.0173) (gamma: S0=0.0083, S1=0.0173)
2026-09-30 04:50:57 [INFO ]  Epoch 7/18 - Train Loss: 1.1161 (LB: 0.0804), Train Dice: 0.6980 | Val Loss: 1.0801, Val Dice: 0.7317 | LR: Shared=3.39e-05, Base=6.74e-05, P3=6.74e-05 (gamma: S0=0.0090, S1=0.0186) (gamma: S0=0.0090, S1=0.0186)
2026-09-30 04:50:58 [INFO ]  New best Stage 2 model saved with Val Dice: 0.7317 and Val Loss: 1.0801
2026-09-30 04:53:38 [INFO ]  Epoch 8/18 - Train Loss: 1.0783 (LB: 0.0803), Train Dice: 0.7072 | Val Loss: 1.0244, Val Dice: 0.7426 | LR: Shared=2.98e-05, Base=5.91e-05, P3=5.91e-05 (gamma: S0=0.0082, S1=0.0180) (gamma: S0=0.0082, S1=0.0180)
2026-09-30 04:53:38 [INFO ]  New best Stage 2 model saved with Val Dice: 0.7426 and Val Loss: 1.0244
2026-09-30 04:53:38 [INFO ]  *** New GLOBAL best model saved (Dice: 0.7426) ***
2026-09-30 04:56:27 [INFO ]  Epoch 9/18 - Train Loss: 1.0512 (LB: 0.0803), Train Dice: 0.7076 | Val Loss: 0.9965, Val Dice: 0.7316 | LR: Shared=2.55e-05, Base=5.05e-05, P3=5.05e-05 (gamma: S0=0.0083, S1=0.0180) (gamma: S0=0.0083, S1=0.0180)
2026-09-30 04:59:16 [INFO ]  Epoch 10/18 - Train Loss: 1.0263 (LB: 0.0803), Train Dice: 0.7081 | Val Loss: 1.0296, Val Dice: 0.7420 | LR: Shared=2.12e-05, Base=4.19e-05, P3=4.19e-05 (gamma: S0=0.0082, S1=0.0176) (gamma: S0=0.0082, S1=0.0176)
2026-09-30 05:01:56 [INFO ]  Epoch 11/18 - Train Loss: 1.0084 (LB: 0.0803), Train Dice: 0.7130 | Val Loss: 0.9905, Val Dice: 0.7437 | LR: Shared=1.71e-05, Base=3.36e-05, P3=3.36e-05 (gamma: S0=0.0082, S1=0.0178) (gamma: S0=0.0082, S1=0.0178)
2026-09-30 05:01:56 [INFO ]  New best Stage 2 model saved with Val Dice: 0.7437 and Val Loss: 0.9905
2026-09-30 05:01:56 [INFO ]  *** New GLOBAL best model saved (Dice: 0.7437) ***
2026-09-30 05:04:36 [INFO ]  Epoch 12/18 - Train Loss: 0.9812 (LB: 0.0803), Train Dice: 0.7256 | Val Loss: 1.0044, Val Dice: 0.7338 | LR: Shared=1.33e-05, Base=2.58e-05, P3=2.58e-05 (gamma: S0=0.0083, S1=0.0178) (gamma: S0=0.0083, S1=0.0178)
2026-09-30 05:07:16 [INFO ]  Epoch 13/18 - Train Loss: 0.9672 (LB: 0.0803), Train Dice: 0.7262 | Val Loss: 0.9955, Val Dice: 0.7458 | LR: Shared=9.75e-06, Base=1.87e-05, P3=1.87e-05 (gamma: S0=0.0086, S1=0.0177) (gamma: S0=0.0086, S1=0.0177)
2026-09-30 05:07:17 [INFO ]  New best Stage 2 model saved with Val Dice: 0.7458 and Val Loss: 0.9955
2026-09-30 05:07:17 [INFO ]  *** New GLOBAL best model saved (Dice: 0.7458) ***
2026-09-30 05:10:01 [INFO ]  Epoch 14/18 - Train Loss: 0.9556 (LB: 0.0803), Train Dice: 0.7277 | Val Loss: 0.9614, Val Dice: 0.7586 | LR: Shared=6.73e-06, Base=1.26e-05, P3=1.26e-05 (gamma: S0=0.0083, S1=0.0178) (gamma: S0=0.0083, S1=0.0178)
2026-09-30 05:10:01 [INFO ]  New best Stage 2 model saved with Val Dice: 0.7586 and Val Loss: 0.9614
2026-09-30 05:10:01 [INFO ]  *** New GLOBAL best model saved (Dice: 0.7586) ***
2026-09-30 05:12:42 [INFO ]  Epoch 15/18 - Train Loss: 0.9530 (LB: 0.0803), Train Dice: 0.7260 | Val Loss: 0.9504, Val Dice: 0.7570 | LR: Shared=4.28e-06, Base=7.63e-06, P3=7.63e-06 (gamma: S0=0.0085, S1=0.0177) (gamma: S0=0.0085, S1=0.0177)
2026-09-30 05:15:26 [INFO ]  Epoch 16/18 - Train Loss: 0.9435 (LB: 0.0803), Train Dice: 0.7312 | Val Loss: 0.9533, Val Dice: 0.7539 | LR: Shared=2.48e-06, Base=3.99e-06, P3=3.99e-06 (gamma: S0=0.0086, S1=0.0177) (gamma: S0=0.0086, S1=0.0177)
2026-09-30 05:18:09 [INFO ]  Epoch 17/18 - Train Loss: 0.9392 (LB: 0.0803), Train Dice: 0.7334 | Val Loss: 0.9437, Val Dice: 0.7521 | LR: Shared=1.37e-06, Base=1.75e-06, P3=1.75e-06 (gamma: S0=0.0086, S1=0.0177) (gamma: S0=0.0086, S1=0.0177)
2026-09-30 05:20:50 [INFO ]  Epoch 18/18 - Train Loss: 0.9378 (LB: 0.0802), Train Dice: 0.7328 | Val Loss: 0.9515, Val Dice: 0.7529 | LR: Shared=1.00e-06, Base=1.00e-06, P3=1.00e-06 (gamma: S0=0.0086, S1=0.0177) (gamma: S0=0.0086, S1=0.0177)
2026-09-30 05:20:51 [INFO ]  Stage 2 finished. Total epochs used so far: 35/35
