2026-09-30 04:25:04 [INFO ]  Logging initialized. Log file: /content/drive/MyDrive/crack_seg/P3_C_Canonical_Base_D4_K2_H64_Phase5_3_R200/train.log
2026-09-30 04:25:04 [INFO ]  Loaded config from configs/p3_ablation/b2_p3_run_c_d4_k2_h64_phase5_3_r200.yaml
2026-09-30 04:25:04 [INFO ]  Using device: cuda
[ConfigurableDataset] Loaded TRAIN: 1896 samples from /content/dataset/Crack500/train/images
2026-09-30 04:25:04 [INFO ]  Evaluation protocol for validation: setting_a
2026-09-30 04:25:04 [INFO ]  Loading ConvNeXt-V2: convnextv2_femto.fcmae (pretrained=True)
2026-09-30 04:25:04 [INFO ]  Loading pretrained weights from Hugging Face hub (timm/convnextv2_femto.fcmae)
2026-09-30 04:25:05 [INFO ]  HTTP Request: HEAD https://huggingface.co/timm/convnextv2_femto.fcmae/resolve/main/model.safetensors "HTTP/1.1 302 Found"
2026-09-30 04:25:05 [INFO ]  [timm/convnextv2_femto.fcmae] Safe alternative available for 'pytorch_model.bin' (as 'model.safetensors'). Loading weights using safetensors.
2026-09-30 04:25:05 [INFO ]  Removed ConvNeXt classification head
2026-09-30 04:25:05 [INFO ]  Loading ViT-Tiny: vit_tiny_patch16_224 (pretrained=True)
2026-09-30 04:25:05 [INFO ]  Loading pretrained weights from Hugging Face hub (timm/vit_tiny_patch16_224.augreg_in21k_ft_in1k)
2026-09-30 04:25:05 [INFO ]  HTTP Request: HEAD https://huggingface.co/timm/vit_tiny_patch16_224.augreg_in21k_ft_in1k/resolve/main/model.safetensors "HTTP/1.1 302 Found"
2026-09-30 04:25:05 [INFO ]  [timm/vit_tiny_patch16_224.augreg_in21k_ft_in1k] Safe alternative available for 'pytorch_model.bin' (as 'model.safetensors'). Loading weights using safetensors.
2026-09-30 04:25:05 [INFO ]  Configured 4 ViT blocks (embed_dim=192)
2026-09-30 04:25:05 [INFO ]  [Explicit CLS Handling] Detected 197 tokens in ViT pos_embed. Discarded CLS token (1 token), retained exactly 196 spatial patch tokens.
2026-09-30 04:25:05 [INFO ]  Loaded patch_pos: shape=(1, 196, 192) (grid: 14x14)
2026-09-30 04:25:05 [INFO ]  ================================================================================
2026-09-30 04:25:05 [INFO ]  BUILDING HETEROGENEOUS EXPERT POOL (CNN Stages + Transformer Blocks)
2026-09-30 04:25:05 [INFO ]  ================================================================================
2026-09-30 04:25:05 [INFO ]  
Step 1a: Wrapping ConvNeXt stages IN-PLACE...
2026-09-30 04:25:05 [INFO ]  Initialized SAGE Hierarchical Router: top_k=2, experts=8, gating=sigmoid, logit_modulation=True
2026-09-30 04:25:05 [INFO ]  Initialized SAGE Hierarchical Router: top_k=2, experts=8, gating=sigmoid, logit_modulation=True
2026-09-30 04:25:05 [INFO ]  Initialized SAGE Hierarchical Router: top_k=2, experts=8, gating=sigmoid, logit_modulation=True
2026-09-30 04:25:05 [INFO ]  Initialized SAGE Hierarchical Router: top_k=2, experts=8, gating=sigmoid, logit_modulation=True
2026-09-30 04:25:05 [INFO ]  
Step 1b: Wrapping Transformer blocks IN-PLACE...
2026-09-30 04:25:05 [INFO ]  Initialized SAGE Hierarchical Router: top_k=2, experts=8, gating=sigmoid, logit_modulation=True
2026-09-30 04:25:05 [INFO ]  Initialized SAGE Hierarchical Router: top_k=2, experts=8, gating=sigmoid, logit_modulation=True
2026-09-30 04:25:05 [INFO ]  Initialized SAGE Hierarchical Router: top_k=2, experts=8, gating=sigmoid, logit_modulation=True
2026-09-30 04:25:05 [INFO ]  Initialized SAGE Hierarchical Router: top_k=2, experts=8, gating=sigmoid, logit_modulation=True
2026-09-30 04:25:05 [INFO ]  
Step 2: Building expert pool from wrapped .main_block attributes...
2026-09-30 04:25:05 [INFO ]    - Added 4 CNN main_blocks to pool.
2026-09-30 04:25:05 [INFO ]    - Added 4 Transformer main_blocks to pool.
2026-09-30 04:25:05 [INFO ]  
[OK] Built expert pool with 8 experts, linked to all SageLayer instances.
2026-09-30 04:25:05 [INFO ]  ================================================================================
2026-09-30 04:25:05 [INFO ]  
================================================================================
2026-09-30 04:25:05 [INFO ]  PRE-POPULATING SAHUB ADAPTERS
2026-09-30 04:25:05 [INFO ]  ================================================================================
2026-09-30 04:25:05 [INFO ]     - Created a master set of 24 potential adapter layers.
2026-09-30 04:25:05 [INFO ]     - Populated 8 SAHub instances with all adapter layers.
2026-09-30 04:25:05 [INFO ]  ================================================================================
2026-09-30 04:25:05 [INFO ]  Loaded B2 with 4 ViT blocks, full SAGE-Lite injection, and p3_mode='C'
2026-09-30 04:25:05 [INFO ]  Initialized B2 model
2026-09-30 04:25:05 [INFO ]  Loading checkpoint from /content/checkpoints/best_model_b2_stage1.pth (resume/continue mechanism)...
2026-09-30 04:25:06 [INFO ]  P3 Refinement gamma preserved from checkpoint: S0=0.0106, S1=0.0139
2026-09-30 04:25:06 [INFO ]  Loading Stage 1 checkpoint for --stage2-only: /content/checkpoints/best_model_b2_stage1.pth
2026-09-30 04:25:06 [INFO ]  Using explicitly provided --stage1-epochs-used: 17
2026-09-30 04:25:06 [INFO ]  Stage 2 starting from Stage 1: Global Best Dice=0.7333, Global Best Loss=1.2683, Stage 1 Epochs Used=17
2026-09-30 04:25:06 [INFO ]  Stage 2 learned gamma confirmed: S0=0.0106, S1=0.0139
2026-09-30 04:25:06 [INFO ]  
========================================
STARTING STAGE 2
========================================
2026-09-30 04:25:06 [INFO ]  Stage 2: Updated shared expert indices to [0, 1, 2, 3]
2026-09-30 04:25:06 [INFO ]  Stage 2 Optimizer: shared_lr=2.00e-04, base_lr=1.00e-04, sage_lr=1.00e-04, p3_lr=1.00e-04
2026-09-30 04:25:06 [INFO ]  Restoring Stage 1 RNG and Scaler state from: /content/checkpoints/last_model_b2_stage1_rng.pth
2026-09-30 04:25:06 [INFO ]  Restored AMP scaler state_dict from checkpoint.
2026-09-30 04:25:06 [INFO ]  Restored torch CPU RNG state.
2026-09-30 04:25:06 [INFO ]  Restored torch CUDA RNG state.
2026-09-30 04:25:06 [INFO ]  Restored NumPy RNG state.
2026-09-30 04:25:06 [INFO ]  Restored Python RNG state.
2026-09-30 04:25:06 [INFO ]  Restored DataLoader generator state from checkpoint.
2026-09-30 04:25:06 [INFO ]  Stage 2 optimizer and scheduler maintained strictly fresh (no state restored from RNG checkpoint).
2026-09-30 04:25:06 [INFO ]  Stage 2 starting fresh from Stage 1: best_stage_dice=0.0000, epochs_no_improve=0/6 (Global baseline Dice=0.7333)
Epoch 1/18 [Train]: 100% 136/136 [07:27<00:00,  3.29s/it, loss=1.2267, dice=0.7279, lb=0.0813]
2026-09-30 04:33:06 [INFO ]  Epoch 1/18 - Train Loss: 1.3020 (LB: 0.0806), Train Dice: 0.6913 | Val Loss: 1.2749, Val Dice: 0.7255 | LR: Shared=6.73e-05, Base=3.40e-05, P3=3.40e-05 (gamma: S0=0.0107, S1=0.0139) (gamma: S0=0.0107, S1=0.0139)
2026-09-30 04:33:07 [INFO ]  New best Stage 2 model saved with Val Dice: 0.7255 and Val Loss: 1.2749
Epoch 2/18 [Train]: 100% 136/136 [02:30<00:00,  1.10s/it, loss=1.1480, dice=0.7957, lb=0.0814]
2026-09-30 04:36:05 [INFO ]  Epoch 2/18 - Train Loss: 1.3036 (LB: 0.0805), Train Dice: 0.6804 | Val Loss: 1.2505, Val Dice: 0.7289 | LR: Shared=1.34e-04, Base=6.70e-05, P3=6.70e-05 (gamma: S0=0.0111, S1=0.0143) (gamma: S0=0.0111, S1=0.0143)
2026-09-30 04:36:06 [INFO ]  New best Stage 2 model saved with Val Dice: 0.7289 and Val Loss: 1.2505
Epoch 3/18 [Train]: 100% 136/136 [02:03<00:00,  1.10it/s, loss=1.3110, dice=0.5939, lb=0.0810]
2026-09-30 04:38:40 [INFO ]  Epoch 3/18 - Train Loss: 1.2825 (LB: 0.0805), Train Dice: 0.6725 | Val Loss: 1.3019, Val Dice: 0.7270 | LR: Shared=1.87e-04, Base=9.34e-05, P3=9.34e-05 (gamma: S0=0.0109, S1=0.0136) (gamma: S0=0.0109, S1=0.0136)
Epoch 4/18 [Train]: 100% 136/136 [02:15<00:00,  1.00it/s, loss=1.2208, dice=0.6500, lb=0.0810]
2026-09-30 04:41:26 [INFO ]  Epoch 4/18 - Train Loss: 1.2485 (LB: 0.0805), Train Dice: 0.6727 | Val Loss: 1.1517, Val Dice: 0.7301 | LR: Shared=1.77e-04, Base=8.84e-05, P3=8.84e-05 (gamma: S0=0.0106, S1=0.0143) (gamma: S0=0.0106, S1=0.0143)
2026-09-30 04:41:26 [INFO ]  New best Stage 2 model saved with Val Dice: 0.7301 and Val Loss: 1.1517
Epoch 5/18 [Train]: 100% 136/136 [02:22<00:00,  1.04s/it, loss=1.1310, dice=0.7306, lb=0.0810]
2026-09-30 04:44:17 [INFO ]  Epoch 5/18 - Train Loss: 1.1983 (LB: 0.0804), Train Dice: 0.6867 | Val Loss: 1.1328, Val Dice: 0.7168 | LR: Shared=1.64e-04, Base=8.23e-05, P3=8.23e-05 (gamma: S0=0.0107, S1=0.0147) (gamma: S0=0.0107, S1=0.0147)
Epoch 6/18 [Train]: 100% 136/136 [02:09<00:00,  1.05it/s, loss=1.0666, dice=0.7639, lb=0.0806]
2026-09-30 04:46:57 [INFO ]  Epoch 6/18 - Train Loss: 1.1552 (LB: 0.0804), Train Dice: 0.6913 | Val Loss: 1.0706, Val Dice: 0.7335 | LR: Shared=1.50e-04, Base=7.52e-05, P3=7.52e-05 (gamma: S0=0.0102, S1=0.0152) (gamma: S0=0.0102, S1=0.0152)
2026-09-30 04:46:57 [INFO ]  New best Stage 2 model saved with Val Dice: 0.7335 and Val Loss: 1.0706
2026-09-30 04:46:57 [INFO ]  *** New GLOBAL best model saved (Dice: 0.7335) ***
Epoch 7/18 [Train]: 100% 136/136 [02:06<00:00,  1.07it/s, loss=1.0746, dice=0.6785, lb=0.0808]
2026-09-30 04:49:32 [INFO ]  Epoch 7/18 - Train Loss: 1.1142 (LB: 0.0804), Train Dice: 0.7004 | Val Loss: 1.0794, Val Dice: 0.7383 | LR: Shared=1.35e-04, Base=6.74e-05, P3=6.74e-05 (gamma: S0=0.0095, S1=0.0157) (gamma: S0=0.0095, S1=0.0157)
2026-09-30 04:49:33 [INFO ]  New best Stage 2 model saved with Val Dice: 0.7383 and Val Loss: 1.0794
2026-09-30 04:49:33 [INFO ]  *** New GLOBAL best model saved (Dice: 0.7383) ***
Epoch 8/18 [Train]: 100% 136/136 [02:02<00:00,  1.11it/s, loss=0.9547, dice=0.6587, lb=0.0809]
2026-09-30 04:52:03 [INFO ]  Epoch 8/18 - Train Loss: 1.0819 (LB: 0.0804), Train Dice: 0.7060 | Val Loss: 1.0176, Val Dice: 0.7503 | LR: Shared=1.18e-04, Base=5.91e-05, P3=5.91e-05 (gamma: S0=0.0095, S1=0.0163) (gamma: S0=0.0095, S1=0.0163)
2026-09-30 04:52:03 [INFO ]  New best Stage 2 model saved with Val Dice: 0.7503 and Val Loss: 1.0176
2026-09-30 04:52:04 [INFO ]  *** New GLOBAL best model saved (Dice: 0.7503) ***
Epoch 9/18 [Train]: 100% 136/136 [02:12<00:00,  1.03it/s, loss=1.1189, dice=0.7155, lb=0.0812]
2026-09-30 04:54:46 [INFO ]  Epoch 9/18 - Train Loss: 1.0541 (LB: 0.0803), Train Dice: 0.7078 | Val Loss: 1.0244, Val Dice: 0.7110 | LR: Shared=1.01e-04, Base=5.05e-05, P3=5.05e-05 (gamma: S0=0.0095, S1=0.0164) (gamma: S0=0.0095, S1=0.0164)
Epoch 10/18 [Train]: 100% 136/136 [02:05<00:00,  1.08it/s, loss=1.1546, dice=0.5566, lb=0.0806]
2026-09-30 04:57:27 [INFO ]  Epoch 10/18 - Train Loss: 1.0242 (LB: 0.0803), Train Dice: 0.7125 | Val Loss: 1.0097, Val Dice: 0.7335 | LR: Shared=8.32e-05, Base=4.19e-05, P3=4.19e-05 (gamma: S0=0.0096, S1=0.0163) (gamma: S0=0.0096, S1=0.0163)
Epoch 11/18 [Train]: 100% 136/136 [02:04<00:00,  1.10it/s, loss=1.0378, dice=0.6757, lb=0.0810]
2026-09-30 05:00:03 [INFO ]  Epoch 11/18 - Train Loss: 1.0047 (LB: 0.0803), Train Dice: 0.7164 | Val Loss: 0.9884, Val Dice: 0.7479 | LR: Shared=6.65e-05, Base=3.36e-05, P3=3.36e-05 (gamma: S0=0.0095, S1=0.0158) (gamma: S0=0.0095, S1=0.0158)
Epoch 12/18 [Train]: 100% 136/136 [02:03<00:00,  1.10it/s, loss=1.1102, dice=0.5773, lb=0.0807]
2026-09-30 05:02:40 [INFO ]  Epoch 12/18 - Train Loss: 0.9836 (LB: 0.0803), Train Dice: 0.7221 | Val Loss: 0.9769, Val Dice: 0.7348 | LR: Shared=5.08e-05, Base=2.58e-05, P3=2.58e-05 (gamma: S0=0.0093, S1=0.0157) (gamma: S0=0.0093, S1=0.0157)
Epoch 13/18 [Train]: 100% 136/136 [02:04<00:00,  1.09it/s, loss=0.7468, dice=0.8615, lb=0.0809]
2026-09-30 05:05:18 [INFO ]  Epoch 13/18 - Train Loss: 0.9664 (LB: 0.0803), Train Dice: 0.7264 | Val Loss: 0.9766, Val Dice: 0.7578 | LR: Shared=3.65e-05, Base=1.87e-05, P3=1.87e-05 (gamma: S0=0.0097, S1=0.0157) (gamma: S0=0.0097, S1=0.0157)
2026-09-30 05:05:18 [INFO ]  New best Stage 2 model saved with Val Dice: 0.7578 and Val Loss: 0.9766
2026-09-30 05:05:19 [INFO ]  *** New GLOBAL best model saved (Dice: 0.7578) ***
Epoch 14/18 [Train]: 100% 136/136 [02:08<00:00,  1.06it/s, loss=0.8464, dice=0.8398, lb=0.0812]
2026-09-30 05:07:59 [INFO ]  Epoch 14/18 - Train Loss: 0.9574 (LB: 0.0803), Train Dice: 0.7305 | Val Loss: 0.9706, Val Dice: 0.7621 | LR: Shared=2.43e-05, Base=1.26e-05, P3=1.26e-05 (gamma: S0=0.0096, S1=0.0154) (gamma: S0=0.0096, S1=0.0154)
2026-09-30 05:07:59 [INFO ]  New best Stage 2 model saved with Val Dice: 0.7621 and Val Loss: 0.9706
2026-09-30 05:07:59 [INFO ]  *** New GLOBAL best model saved (Dice: 0.7621) ***
Epoch 15/18 [Train]: 100% 136/136 [02:02<00:00,  1.11it/s, loss=0.8187, dice=0.8096, lb=0.0803]
2026-09-30 05:10:32 [INFO ]  Epoch 15/18 - Train Loss: 0.9475 (LB: 0.0803), Train Dice: 0.7344 | Val Loss: 0.9607, Val Dice: 0.7638 | LR: Shared=1.43e-05, Base=7.63e-06, P3=7.63e-06 (gamma: S0=0.0098, S1=0.0157) (gamma: S0=0.0098, S1=0.0157)
2026-09-30 05:10:33 [INFO ]  New best Stage 2 model saved with Val Dice: 0.7638 and Val Loss: 0.9607
2026-09-30 05:10:33 [INFO ]  *** New GLOBAL best model saved (Dice: 0.7638) ***
Epoch 16/18 [Train]: 100% 136/136 [02:02<00:00,  1.11it/s, loss=0.9510, dice=0.6353, lb=0.0808]
2026-09-30 05:13:08 [INFO ]  Epoch 16/18 - Train Loss: 0.9417 (LB: 0.0803), Train Dice: 0.7319 | Val Loss: 0.9429, Val Dice: 0.7636 | LR: Shared=7.00e-06, Base=3.99e-06, P3=3.99e-06 (gamma: S0=0.0097, S1=0.0157) (gamma: S0=0.0097, S1=0.0157)
Epoch 17/18 [Train]: 100% 136/136 [02:03<00:00,  1.10it/s, loss=1.0145, dice=0.6220, lb=0.0811]
2026-09-30 05:15:45 [INFO ]  Epoch 17/18 - Train Loss: 0.9301 (LB: 0.0803), Train Dice: 0.7410 | Val Loss: 0.9507, Val Dice: 0.7621 | LR: Shared=2.51e-06, Base=1.75e-06, P3=1.75e-06 (gamma: S0=0.0097, S1=0.0157) (gamma: S0=0.0097, S1=0.0157)
Epoch 18/18 [Train]: 100% 136/136 [02:01<00:00,  1.11it/s, loss=0.9858, dice=0.6683, lb=0.0806]
2026-09-30 05:18:19 [INFO ]  Epoch 18/18 - Train Loss: 0.9341 (LB: 0.0803), Train Dice: 0.7409 | Val Loss: 0.9308, Val Dice: 0.7636 | LR: Shared=1.00e-06, Base=1.00e-06, P3=1.00e-06 (gamma: S0=0.0097, S1=0.0158) (gamma: S0=0.0097, S1=0.0158)
2026-09-30 05:18:20 [INFO ]  Stage 2 finished. Total epochs used so far: 35/35
