2026-09-28 11:14:43 [INFO ]  Logging initialized. Log file: /content/drive/MyDrive/crack_seg/P3_C_Canonical_Base_D4_K2/train.log
2026-09-28 11:14:43 [INFO ]  Loaded config from configs/p3_ablation/b2_p3_run_c_d4_k2.yaml
2026-09-28 11:14:43 [INFO ]  Using device: cuda
2026-09-28 11:14:43 [INFO ]  Evaluation protocol for validation: setting_a
2026-09-28 11:14:43 [INFO ]  Loading ConvNeXt-V2: convnextv2_femto.fcmae (pretrained=True)
2026-09-28 11:14:43 [INFO ]  Loading pretrained weights from Hugging Face hub (timm/convnextv2_femto.fcmae)
2026-09-28 11:14:43 [INFO ]  HTTP Request: GET https://huggingface.co/api/agent-harnesses "HTTP/1.1 200 OK"
2026-09-28 11:14:43 [INFO ]  HTTP Request: HEAD https://huggingface.co/timm/convnextv2_femto.fcmae/resolve/main/model.safetensors "HTTP/1.1 302 Found"
2026-09-28 11:14:43 [WARNI]  Warning: You are sending unauthenticated requests to the HF Hub. Please set a HF_TOKEN to enable higher rate limits and faster downloads.
2026-09-28 11:14:43 [INFO ]  HTTP Request: GET https://huggingface.co/api/models/timm/convnextv2_femto.fcmae/xet-read-token/ad8895ca0e753755810acaa2068a7ebf497e6b2a "HTTP/1.1 200 OK"
2026-09-28 11:14:44 [INFO ]  [timm/convnextv2_femto.fcmae] Safe alternative available for 'pytorch_model.bin' (as 'model.safetensors'). Loading weights using safetensors.
2026-09-28 11:14:45 [INFO ]  Removed ConvNeXt classification head
2026-09-28 11:14:45 [INFO ]  Loading ViT-Tiny: vit_tiny_patch16_224 (pretrained=True)
2026-09-28 11:14:45 [INFO ]  Loading pretrained weights from Hugging Face hub (timm/vit_tiny_patch16_224.augreg_in21k_ft_in1k)
2026-09-28 11:14:45 [INFO ]  HTTP Request: HEAD https://huggingface.co/timm/vit_tiny_patch16_224.augreg_in21k_ft_in1k/resolve/main/model.safetensors "HTTP/1.1 302 Found"
2026-09-28 11:14:45 [INFO ]  HTTP Request: GET https://huggingface.co/api/models/timm/vit_tiny_patch16_224.augreg_in21k_ft_in1k/xet-read-token/7d3afdd0cf93ad84d986eb2d6bcc5812ebd0b106 "HTTP/1.1 200 OK"
2026-09-28 11:14:46 [INFO ]  [timm/vit_tiny_patch16_224.augreg_in21k_ft_in1k] Safe alternative available for 'pytorch_model.bin' (as 'model.safetensors'). Loading weights using safetensors.
2026-09-28 11:14:46 [INFO ]  Configured 4 ViT blocks (embed_dim=192)
2026-09-28 11:14:46 [INFO ]  [Explicit CLS Handling] Detected 197 tokens in ViT pos_embed. Discarded CLS token (1 token), retained exactly 196 spatial patch tokens.
2026-09-28 11:14:46 [INFO ]  Loaded patch_pos: shape=(1, 196, 192) (grid: 14x14)
2026-09-28 11:14:46 [INFO ]  ================================================================================
2026-09-28 11:14:46 [INFO ]  BUILDING HETEROGENEOUS EXPERT POOL (CNN Stages + Transformer Blocks)
2026-09-28 11:14:46 [INFO ]  ================================================================================
2026-09-28 11:14:46 [INFO ]  
Step 1a: Wrapping ConvNeXt stages IN-PLACE...
2026-09-28 11:14:46 [INFO ]  Initialized SAGE Hierarchical Router: top_k=2, experts=8, gating=sigmoid, logit_modulation=True
2026-09-28 11:14:46 [INFO ]  Initialized SAGE Hierarchical Router: top_k=2, experts=8, gating=sigmoid, logit_modulation=True
2026-09-28 11:14:46 [INFO ]  Initialized SAGE Hierarchical Router: top_k=2, experts=8, gating=sigmoid, logit_modulation=True
2026-09-28 11:14:46 [INFO ]  Initialized SAGE Hierarchical Router: top_k=2, experts=8, gating=sigmoid, logit_modulation=True
2026-09-28 11:14:46 [INFO ]  
Step 1b: Wrapping Transformer blocks IN-PLACE...
2026-09-28 11:14:46 [INFO ]  Initialized SAGE Hierarchical Router: top_k=2, experts=8, gating=sigmoid, logit_modulation=True
2026-09-28 11:14:46 [INFO ]  Initialized SAGE Hierarchical Router: top_k=2, experts=8, gating=sigmoid, logit_modulation=True
2026-09-28 11:14:46 [INFO ]  Initialized SAGE Hierarchical Router: top_k=2, experts=8, gating=sigmoid, logit_modulation=True
2026-09-28 11:14:46 [INFO ]  Initialized SAGE Hierarchical Router: top_k=2, experts=8, gating=sigmoid, logit_modulation=True
2026-09-28 11:14:46 [INFO ]  
Step 2: Building expert pool from wrapped .main_block attributes...
2026-09-28 11:14:46 [INFO ]    - Added 4 CNN main_blocks to pool.
2026-09-28 11:14:46 [INFO ]    - Added 4 Transformer main_blocks to pool.
2026-09-28 11:14:46 [INFO ]  
[OK] Built expert pool with 8 experts, linked to all SageLayer instances.
2026-09-28 11:14:46 [INFO ]  ================================================================================
2026-09-28 11:14:46 [INFO ]  
================================================================================
2026-09-28 11:14:46 [INFO ]  PRE-POPULATING SAHUB ADAPTERS
2026-09-28 11:14:46 [INFO ]  ================================================================================
2026-09-28 11:14:46 [INFO ]     - Created a master set of 24 potential adapter layers.
2026-09-28 11:14:46 [INFO ]     - Populated 8 SAHub instances with all adapter layers.
2026-09-28 11:14:46 [INFO ]  ================================================================================
2026-09-28 11:14:46 [INFO ]  Loaded B2 with 4 ViT blocks, full SAGE-Lite injection, and p3_mode='C'
2026-09-28 11:14:46 [INFO ]  Initialized B2 model
2026-09-28 11:14:46 [INFO ]  P3-C Standalone Initialization: ImageNet-pretrained, no parent checkpoint
2026-09-28 11:14:46 [INFO ]  P3 Refinement gamma initialized: S0=0.0100, S1=0.0100
2026-09-28 11:14:46 [INFO ]  
========================================
STARTING STAGE 1
========================================
2026-09-28 11:23:20 [INFO ]  Epoch 1/17 - Train Loss: 2.1032 (LB: 0.0864), Train Dice: 0.1338 | Val Loss: 2.0290, Val Dice: 0.1519 | LR: BB=4.00e-06, Dec=3.40e-05, SAGE=3.40e-05, P3=3.40e-05 (gamma: S0=0.0099, S1=0.0100)
2026-09-28 11:23:20 [INFO ]  New best Stage 1 model saved with Val Dice: 0.1519 and Val Loss: 2.0290
2026-09-28 11:23:21 [INFO ]  *** New GLOBAL best model saved (Dice: 0.1519) ***
2026-09-28 11:26:38 [INFO ]  Epoch 2/17 - Train Loss: 1.8343 (LB: 0.0847), Train Dice: 0.4750 | Val Loss: 1.6464, Val Dice: 0.6228 | LR: BB=7.00e-06, Dec=6.70e-05, SAGE=6.70e-05, P3=6.70e-05 (gamma: S0=0.0092, S1=0.0104)
2026-09-28 11:26:39 [INFO ]  New best Stage 1 model saved with Val Dice: 0.6228 and Val Loss: 1.6464
2026-09-28 11:26:39 [INFO ]  *** New GLOBAL best model saved (Dice: 0.6228) ***
2026-09-28 11:29:34 [INFO ]  Epoch 3/17 - Train Loss: 1.6919 (LB: 0.0832), Train Dice: 0.5941 | Val Loss: 1.5852, Val Dice: 0.6213 | LR: BB=9.33e-06, Dec=9.26e-05, SAGE=9.26e-05, P3=9.26e-05 (gamma: S0=0.0083, S1=0.0116)
2026-09-28 11:32:31 [INFO ]  Epoch 4/17 - Train Loss: 1.6226 (LB: 0.0824), Train Dice: 0.6127 | Val Loss: 1.5021, Val Dice: 0.6907 | LR: BB=8.83e-06, Dec=8.71e-05, SAGE=8.71e-05, P3=8.71e-05 (gamma: S0=0.0089, S1=0.0113)
2026-09-28 11:32:31 [INFO ]  New best Stage 1 model saved with Val Dice: 0.6907 and Val Loss: 1.5021
2026-09-28 11:32:32 [INFO ]  *** New GLOBAL best model saved (Dice: 0.6907) ***
2026-09-28 11:35:19 [INFO ]  Epoch 5/17 - Train Loss: 1.5686 (LB: 0.0818), Train Dice: 0.6273 | Val Loss: 1.4838, Val Dice: 0.6282 | LR: BB=8.21e-06, Dec=8.03e-05, SAGE=8.03e-05, P3=8.03e-05 (gamma: S0=0.0097, S1=0.0114)
2026-09-28 11:38:01 [INFO ]  Epoch 6/17 - Train Loss: 1.5142 (LB: 0.0814), Train Dice: 0.6427 | Val Loss: 1.4516, Val Dice: 0.6055 | LR: BB=7.51e-06, Dec=7.26e-05, SAGE=7.26e-05, P3=7.26e-05 (gamma: S0=0.0087, S1=0.0107)
2026-09-28 11:40:45 [INFO ]  Epoch 7/17 - Train Loss: 1.4687 (LB: 0.0814), Train Dice: 0.6547 | Val Loss: 1.4651, Val Dice: 0.7157 | LR: BB=6.73e-06, Dec=6.40e-05, SAGE=6.40e-05, P3=6.40e-05 (gamma: S0=0.0092, S1=0.0113)
2026-09-28 11:40:45 [INFO ]  New best Stage 1 model saved with Val Dice: 0.7157 and Val Loss: 1.4651
2026-09-28 11:40:46 [INFO ]  *** New GLOBAL best model saved (Dice: 0.7157) ***
2026-09-28 11:43:33 [INFO ]  Epoch 8/17 - Train Loss: 1.4271 (LB: 0.0812), Train Dice: 0.6643 | Val Loss: 1.3586, Val Dice: 0.7155 | LR: BB=5.92e-06, Dec=5.51e-05, SAGE=5.51e-05, P3=5.51e-05 (gamma: S0=0.0078, S1=0.0128)
2026-09-28 11:46:14 [INFO ]  Epoch 9/17 - Train Loss: 1.3931 (LB: 0.0811), Train Dice: 0.6719 | Val Loss: 1.3355, Val Dice: 0.7194 | LR: BB=5.08e-06, Dec=4.59e-05, SAGE=4.59e-05, P3=4.59e-05 (gamma: S0=0.0072, S1=0.0126)
2026-09-28 11:46:15 [INFO ]  New best Stage 1 model saved with Val Dice: 0.7194 and Val Loss: 1.3355
2026-09-28 11:46:15 [INFO ]  *** New GLOBAL best model saved (Dice: 0.7194) ***
2026-09-28 11:49:01 [INFO ]  Epoch 10/17 - Train Loss: 1.3610 (LB: 0.0810), Train Dice: 0.6781 | Val Loss: 1.2934, Val Dice: 0.7300 | LR: BB=4.27e-06, Dec=3.70e-05, SAGE=3.70e-05, P3=3.70e-05 (gamma: S0=0.0073, S1=0.0128)
2026-09-28 11:49:01 [INFO ]  New best Stage 1 model saved with Val Dice: 0.7300 and Val Loss: 1.2934
2026-09-28 11:49:01 [INFO ]  *** New GLOBAL best model saved (Dice: 0.7300) ***
2026-09-28 11:51:42 [INFO ]  Epoch 11/17 - Train Loss: 1.3410 (LB: 0.0810), Train Dice: 0.6816 | Val Loss: 1.3170, Val Dice: 0.7163 | LR: BB=3.49e-06, Dec=2.84e-05, SAGE=2.84e-05, P3=2.84e-05 (gamma: S0=0.0075, S1=0.0131)
2026-09-28 11:54:29 [INFO ]  Epoch 12/17 - Train Loss: 1.3253 (LB: 0.0809), Train Dice: 0.6834 | Val Loss: 1.2708, Val Dice: 0.7285 | LR: BB=2.79e-06, Dec=2.07e-05, SAGE=2.07e-05, P3=2.07e-05 (gamma: S0=0.0079, S1=0.0136)
2026-09-28 11:57:14 [INFO ]  Epoch 13/17 - Train Loss: 1.3067 (LB: 0.0809), Train Dice: 0.6900 | Val Loss: 1.2559, Val Dice: 0.7304 | LR: BB=2.17e-06, Dec=1.39e-05, SAGE=1.39e-05, P3=1.39e-05 (gamma: S0=0.0080, S1=0.0140)
2026-09-28 11:57:14 [INFO ]  New best Stage 1 model saved with Val Dice: 0.7304 and Val Loss: 1.2559
2026-09-28 11:57:14 [INFO ]  *** New GLOBAL best model saved (Dice: 0.7304) ***
2026-09-28 11:59:58 [INFO ]  Epoch 14/17 - Train Loss: 1.2944 (LB: 0.0809), Train Dice: 0.6931 | Val Loss: 1.2529, Val Dice: 0.7190 | LR: BB=1.67e-06, Dec=8.41e-06, SAGE=8.41e-06, P3=8.41e-06 (gamma: S0=0.0079, S1=0.0141)
2026-09-28 12:02:40 [INFO ]  Epoch 15/17 - Train Loss: 1.2916 (LB: 0.0809), Train Dice: 0.6898 | Val Loss: 1.2458, Val Dice: 0.7239 | LR: BB=1.30e-06, Dec=4.34e-06, SAGE=4.34e-06, P3=4.34e-06 (gamma: S0=0.0080, S1=0.0142)
2026-09-28 12:05:26 [INFO ]  Epoch 16/17 - Train Loss: 1.2896 (LB: 0.0809), Train Dice: 0.6911 | Val Loss: 1.2501, Val Dice: 0.7212 | LR: BB=1.08e-06, Dec=1.84e-06, SAGE=1.84e-06, P3=1.84e-06 (gamma: S0=0.0081, S1=0.0142)
2026-09-28 12:08:07 [INFO ]  Epoch 17/17 - Train Loss: 1.2810 (LB: 0.0809), Train Dice: 0.6977 | Val Loss: 1.2531, Val Dice: 0.7272 | LR: BB=1.00e-06, Dec=1.00e-06, SAGE=1.00e-06, P3=1.00e-06 (gamma: S0=0.0081, S1=0.0142)
2026-09-28 12:08:08 [INFO ]  Stage 1 finished. Total epochs used so far: 17/35
2026-09-28 12:08:08 [INFO ]  
========================================
STARTING STAGE 2
========================================
2026-09-28 12:08:08 [INFO ]  Loading best Stage 1 checkpoint from /content/drive/MyDrive/crack_seg/P3_C_Canonical_Base_D4_K2/best_model_b2_stage1.pth
2026-09-28 12:08:08 [INFO ]  Stage 2: Updated shared expert indices to [0, 1, 2, 3]
2026-09-28 12:08:08 [INFO ]  Stage 2 Optimizer: shared_lr=1.00e-04, base_lr=1.00e-04, p3_lr=1.00e-04
2026-09-28 12:10:47 [INFO ]  Epoch 1/18 - Train Loss: 1.3025 (LB: 0.0809), Train Dice: 0.6882 | Val Loss: 1.2734, Val Dice: 0.7238 | LR: Shared=3.40e-05, Others=3.40e-05, P3=3.40e-05 (gamma: S0=0.0080, S1=0.0140)
2026-09-28 12:10:47 [INFO ]  New best Stage 2 model saved with Val Dice: 0.7238 and Val Loss: 1.2734
2026-09-28 12:13:26 [INFO ]  Epoch 2/18 - Train Loss: 1.2974 (LB: 0.0809), Train Dice: 0.6870 | Val Loss: 1.2612, Val Dice: 0.7155 | LR: Shared=6.70e-05, Others=6.70e-05, P3=6.70e-05 (gamma: S0=0.0081, S1=0.0139)
2026-09-28 12:16:05 [INFO ]  Epoch 3/18 - Train Loss: 1.2841 (LB: 0.0808), Train Dice: 0.6729 | Val Loss: 1.2574, Val Dice: 0.7335 | LR: Shared=9.34e-05, Others=9.34e-05, P3=9.34e-05 (gamma: S0=0.0077, S1=0.0145)
2026-09-28 12:16:05 [INFO ]  New best Stage 2 model saved with Val Dice: 0.7335 and Val Loss: 1.2574
2026-09-28 12:16:06 [INFO ]  *** New GLOBAL best model saved (Dice: 0.7335) ***
2026-09-28 12:18:48 [INFO ]  Epoch 4/18 - Train Loss: 1.2414 (LB: 0.0808), Train Dice: 0.6802 | Val Loss: 1.1916, Val Dice: 0.7022 | LR: Shared=8.84e-05, Others=8.84e-05, P3=8.84e-05 (gamma: S0=0.0081, S1=0.0148)
2026-09-28 12:21:26 [INFO ]  Epoch 5/18 - Train Loss: 1.1918 (LB: 0.0807), Train Dice: 0.6921 | Val Loss: 1.1340, Val Dice: 0.7310 | LR: Shared=8.23e-05, Others=8.23e-05, P3=8.23e-05 (gamma: S0=0.0087, S1=0.0147)
2026-09-28 12:24:10 [INFO ]  Epoch 6/18 - Train Loss: 1.1529 (LB: 0.0806), Train Dice: 0.6900 | Val Loss: 1.0911, Val Dice: 0.7271 | LR: Shared=7.52e-05, Others=7.52e-05, P3=7.52e-05 (gamma: S0=0.0072, S1=0.0154)
2026-09-28 12:26:56 [INFO ]  Epoch 7/18 - Train Loss: 1.1166 (LB: 0.0806), Train Dice: 0.6985 | Val Loss: 1.0848, Val Dice: 0.7503 | LR: Shared=6.74e-05, Others=6.74e-05, P3=6.74e-05 (gamma: S0=0.0065, S1=0.0161)
2026-09-28 12:26:56 [INFO ]  New best Stage 2 model saved with Val Dice: 0.7503 and Val Loss: 1.0848
2026-09-28 12:26:56 [INFO ]  *** New GLOBAL best model saved (Dice: 0.7503) ***
2026-09-28 12:29:37 [INFO ]  Epoch 8/18 - Train Loss: 1.0788 (LB: 0.0805), Train Dice: 0.7046 | Val Loss: 1.0096, Val Dice: 0.7495 | LR: Shared=5.91e-05, Others=5.91e-05, P3=5.91e-05 (gamma: S0=0.0066, S1=0.0160)
2026-09-28 12:32:19 [INFO ]  Epoch 9/18 - Train Loss: 1.0482 (LB: 0.0805), Train Dice: 0.7057 | Val Loss: 1.0340, Val Dice: 0.7362 | LR: Shared=5.05e-05, Others=5.05e-05, P3=5.05e-05 (gamma: S0=0.0064, S1=0.0162)
2026-09-28 12:35:05 [INFO ]  Epoch 10/18 - Train Loss: 1.0193 (LB: 0.0804), Train Dice: 0.7154 | Val Loss: 1.0075, Val Dice: 0.7465 | LR: Shared=4.19e-05, Others=4.19e-05, P3=4.19e-05 (gamma: S0=0.0070, S1=0.0161)
2026-09-28 12:37:44 [INFO ]  Epoch 11/18 - Train Loss: 1.0026 (LB: 0.0804), Train Dice: 0.7139 | Val Loss: 0.9945, Val Dice: 0.7484 | LR: Shared=3.36e-05, Others=3.36e-05, P3=3.36e-05 (gamma: S0=0.0070, S1=0.0158)
2026-09-28 12:40:25 [INFO ]  Epoch 12/18 - Train Loss: 0.9848 (LB: 0.0804), Train Dice: 0.7171 | Val Loss: 0.9684, Val Dice: 0.7500 | LR: Shared=2.58e-05, Others=2.58e-05, P3=2.58e-05 (gamma: S0=0.0063, S1=0.0156)
2026-09-28 12:43:04 [INFO ]  Epoch 13/18 - Train Loss: 0.9660 (LB: 0.0804), Train Dice: 0.7269 | Val Loss: 0.9726, Val Dice: 0.7526 | LR: Shared=1.87e-05, Others=1.87e-05, P3=1.87e-05 (gamma: S0=0.0063, S1=0.0158)
2026-09-28 12:43:04 [INFO ]  New best Stage 2 model saved with Val Dice: 0.7526 and Val Loss: 0.9726
2026-09-28 12:43:04 [INFO ]  *** New GLOBAL best model saved (Dice: 0.7526) ***
2026-09-28 12:45:48 [INFO ]  Epoch 14/18 - Train Loss: 0.9548 (LB: 0.0804), Train Dice: 0.7281 | Val Loss: 0.9782, Val Dice: 0.7608 | LR: Shared=1.26e-05, Others=1.26e-05, P3=1.26e-05 (gamma: S0=0.0061, S1=0.0159)
2026-09-28 12:45:48 [INFO ]  New best Stage 2 model saved with Val Dice: 0.7608 and Val Loss: 0.9782
2026-09-28 12:45:49 [INFO ]  *** New GLOBAL best model saved (Dice: 0.7608) ***
2026-09-28 12:48:32 [INFO ]  Epoch 15/18 - Train Loss: 0.9449 (LB: 0.0804), Train Dice: 0.7307 | Val Loss: 0.9439, Val Dice: 0.7572 | LR: Shared=7.63e-06, Others=7.63e-06, P3=7.63e-06 (gamma: S0=0.0062, S1=0.0159)
2026-09-28 12:51:13 [INFO ]  Epoch 16/18 - Train Loss: 0.9396 (LB: 0.0804), Train Dice: 0.7305 | Val Loss: 0.9518, Val Dice: 0.7618 | LR: Shared=3.99e-06, Others=3.99e-06, P3=3.99e-06 (gamma: S0=0.0062, S1=0.0159)
2026-09-28 12:51:14 [INFO ]  New best Stage 2 model saved with Val Dice: 0.7618 and Val Loss: 0.9518
2026-09-28 12:51:14 [INFO ]  *** New GLOBAL best model saved (Dice: 0.7618) ***
2026-09-28 12:53:55 [INFO ]  Epoch 17/18 - Train Loss: 0.9359 (LB: 0.0804), Train Dice: 0.7338 | Val Loss: 0.9624, Val Dice: 0.7571 | LR: Shared=1.75e-06, Others=1.75e-06, P3=1.75e-06 (gamma: S0=0.0063, S1=0.0159)
2026-09-28 12:56:35 [INFO ]  Epoch 18/18 - Train Loss: 0.9346 (LB: 0.0804), Train Dice: 0.7339 | Val Loss: 0.9504, Val Dice: 0.7594 | LR: Shared=1.00e-06, Others=1.00e-06, P3=1.00e-06 (gamma: S0=0.0063, S1=0.0159)
2026-09-28 12:56:36 [INFO ]  Stage 2 finished. Total epochs used so far: 35/35
