2026-09-29 04:49:24 [INFO ]  Logging initialized. Log file: /content/drive/MyDrive/crack_seg/P3_C_Canonical_Base_D4_K2_H128/train.log
2026-09-29 04:49:24 [INFO ]  Loaded config from configs/p3_ablation/b2_p3_run_c_d4_k2_h128.yaml
2026-09-29 04:49:24 [INFO ]  Using device: cuda
2026-09-29 04:49:24 [INFO ]  Evaluation protocol for validation: setting_a
2026-09-29 04:49:24 [INFO ]  Loading ConvNeXt-V2: convnextv2_femto.fcmae (pretrained=True)
2026-09-29 04:49:24 [INFO ]  Loading pretrained weights from Hugging Face hub (timm/convnextv2_femto.fcmae)
2026-09-29 04:49:24 [INFO ]  HTTP Request: GET https://huggingface.co/api/agent-harnesses "HTTP/1.1 200 OK"
2026-09-29 04:49:24 [INFO ]  HTTP Request: HEAD https://huggingface.co/timm/convnextv2_femto.fcmae/resolve/main/model.safetensors "HTTP/1.1 302 Found"
2026-09-29 04:49:24 [WARNI]  Warning: You are sending unauthenticated requests to the HF Hub. Please set a HF_TOKEN to enable higher rate limits and faster downloads.
2026-09-29 04:49:25 [INFO ]  HTTP Request: GET https://huggingface.co/api/models/timm/convnextv2_femto.fcmae/xet-read-token/ad8895ca0e753755810acaa2068a7ebf497e6b2a "HTTP/1.1 200 OK"
2026-09-29 04:49:25 [INFO ]  [timm/convnextv2_femto.fcmae] Safe alternative available for 'pytorch_model.bin' (as 'model.safetensors'). Loading weights using safetensors.
2026-09-29 04:49:26 [INFO ]  Removed ConvNeXt classification head
2026-09-29 04:49:26 [INFO ]  Loading ViT-Tiny: vit_tiny_patch16_224 (pretrained=True)
2026-09-29 04:49:26 [INFO ]  Loading pretrained weights from Hugging Face hub (timm/vit_tiny_patch16_224.augreg_in21k_ft_in1k)
2026-09-29 04:49:26 [INFO ]  HTTP Request: HEAD https://huggingface.co/timm/vit_tiny_patch16_224.augreg_in21k_ft_in1k/resolve/main/model.safetensors "HTTP/1.1 302 Found"
2026-09-29 04:49:26 [INFO ]  HTTP Request: GET https://huggingface.co/api/models/timm/vit_tiny_patch16_224.augreg_in21k_ft_in1k/xet-read-token/7d3afdd0cf93ad84d986eb2d6bcc5812ebd0b106 "HTTP/1.1 200 OK"
2026-09-29 04:49:27 [INFO ]  [timm/vit_tiny_patch16_224.augreg_in21k_ft_in1k] Safe alternative available for 'pytorch_model.bin' (as 'model.safetensors'). Loading weights using safetensors.
2026-09-29 04:49:27 [INFO ]  Configured 4 ViT blocks (embed_dim=192)
2026-09-29 04:49:27 [INFO ]  [Explicit CLS Handling] Detected 197 tokens in ViT pos_embed. Discarded CLS token (1 token), retained exactly 196 spatial patch tokens.
2026-09-29 04:49:27 [INFO ]  Loaded patch_pos: shape=(1, 196, 192) (grid: 14x14)
2026-09-29 04:49:27 [INFO ]  ================================================================================
2026-09-29 04:49:27 [INFO ]  BUILDING HETEROGENEOUS EXPERT POOL (CNN Stages + Transformer Blocks)
2026-09-29 04:49:27 [INFO ]  ================================================================================
2026-09-29 04:49:27 [INFO ]  
Step 1a: Wrapping ConvNeXt stages IN-PLACE...
2026-09-29 04:49:27 [INFO ]  Initialized SAGE Hierarchical Router: top_k=2, experts=8, gating=sigmoid, logit_modulation=True
2026-09-29 04:49:27 [INFO ]  Initialized SAGE Hierarchical Router: top_k=2, experts=8, gating=sigmoid, logit_modulation=True
2026-09-29 04:49:27 [INFO ]  Initialized SAGE Hierarchical Router: top_k=2, experts=8, gating=sigmoid, logit_modulation=True
2026-09-29 04:49:27 [INFO ]  Initialized SAGE Hierarchical Router: top_k=2, experts=8, gating=sigmoid, logit_modulation=True
2026-09-29 04:49:27 [INFO ]  
Step 1b: Wrapping Transformer blocks IN-PLACE...
2026-09-29 04:49:27 [INFO ]  Initialized SAGE Hierarchical Router: top_k=2, experts=8, gating=sigmoid, logit_modulation=True
2026-09-29 04:49:27 [INFO ]  Initialized SAGE Hierarchical Router: top_k=2, experts=8, gating=sigmoid, logit_modulation=True
2026-09-29 04:49:27 [INFO ]  Initialized SAGE Hierarchical Router: top_k=2, experts=8, gating=sigmoid, logit_modulation=True
2026-09-29 04:49:27 [INFO ]  Initialized SAGE Hierarchical Router: top_k=2, experts=8, gating=sigmoid, logit_modulation=True
2026-09-29 04:49:27 [INFO ]  
Step 2: Building expert pool from wrapped .main_block attributes...
2026-09-29 04:49:27 [INFO ]    - Added 4 CNN main_blocks to pool.
2026-09-29 04:49:27 [INFO ]    - Added 4 Transformer main_blocks to pool.
2026-09-29 04:49:27 [INFO ]  
[OK] Built expert pool with 8 experts, linked to all SageLayer instances.
2026-09-29 04:49:27 [INFO ]  ================================================================================
2026-09-29 04:49:27 [INFO ]  
================================================================================
2026-09-29 04:49:27 [INFO ]  PRE-POPULATING SAHUB ADAPTERS
2026-09-29 04:49:27 [INFO ]  ================================================================================
2026-09-29 04:49:27 [INFO ]     - Created a master set of 24 potential adapter layers.
2026-09-29 04:49:27 [INFO ]     - Populated 8 SAHub instances with all adapter layers.
2026-09-29 04:49:27 [INFO ]  ================================================================================
2026-09-29 04:49:27 [INFO ]  Loaded B2 with 4 ViT blocks, full SAGE-Lite injection, and p3_mode='C'
2026-09-29 04:49:27 [INFO ]  Initialized B2 model
2026-09-29 04:49:27 [INFO ]  P3-C Standalone Initialization: ImageNet-pretrained, no parent checkpoint
2026-09-29 04:49:27 [INFO ]  P3 Refinement gamma initialized: S0=0.0100, S1=0.0100
2026-09-29 04:49:27 [INFO ]  
========================================
STARTING STAGE 1
========================================
2026-09-29 04:57:59 [INFO ]  Epoch 1/17 - Train Loss: 2.1049 (LB: 0.0890), Train Dice: 0.1364 | Val Loss: 2.0023, Val Dice: 0.1789 | LR: BB=4.00e-06, Dec=3.40e-05, SAGE=3.40e-05, P3=3.40e-05 (gamma: S0=0.0099, S1=0.0100)
2026-09-29 04:57:59 [INFO ]  New best Stage 1 model saved with Val Dice: 0.1789 and Val Loss: 2.0023
2026-09-29 04:58:00 [INFO ]  *** New GLOBAL best model saved (Dice: 0.1789) ***
2026-09-29 05:01:06 [INFO ]  Epoch 2/17 - Train Loss: 1.8288 (LB: 0.0866), Train Dice: 0.4838 | Val Loss: 1.6296, Val Dice: 0.6350 | LR: BB=7.00e-06, Dec=6.70e-05, SAGE=6.70e-05, P3=6.70e-05 (gamma: S0=0.0108, S1=0.0107)
2026-09-29 05:01:06 [INFO ]  New best Stage 1 model saved with Val Dice: 0.6350 and Val Loss: 1.6296
2026-09-29 05:01:06 [INFO ]  *** New GLOBAL best model saved (Dice: 0.6350) ***
2026-09-29 05:03:55 [INFO ]  Epoch 3/17 - Train Loss: 1.6890 (LB: 0.0840), Train Dice: 0.5964 | Val Loss: 1.5967, Val Dice: 0.6043 | LR: BB=9.33e-06, Dec=9.26e-05, SAGE=9.26e-05, P3=9.26e-05 (gamma: S0=0.0119, S1=0.0112)
2026-09-29 05:06:47 [INFO ]  Epoch 4/17 - Train Loss: 1.6261 (LB: 0.0827), Train Dice: 0.6139 | Val Loss: 1.5211, Val Dice: 0.7122 | LR: BB=8.83e-06, Dec=8.71e-05, SAGE=8.71e-05, P3=8.71e-05 (gamma: S0=0.0110, S1=0.0105)
2026-09-29 05:06:48 [INFO ]  New best Stage 1 model saved with Val Dice: 0.7122 and Val Loss: 1.5211
2026-09-29 05:06:48 [INFO ]  *** New GLOBAL best model saved (Dice: 0.7122) ***
2026-09-29 05:09:30 [INFO ]  Epoch 5/17 - Train Loss: 1.5674 (LB: 0.0820), Train Dice: 0.6384 | Val Loss: 1.5120, Val Dice: 0.6398 | LR: BB=8.21e-06, Dec=8.03e-05, SAGE=8.03e-05, P3=8.03e-05 (gamma: S0=0.0103, S1=0.0099)
2026-09-29 05:12:14 [INFO ]  Epoch 6/17 - Train Loss: 1.5178 (LB: 0.0816), Train Dice: 0.6538 | Val Loss: 1.4497, Val Dice: 0.6370 | LR: BB=7.51e-06, Dec=7.26e-05, SAGE=7.26e-05, P3=7.26e-05 (gamma: S0=0.0101, S1=0.0103)
2026-09-29 05:14:58 [INFO ]  Epoch 7/17 - Train Loss: 1.4792 (LB: 0.0815), Train Dice: 0.6520 | Val Loss: 1.4246, Val Dice: 0.6908 | LR: BB=6.73e-06, Dec=6.40e-05, SAGE=6.40e-05, P3=6.40e-05 (gamma: S0=0.0102, S1=0.0102)
2026-09-29 05:17:40 [INFO ]  Epoch 8/17 - Train Loss: 1.4356 (LB: 0.0813), Train Dice: 0.6622 | Val Loss: 1.4013, Val Dice: 0.7207 | LR: BB=5.92e-06, Dec=5.51e-05, SAGE=5.51e-05, P3=5.51e-05 (gamma: S0=0.0102, S1=0.0110)
2026-09-29 05:17:40 [INFO ]  New best Stage 1 model saved with Val Dice: 0.7207 and Val Loss: 1.4013
2026-09-29 05:17:40 [INFO ]  *** New GLOBAL best model saved (Dice: 0.7207) ***
2026-09-29 05:20:23 [INFO ]  Epoch 9/17 - Train Loss: 1.3985 (LB: 0.0812), Train Dice: 0.6713 | Val Loss: 1.3725, Val Dice: 0.6905 | LR: BB=5.08e-06, Dec=4.59e-05, SAGE=4.59e-05, P3=4.59e-05 (gamma: S0=0.0104, S1=0.0107)
2026-09-29 05:23:07 [INFO ]  Epoch 10/17 - Train Loss: 1.3704 (LB: 0.0811), Train Dice: 0.6755 | Val Loss: 1.3114, Val Dice: 0.7143 | LR: BB=4.27e-06, Dec=3.70e-05, SAGE=3.70e-05, P3=3.70e-05 (gamma: S0=0.0098, S1=0.0105)
2026-09-29 05:25:51 [INFO ]  Epoch 11/17 - Train Loss: 1.3482 (LB: 0.0811), Train Dice: 0.6751 | Val Loss: 1.3101, Val Dice: 0.7280 | LR: BB=3.49e-06, Dec=2.84e-05, SAGE=2.84e-05, P3=2.84e-05 (gamma: S0=0.0087, S1=0.0100)
2026-09-29 05:25:51 [INFO ]  New best Stage 1 model saved with Val Dice: 0.7280 and Val Loss: 1.3101
2026-09-29 05:25:51 [INFO ]  *** New GLOBAL best model saved (Dice: 0.7280) ***
2026-09-29 05:28:32 [INFO ]  Epoch 12/17 - Train Loss: 1.3309 (LB: 0.0810), Train Dice: 0.6814 | Val Loss: 1.2918, Val Dice: 0.7157 | LR: BB=2.79e-06, Dec=2.07e-05, SAGE=2.07e-05, P3=2.07e-05 (gamma: S0=0.0088, S1=0.0101)
2026-09-29 05:31:18 [INFO ]  Epoch 13/17 - Train Loss: 1.3161 (LB: 0.0810), Train Dice: 0.6858 | Val Loss: 1.2646, Val Dice: 0.7227 | LR: BB=2.17e-06, Dec=1.39e-05, SAGE=1.39e-05, P3=1.39e-05 (gamma: S0=0.0088, S1=0.0103)
2026-09-29 05:34:03 [INFO ]  Epoch 14/17 - Train Loss: 1.3055 (LB: 0.0809), Train Dice: 0.6904 | Val Loss: 1.2719, Val Dice: 0.7099 | LR: BB=1.67e-06, Dec=8.41e-06, SAGE=8.41e-06, P3=8.41e-06 (gamma: S0=0.0088, S1=0.0104)
2026-09-29 05:36:44 [INFO ]  Epoch 15/17 - Train Loss: 1.2976 (LB: 0.0810), Train Dice: 0.6890 | Val Loss: 1.2608, Val Dice: 0.7153 | LR: BB=1.30e-06, Dec=4.34e-06, SAGE=4.34e-06, P3=4.34e-06 (gamma: S0=0.0089, S1=0.0104)
2026-09-29 05:39:26 [INFO ]  Epoch 16/17 - Train Loss: 1.2918 (LB: 0.0810), Train Dice: 0.6936 | Val Loss: 1.2694, Val Dice: 0.7146 | LR: BB=1.08e-06, Dec=1.84e-06, SAGE=1.84e-06, P3=1.84e-06 (gamma: S0=0.0089, S1=0.0103)
2026-09-29 05:42:10 [INFO ]  Epoch 17/17 - Train Loss: 1.2910 (LB: 0.0809), Train Dice: 0.6966 | Val Loss: 1.2712, Val Dice: 0.7198 | LR: BB=1.00e-06, Dec=1.00e-06, SAGE=1.00e-06, P3=1.00e-06 (gamma: S0=0.0089, S1=0.0104)
2026-09-29 05:42:10 [INFO ]  EarlyStopping triggered at epoch 17 (Patience: 6)
2026-09-29 05:42:10 [INFO ]  Stage 1 finished. Total epochs used so far: 17/35
2026-09-29 05:42:10 [INFO ]  
========================================
STARTING STAGE 2
========================================
2026-09-29 05:42:10 [INFO ]  Loading best Stage 1 checkpoint from /content/drive/MyDrive/crack_seg/P3_C_Canonical_Base_D4_K2_H128/best_model_b2_stage1.pth
2026-09-29 05:42:10 [INFO ]  Stage 2: Updated shared expert indices to [0, 1, 2, 3]
2026-09-29 05:42:10 [INFO ]  Stage 2 Optimizer: shared_lr=1.00e-04, base_lr=1.00e-04, p3_lr=1.00e-04
2026-09-29 05:44:52 [INFO ]  Epoch 1/18 - Train Loss: 1.3357 (LB: 0.0811), Train Dice: 0.6835 | Val Loss: 1.3104, Val Dice: 0.7153 | LR: Shared=3.40e-05, Others=3.40e-05, P3=3.40e-05 (gamma: S0=0.0087, S1=0.0100)
2026-09-29 05:44:52 [INFO ]  New best Stage 2 model saved with Val Dice: 0.7153 and Val Loss: 1.3104
2026-09-29 05:47:32 [INFO ]  Epoch 2/18 - Train Loss: 1.3301 (LB: 0.0811), Train Dice: 0.6812 | Val Loss: 1.2735, Val Dice: 0.7200 | LR: Shared=6.70e-05, Others=6.70e-05, P3=6.70e-05 (gamma: S0=0.0090, S1=0.0103)
2026-09-29 05:47:32 [INFO ]  New best Stage 2 model saved with Val Dice: 0.7200 and Val Loss: 1.2735
2026-09-29 05:50:13 [INFO ]  Epoch 3/18 - Train Loss: 1.3140 (LB: 0.0809), Train Dice: 0.6672 | Val Loss: 1.2866, Val Dice: 0.7220 | LR: Shared=9.34e-05, Others=9.34e-05, P3=9.34e-05 (gamma: S0=0.0089, S1=0.0104)
2026-09-29 05:50:13 [INFO ]  New best Stage 2 model saved with Val Dice: 0.7220 and Val Loss: 1.2866
2026-09-29 05:52:59 [INFO ]  Epoch 4/18 - Train Loss: 1.2695 (LB: 0.0808), Train Dice: 0.6748 | Val Loss: 1.2134, Val Dice: 0.6925 | LR: Shared=8.84e-05, Others=8.84e-05, P3=8.84e-05 (gamma: S0=0.0081, S1=0.0100)
2026-09-29 05:55:36 [INFO ]  Epoch 5/18 - Train Loss: 1.2281 (LB: 0.0807), Train Dice: 0.6832 | Val Loss: 1.1554, Val Dice: 0.7023 | LR: Shared=8.23e-05, Others=8.23e-05, P3=8.23e-05 (gamma: S0=0.0088, S1=0.0108)
2026-09-29 05:58:11 [INFO ]  Epoch 6/18 - Train Loss: 1.1830 (LB: 0.0806), Train Dice: 0.6900 | Val Loss: 1.1029, Val Dice: 0.7048 | LR: Shared=7.52e-05, Others=7.52e-05, P3=7.52e-05 (gamma: S0=0.0087, S1=0.0107)
2026-09-29 06:00:44 [INFO ]  Epoch 7/18 - Train Loss: 1.1398 (LB: 0.0806), Train Dice: 0.7002 | Val Loss: 1.1189, Val Dice: 0.7421 | LR: Shared=6.74e-05, Others=6.74e-05, P3=6.74e-05 (gamma: S0=0.0081, S1=0.0105)
2026-09-29 06:00:44 [INFO ]  New best Stage 2 model saved with Val Dice: 0.7421 and Val Loss: 1.1189
2026-09-29 06:00:44 [INFO ]  *** New GLOBAL best model saved (Dice: 0.7421) ***
2026-09-29 06:03:23 [INFO ]  Epoch 8/18 - Train Loss: 1.1079 (LB: 0.0806), Train Dice: 0.7018 | Val Loss: 1.0310, Val Dice: 0.7432 | LR: Shared=5.91e-05, Others=5.91e-05, P3=5.91e-05 (gamma: S0=0.0083, S1=0.0110)
2026-09-29 06:03:23 [INFO ]  New best Stage 2 model saved with Val Dice: 0.7432 and Val Loss: 1.0310
2026-09-29 06:03:23 [INFO ]  *** New GLOBAL best model saved (Dice: 0.7432) ***
2026-09-29 06:05:58 [INFO ]  Epoch 9/18 - Train Loss: 1.0780 (LB: 0.0806), Train Dice: 0.7082 | Val Loss: 1.0639, Val Dice: 0.7289 | LR: Shared=5.05e-05, Others=5.05e-05, P3=5.05e-05 (gamma: S0=0.0080, S1=0.0106)
2026-09-29 06:08:39 [INFO ]  Epoch 10/18 - Train Loss: 1.0497 (LB: 0.0805), Train Dice: 0.7118 | Val Loss: 1.0141, Val Dice: 0.7484 | LR: Shared=4.19e-05, Others=4.19e-05, P3=4.19e-05 (gamma: S0=0.0081, S1=0.0106)
2026-09-29 06:08:39 [INFO ]  New best Stage 2 model saved with Val Dice: 0.7484 and Val Loss: 1.0141
2026-09-29 06:08:39 [INFO ]  *** New GLOBAL best model saved (Dice: 0.7484) ***
2026-09-29 06:11:21 [INFO ]  Epoch 11/18 - Train Loss: 1.0277 (LB: 0.0805), Train Dice: 0.7171 | Val Loss: 0.9839, Val Dice: 0.7534 | LR: Shared=3.36e-05, Others=3.36e-05, P3=3.36e-05 (gamma: S0=0.0083, S1=0.0102)
2026-09-29 06:11:21 [INFO ]  New best Stage 2 model saved with Val Dice: 0.7534 and Val Loss: 0.9839
2026-09-29 06:11:21 [INFO ]  *** New GLOBAL best model saved (Dice: 0.7534) ***
2026-09-29 06:13:58 [INFO ]  Epoch 12/18 - Train Loss: 1.0100 (LB: 0.0805), Train Dice: 0.7209 | Val Loss: 1.0341, Val Dice: 0.7374 | LR: Shared=2.58e-05, Others=2.58e-05, P3=2.58e-05 (gamma: S0=0.0092, S1=0.0101)
2026-09-29 06:16:36 [INFO ]  Epoch 13/18 - Train Loss: 0.9998 (LB: 0.0804), Train Dice: 0.7198 | Val Loss: 0.9916, Val Dice: 0.7456 | LR: Shared=1.87e-05, Others=1.87e-05, P3=1.87e-05 (gamma: S0=0.0086, S1=0.0105)
2026-09-29 06:19:23 [INFO ]  Epoch 14/18 - Train Loss: 0.9788 (LB: 0.0804), Train Dice: 0.7293 | Val Loss: 0.9915, Val Dice: 0.7508 | LR: Shared=1.26e-05, Others=1.26e-05, P3=1.26e-05 (gamma: S0=0.0088, S1=0.0104)
2026-09-29 06:21:58 [INFO ]  Epoch 15/18 - Train Loss: 0.9720 (LB: 0.0804), Train Dice: 0.7301 | Val Loss: 0.9671, Val Dice: 0.7550 | LR: Shared=7.63e-06, Others=7.63e-06, P3=7.63e-06 (gamma: S0=0.0088, S1=0.0103)
2026-09-29 06:21:58 [INFO ]  New best Stage 2 model saved with Val Dice: 0.7550 and Val Loss: 0.9671
2026-09-29 06:21:58 [INFO ]  *** New GLOBAL best model saved (Dice: 0.7550) ***
2026-09-29 06:24:36 [INFO ]  Epoch 16/18 - Train Loss: 0.9677 (LB: 0.0804), Train Dice: 0.7327 | Val Loss: 0.9789, Val Dice: 0.7526 | LR: Shared=3.99e-06, Others=3.99e-06, P3=3.99e-06 (gamma: S0=0.0088, S1=0.0101)
2026-09-29 06:27:14 [INFO ]  Epoch 17/18 - Train Loss: 0.9605 (LB: 0.0804), Train Dice: 0.7349 | Val Loss: 0.9884, Val Dice: 0.7499 | LR: Shared=1.75e-06, Others=1.75e-06, P3=1.75e-06 (gamma: S0=0.0089, S1=0.0101)
2026-09-29 06:29:50 [INFO ]  Epoch 18/18 - Train Loss: 0.9635 (LB: 0.0804), Train Dice: 0.7309 | Val Loss: 0.9622, Val Dice: 0.7541 | LR: Shared=1.00e-06, Others=1.00e-06, P3=1.00e-06 (gamma: S0=0.0089, S1=0.0101)
2026-09-29 06:29:50 [INFO ]  Stage 2 finished. Total epochs used so far: 35/35
