2026-09-30 07:52:50 [INFO ]  Logging initialized. Log file: /content/drive/MyDrive/crack_seg/P3_C_Canonical_Base_D4_K2_H64_Phase4_LB0005/train.log
2026-09-30 07:52:50 [INFO ]  Loaded config from configs/p3_ablation/b2_p3_run_c_d4_k2_h64_phase4_lb0005.yaml
2026-09-30 07:52:50 [INFO ]  Using device: cuda
2026-09-30 07:52:50 [INFO ]  Evaluation protocol for validation: setting_a
2026-09-30 07:52:50 [INFO ]  Loading ConvNeXt-V2: convnextv2_femto.fcmae (pretrained=True)
2026-09-30 07:52:50 [INFO ]  Loading pretrained weights from Hugging Face hub (timm/convnextv2_femto.fcmae)
2026-09-30 07:52:50 [INFO ]  HTTP Request: GET https://huggingface.co/api/agent-harnesses "HTTP/1.1 200 OK"
2026-09-30 07:52:50 [INFO ]  HTTP Request: HEAD https://huggingface.co/timm/convnextv2_femto.fcmae/resolve/main/model.safetensors "HTTP/1.1 302 Found"
2026-09-30 07:52:50 [WARNI]  Warning: You are sending unauthenticated requests to the HF Hub. Please set a HF_TOKEN to enable higher rate limits and faster downloads.
2026-09-30 07:52:50 [INFO ]  HTTP Request: GET https://huggingface.co/api/models/timm/convnextv2_femto.fcmae/xet-read-token/ad8895ca0e753755810acaa2068a7ebf497e6b2a "HTTP/1.1 200 OK"
2026-09-30 07:52:51 [INFO ]  [timm/convnextv2_femto.fcmae] Safe alternative available for 'pytorch_model.bin' (as 'model.safetensors'). Loading weights using safetensors.
2026-09-30 07:52:51 [INFO ]  Removed ConvNeXt classification head
2026-09-30 07:52:51 [INFO ]  Loading ViT-Tiny: vit_tiny_patch16_224 (pretrained=True)
2026-09-30 07:52:51 [INFO ]  Loading pretrained weights from Hugging Face hub (timm/vit_tiny_patch16_224.augreg_in21k_ft_in1k)
2026-09-30 07:52:51 [INFO ]  HTTP Request: HEAD https://huggingface.co/timm/vit_tiny_patch16_224.augreg_in21k_ft_in1k/resolve/main/model.safetensors "HTTP/1.1 302 Found"
2026-09-30 07:52:52 [INFO ]  HTTP Request: GET https://huggingface.co/api/models/timm/vit_tiny_patch16_224.augreg_in21k_ft_in1k/xet-read-token/7d3afdd0cf93ad84d986eb2d6bcc5812ebd0b106 "HTTP/1.1 200 OK"
2026-09-30 07:52:52 [INFO ]  [timm/vit_tiny_patch16_224.augreg_in21k_ft_in1k] Safe alternative available for 'pytorch_model.bin' (as 'model.safetensors'). Loading weights using safetensors.
2026-09-30 07:52:52 [INFO ]  Configured 4 ViT blocks (embed_dim=192)
2026-09-30 07:52:52 [INFO ]  [Explicit CLS Handling] Detected 197 tokens in ViT pos_embed. Discarded CLS token (1 token), retained exactly 196 spatial patch tokens.
2026-09-30 07:52:52 [INFO ]  Loaded patch_pos: shape=(1, 196, 192) (grid: 14x14)
2026-09-30 07:52:52 [INFO ]  ================================================================================
2026-09-30 07:52:52 [INFO ]  BUILDING HETEROGENEOUS EXPERT POOL (CNN Stages + Transformer Blocks)
2026-09-30 07:52:52 [INFO ]  ================================================================================
2026-09-30 07:52:52 [INFO ]  
Step 1a: Wrapping ConvNeXt stages IN-PLACE...
2026-09-30 07:52:52 [INFO ]  Initialized SAGE Hierarchical Router: top_k=2, experts=8, gating=sigmoid, logit_modulation=True
2026-09-30 07:52:52 [INFO ]  Initialized SAGE Hierarchical Router: top_k=2, experts=8, gating=sigmoid, logit_modulation=True
2026-09-30 07:52:52 [INFO ]  Initialized SAGE Hierarchical Router: top_k=2, experts=8, gating=sigmoid, logit_modulation=True
2026-09-30 07:52:52 [INFO ]  Initialized SAGE Hierarchical Router: top_k=2, experts=8, gating=sigmoid, logit_modulation=True
2026-09-30 07:52:52 [INFO ]  
Step 1b: Wrapping Transformer blocks IN-PLACE...
2026-09-30 07:52:52 [INFO ]  Initialized SAGE Hierarchical Router: top_k=2, experts=8, gating=sigmoid, logit_modulation=True
2026-09-30 07:52:52 [INFO ]  Initialized SAGE Hierarchical Router: top_k=2, experts=8, gating=sigmoid, logit_modulation=True
2026-09-30 07:52:52 [INFO ]  Initialized SAGE Hierarchical Router: top_k=2, experts=8, gating=sigmoid, logit_modulation=True
2026-09-30 07:52:52 [INFO ]  Initialized SAGE Hierarchical Router: top_k=2, experts=8, gating=sigmoid, logit_modulation=True
2026-09-30 07:52:52 [INFO ]  
Step 2: Building expert pool from wrapped .main_block attributes...
2026-09-30 07:52:52 [INFO ]    - Added 4 CNN main_blocks to pool.
2026-09-30 07:52:52 [INFO ]    - Added 4 Transformer main_blocks to pool.
2026-09-30 07:52:52 [INFO ]  
[OK] Built expert pool with 8 experts, linked to all SageLayer instances.
2026-09-30 07:52:52 [INFO ]  ================================================================================
2026-09-30 07:52:52 [INFO ]  
================================================================================
2026-09-30 07:52:52 [INFO ]  PRE-POPULATING SAHUB ADAPTERS
2026-09-30 07:52:52 [INFO ]  ================================================================================
2026-09-30 07:52:52 [INFO ]     - Created a master set of 24 potential adapter layers.
2026-09-30 07:52:52 [INFO ]     - Populated 8 SAHub instances with all adapter layers.
2026-09-30 07:52:52 [INFO ]  ================================================================================
2026-09-30 07:52:53 [INFO ]  Loaded B2 with 4 ViT blocks, full SAGE-Lite injection, and p3_mode='C'
2026-09-30 07:52:53 [INFO ]  Initialized B2 model
2026-09-30 07:52:53 [INFO ]  P3-C Standalone Initialization: ImageNet-pretrained, no parent checkpoint
2026-09-30 07:52:53 [INFO ]  P3 Refinement gamma initialized: S0=0.0100, S1=0.0100
2026-09-30 07:52:53 [INFO ]  
========================================
STARTING STAGE 1
========================================
2026-09-30 07:52:53 [INFO ]  Stage 1 Optimizer: backbone_lr=1.00e-05, decoder_lr=1.00e-04, sage_lr=2.00e-04, p3_lr=1.00e-04
2026-09-30 08:01:29 [INFO ]  Epoch 1/17 - Train Loss: 2.0581 (LB: 0.0433), Train Dice: 0.1358 | Val Loss: 2.0274, Val Dice: 0.1527 | LR: BB=4.00e-06, Dec=3.40e-05, SAGE=6.73e-05, P3=3.40e-05 (gamma: S0=0.0099, S1=0.0100)
2026-09-30 08:01:29 [INFO ]  New best Stage 1 model saved with Val Dice: 0.1527 and Val Loss: 2.0274
2026-09-30 08:01:29 [INFO ]  *** New GLOBAL best model saved (Dice: 0.1527) ***
2026-09-30 08:04:37 [INFO ]  Epoch 2/17 - Train Loss: 1.7943 (LB: 0.0422), Train Dice: 0.4724 | Val Loss: 1.6398, Val Dice: 0.6209 | LR: BB=7.00e-06, Dec=6.70e-05, SAGE=1.34e-04, P3=6.70e-05 (gamma: S0=0.0093, S1=0.0103)
2026-09-30 08:04:37 [INFO ]  New best Stage 1 model saved with Val Dice: 0.6209 and Val Loss: 1.6398
2026-09-30 08:04:37 [INFO ]  *** New GLOBAL best model saved (Dice: 0.6209) ***
2026-09-30 08:07:26 [INFO ]  Epoch 3/17 - Train Loss: 1.6469 (LB: 0.0413), Train Dice: 0.5974 | Val Loss: 1.5869, Val Dice: 0.5972 | LR: BB=9.33e-06, Dec=9.26e-05, SAGE=1.85e-04, P3=9.26e-05 (gamma: S0=0.0104, S1=0.0111)
2026-09-30 08:10:07 [INFO ]  Epoch 4/17 - Train Loss: 1.5853 (LB: 0.0409), Train Dice: 0.6104 | Val Loss: 1.5395, Val Dice: 0.6920 | LR: BB=8.83e-06, Dec=8.71e-05, SAGE=1.74e-04, P3=8.71e-05 (gamma: S0=0.0103, S1=0.0107)
2026-09-30 08:10:07 [INFO ]  New best Stage 1 model saved with Val Dice: 0.6920 and Val Loss: 1.5395
2026-09-30 08:10:08 [INFO ]  *** New GLOBAL best model saved (Dice: 0.6920) ***
2026-09-30 08:12:46 [INFO ]  Epoch 5/17 - Train Loss: 1.5242 (LB: 0.0406), Train Dice: 0.6380 | Val Loss: 1.4840, Val Dice: 0.6341 | LR: BB=8.21e-06, Dec=8.03e-05, SAGE=1.60e-04, P3=8.03e-05 (gamma: S0=0.0113, S1=0.0110)
2026-09-30 08:15:19 [INFO ]  Epoch 6/17 - Train Loss: 1.4798 (LB: 0.0405), Train Dice: 0.6473 | Val Loss: 1.4247, Val Dice: 0.6326 | LR: BB=7.51e-06, Dec=7.26e-05, SAGE=1.45e-04, P3=7.26e-05 (gamma: S0=0.0124, S1=0.0116)
2026-09-30 08:17:59 [INFO ]  Epoch 7/17 - Train Loss: 1.4342 (LB: 0.0405), Train Dice: 0.6531 | Val Loss: 1.4295, Val Dice: 0.7119 | LR: BB=6.73e-06, Dec=6.40e-05, SAGE=1.28e-04, P3=6.40e-05 (gamma: S0=0.0130, S1=0.0115)
2026-09-30 08:17:59 [INFO ]  New best Stage 1 model saved with Val Dice: 0.7119 and Val Loss: 1.4295
2026-09-30 08:17:59 [INFO ]  *** New GLOBAL best model saved (Dice: 0.7119) ***
2026-09-30 08:20:41 [INFO ]  Epoch 8/17 - Train Loss: 1.3938 (LB: 0.0404), Train Dice: 0.6647 | Val Loss: 1.3934, Val Dice: 0.7262 | LR: BB=5.92e-06, Dec=5.51e-05, SAGE=1.10e-04, P3=5.51e-05 (gamma: S0=0.0128, S1=0.0129)
2026-09-30 08:20:41 [INFO ]  New best Stage 1 model saved with Val Dice: 0.7262 and Val Loss: 1.3934
2026-09-30 08:20:41 [INFO ]  *** New GLOBAL best model saved (Dice: 0.7262) ***
2026-09-30 08:23:15 [INFO ]  Epoch 9/17 - Train Loss: 1.3603 (LB: 0.0404), Train Dice: 0.6751 | Val Loss: 1.3350, Val Dice: 0.7116 | LR: BB=5.08e-06, Dec=4.59e-05, SAGE=9.13e-05, P3=4.59e-05 (gamma: S0=0.0139, S1=0.0130)
2026-09-30 08:25:51 [INFO ]  Epoch 10/17 - Train Loss: 1.3291 (LB: 0.0403), Train Dice: 0.6775 | Val Loss: 1.3170, Val Dice: 0.7321 | LR: BB=4.27e-06, Dec=3.70e-05, SAGE=7.33e-05, P3=3.70e-05 (gamma: S0=0.0140, S1=0.0127)
2026-09-30 08:25:51 [INFO ]  New best Stage 1 model saved with Val Dice: 0.7321 and Val Loss: 1.3170
2026-09-30 08:25:52 [INFO ]  *** New GLOBAL best model saved (Dice: 0.7321) ***
2026-09-30 08:28:24 [INFO ]  Epoch 11/17 - Train Loss: 1.3079 (LB: 0.0403), Train Dice: 0.6816 | Val Loss: 1.2965, Val Dice: 0.7232 | LR: BB=3.49e-06, Dec=2.84e-05, SAGE=5.61e-05, P3=2.84e-05 (gamma: S0=0.0141, S1=0.0137)
2026-09-30 08:30:57 [INFO ]  Epoch 12/17 - Train Loss: 1.2872 (LB: 0.0403), Train Dice: 0.6867 | Val Loss: 1.2763, Val Dice: 0.7194 | LR: BB=2.79e-06, Dec=2.07e-05, SAGE=4.05e-05, P3=2.07e-05 (gamma: S0=0.0140, S1=0.0137)
2026-09-30 08:33:29 [INFO ]  Epoch 13/17 - Train Loss: 1.2733 (LB: 0.0403), Train Dice: 0.6896 | Val Loss: 1.2792, Val Dice: 0.7228 | LR: BB=2.17e-06, Dec=1.39e-05, SAGE=2.70e-05, P3=1.39e-05 (gamma: S0=0.0136, S1=0.0137)
2026-09-30 08:36:03 [INFO ]  Epoch 14/17 - Train Loss: 1.2623 (LB: 0.0403), Train Dice: 0.6932 | Val Loss: 1.2555, Val Dice: 0.7242 | LR: BB=1.67e-06, Dec=8.41e-06, SAGE=1.59e-05, P3=8.41e-06 (gamma: S0=0.0134, S1=0.0136)
2026-09-30 08:38:35 [INFO ]  Epoch 15/17 - Train Loss: 1.2579 (LB: 0.0403), Train Dice: 0.6919 | Val Loss: 1.2545, Val Dice: 0.7285 | LR: BB=1.30e-06, Dec=4.34e-06, SAGE=7.72e-06, P3=4.34e-06 (gamma: S0=0.0134, S1=0.0137)
2026-09-30 08:41:12 [INFO ]  Epoch 16/17 - Train Loss: 1.2529 (LB: 0.0403), Train Dice: 0.6940 | Val Loss: 1.2567, Val Dice: 0.7229 | LR: BB=1.08e-06, Dec=1.84e-06, SAGE=2.69e-06, P3=1.84e-06 (gamma: S0=0.0134, S1=0.0136)
2026-09-30 08:41:13 [INFO ]  EarlyStopping triggered at epoch 16 (Patience: 6)
2026-09-30 08:41:13 [INFO ]  Stage 1 finished. Total epochs used so far: 16/35
2026-09-30 08:41:13 [INFO ]  
========================================
STARTING STAGE 2
========================================
2026-09-30 08:41:13 [INFO ]  Loading best Stage 1 checkpoint from /content/drive/MyDrive/crack_seg/P3_C_Canonical_Base_D4_K2_H64_Phase4_LB0005/best_model_b2_stage1.pth
2026-09-30 08:41:13 [INFO ]  Stage 2: Updated shared expert indices to [0, 1, 2, 3]
2026-09-30 08:41:13 [INFO ]  Stage 2 Optimizer: shared_lr=1.00e-04, base_lr=1.00e-04, sage_lr=1.00e-04, p3_lr=1.00e-04
2026-09-30 08:43:42 [INFO ]  Epoch 1/19 - Train Loss: 1.3144 (LB: 0.0403), Train Dice: 0.6916 | Val Loss: 1.3218, Val Dice: 0.7257 | LR: Shared=3.40e-05, Base=3.40e-05, P3=3.40e-05 (gamma: S0=0.0140, S1=0.0128)
2026-09-30 08:43:42 [INFO ]  New best Stage 2 model saved with Val Dice: 0.7257 and Val Loss: 1.3218
2026-09-30 08:46:17 [INFO ]  Epoch 2/19 - Train Loss: 1.3085 (LB: 0.0403), Train Dice: 0.6777 | Val Loss: 1.3262, Val Dice: 0.7148 | LR: Shared=6.70e-05, Base=6.70e-05, P3=6.70e-05 (gamma: S0=0.0147, S1=0.0131)
2026-09-30 08:48:47 [INFO ]  Epoch 3/19 - Train Loss: 1.2880 (LB: 0.0403), Train Dice: 0.6720 | Val Loss: 1.2454, Val Dice: 0.7105 | LR: Shared=9.40e-05, Base=9.40e-05, P3=9.40e-05 (gamma: S0=0.0142, S1=0.0141)
2026-09-30 08:51:22 [INFO ]  Epoch 4/19 - Train Loss: 1.2510 (LB: 0.0403), Train Dice: 0.6761 | Val Loss: 1.2500, Val Dice: 0.7344 | LR: Shared=8.96e-05, Base=8.96e-05, P3=8.96e-05 (gamma: S0=0.0135, S1=0.0134)
2026-09-30 08:51:23 [INFO ]  New best Stage 2 model saved with Val Dice: 0.7344 and Val Loss: 1.2500
2026-09-30 08:51:23 [INFO ]  *** New GLOBAL best model saved (Dice: 0.7344) ***
2026-09-30 08:54:07 [INFO ]  Epoch 5/19 - Train Loss: 1.2072 (LB: 0.0403), Train Dice: 0.6787 | Val Loss: 1.1919, Val Dice: 0.7057 | LR: Shared=8.40e-05, Base=8.40e-05, P3=8.40e-05 (gamma: S0=0.0147, S1=0.0131)
2026-09-30 08:56:45 [INFO ]  Epoch 6/19 - Train Loss: 1.1602 (LB: 0.0402), Train Dice: 0.6931 | Val Loss: 1.1137, Val Dice: 0.7011 | LR: Shared=7.76e-05, Base=7.76e-05, P3=7.76e-05 (gamma: S0=0.0158, S1=0.0132)
2026-09-30 08:59:24 [INFO ]  Epoch 7/19 - Train Loss: 1.1170 (LB: 0.0402), Train Dice: 0.6986 | Val Loss: 1.0867, Val Dice: 0.7353 | LR: Shared=7.04e-05, Base=7.04e-05, P3=7.04e-05 (gamma: S0=0.0160, S1=0.0136)
2026-09-30 08:59:24 [INFO ]  New best Stage 2 model saved with Val Dice: 0.7353 and Val Loss: 1.0867
2026-09-30 08:59:24 [INFO ]  *** New GLOBAL best model saved (Dice: 0.7353) ***
2026-09-30 09:02:07 [INFO ]  Epoch 8/19 - Train Loss: 1.0833 (LB: 0.0402), Train Dice: 0.7027 | Val Loss: 1.0943, Val Dice: 0.7122 | LR: Shared=6.27e-05, Base=6.27e-05, P3=6.27e-05 (gamma: S0=0.0157, S1=0.0140)
2026-09-30 09:04:38 [INFO ]  Epoch 9/19 - Train Loss: 1.0510 (LB: 0.0402), Train Dice: 0.7076 | Val Loss: 1.0187, Val Dice: 0.7483 | LR: Shared=5.46e-05, Base=5.46e-05, P3=5.46e-05 (gamma: S0=0.0159, S1=0.0141)
2026-09-30 09:04:38 [INFO ]  New best Stage 2 model saved with Val Dice: 0.7483 and Val Loss: 1.0187
2026-09-30 09:04:38 [INFO ]  *** New GLOBAL best model saved (Dice: 0.7483) ***
2026-09-30 09:07:13 [INFO ]  Epoch 10/19 - Train Loss: 1.0228 (LB: 0.0402), Train Dice: 0.7119 | Val Loss: 1.0351, Val Dice: 0.7355 | LR: Shared=4.64e-05, Base=4.64e-05, P3=4.64e-05 (gamma: S0=0.0164, S1=0.0144)
2026-09-30 09:09:54 [INFO ]  Epoch 11/19 - Train Loss: 0.9980 (LB: 0.0402), Train Dice: 0.7163 | Val Loss: 1.0365, Val Dice: 0.7270 | LR: Shared=3.83e-05, Base=3.83e-05, P3=3.83e-05 (gamma: S0=0.0161, S1=0.0146)
2026-09-30 09:12:28 [INFO ]  Epoch 12/19 - Train Loss: 0.9717 (LB: 0.0402), Train Dice: 0.7232 | Val Loss: 0.9789, Val Dice: 0.7404 | LR: Shared=3.06e-05, Base=3.06e-05, P3=3.06e-05 (gamma: S0=0.0162, S1=0.0148)
2026-09-30 09:15:02 [INFO ]  Epoch 13/19 - Train Loss: 0.9575 (LB: 0.0402), Train Dice: 0.7274 | Val Loss: 1.0045, Val Dice: 0.7416 | LR: Shared=2.34e-05, Base=2.34e-05, P3=2.34e-05 (gamma: S0=0.0164, S1=0.0148)
2026-09-30 09:17:34 [INFO ]  Epoch 14/19 - Train Loss: 0.9419 (LB: 0.0402), Train Dice: 0.7296 | Val Loss: 0.9938, Val Dice: 0.7442 | LR: Shared=1.70e-05, Base=1.70e-05, P3=1.70e-05 (gamma: S0=0.0165, S1=0.0145)
2026-09-30 09:20:12 [INFO ]  Epoch 15/19 - Train Loss: 0.9372 (LB: 0.0402), Train Dice: 0.7311 | Val Loss: 0.9866, Val Dice: 0.7552 | LR: Shared=1.14e-05, Base=1.14e-05, P3=1.14e-05 (gamma: S0=0.0164, S1=0.0147)
2026-09-30 09:20:12 [INFO ]  New best Stage 2 model saved with Val Dice: 0.7552 and Val Loss: 0.9866
2026-09-30 09:20:12 [INFO ]  *** New GLOBAL best model saved (Dice: 0.7552) ***
2026-09-30 09:22:44 [INFO ]  Epoch 16/19 - Train Loss: 0.9233 (LB: 0.0402), Train Dice: 0.7363 | Val Loss: 0.9617, Val Dice: 0.7512 | LR: Shared=6.97e-06, Base=6.97e-06, P3=6.97e-06 (gamma: S0=0.0162, S1=0.0148)
2026-09-30 09:25:20 [INFO ]  Epoch 17/19 - Train Loss: 0.9248 (LB: 0.0402), Train Dice: 0.7277 | Val Loss: 0.9553, Val Dice: 0.7557 | LR: Shared=3.68e-06, Base=3.68e-06, P3=3.68e-06 (gamma: S0=0.0163, S1=0.0149)
2026-09-30 09:25:21 [INFO ]  New best Stage 2 model saved with Val Dice: 0.7557 and Val Loss: 0.9553
2026-09-30 09:25:21 [INFO ]  *** New GLOBAL best model saved (Dice: 0.7557) ***
2026-09-30 09:27:55 [INFO ]  Epoch 18/19 - Train Loss: 0.9184 (LB: 0.0402), Train Dice: 0.7352 | Val Loss: 0.9625, Val Dice: 0.7548 | LR: Shared=1.68e-06, Base=1.68e-06, P3=1.68e-06 (gamma: S0=0.0163, S1=0.0149)
2026-09-30 09:30:26 [INFO ]  Epoch 19/19 - Train Loss: 0.9166 (LB: 0.0402), Train Dice: 0.7369 | Val Loss: 0.9572, Val Dice: 0.7580 | LR: Shared=1.00e-06, Base=1.00e-06, P3=1.00e-06 (gamma: S0=0.0163, S1=0.0148)
2026-09-30 09:30:26 [INFO ]  New best Stage 2 model saved with Val Dice: 0.7580 and Val Loss: 0.9572
2026-09-30 09:30:26 [INFO ]  *** New GLOBAL best model saved (Dice: 0.7580) ***
2026-09-30 09:30:27 [INFO ]  Stage 2 finished. Total epochs used so far: 35/35
