2026-09-27 05:55:03 [INFO ]  Logging initialized. Log file: /content/drive/MyDrive/crack_seg/P3_C_Canonical_Base_D8/train.log
2026-09-27 05:55:03 [INFO ]  Loaded config from configs/p3_ablation/b2_p3_run_c_d8.yaml
2026-09-27 05:55:03 [INFO ]  Using device: cuda
2026-09-27 05:55:03 [INFO ]  Evaluation protocol for validation: setting_a
2026-09-27 05:55:03 [INFO ]  Loading ConvNeXt-V2: convnextv2_femto.fcmae (pretrained=True)
2026-09-27 05:55:03 [INFO ]  Loading pretrained weights from Hugging Face hub (timm/convnextv2_femto.fcmae)
2026-09-27 05:55:03 [INFO ]  HTTP Request: GET https://huggingface.co/api/agent-harnesses "HTTP/1.1 200 OK"
2026-09-27 05:55:03 [INFO ]  HTTP Request: HEAD https://huggingface.co/timm/convnextv2_femto.fcmae/resolve/main/model.safetensors "HTTP/1.1 302 Found"
2026-09-27 05:55:03 [INFO ]  HTTP Request: GET https://huggingface.co/api/models/timm/convnextv2_femto.fcmae/xet-read-token/ad8895ca0e753755810acaa2068a7ebf497e6b2a "HTTP/1.1 200 OK"
2026-09-27 05:55:04 [INFO ]  [timm/convnextv2_femto.fcmae] Safe alternative available for 'pytorch_model.bin' (as 'model.safetensors'). Loading weights using safetensors.
2026-09-27 05:55:05 [INFO ]  Removed ConvNeXt classification head
2026-09-27 05:55:05 [INFO ]  Loading ViT-Tiny: vit_tiny_patch16_224 (pretrained=True)
2026-09-27 05:55:05 [INFO ]  Loading pretrained weights from Hugging Face hub (timm/vit_tiny_patch16_224.augreg_in21k_ft_in1k)
2026-09-27 05:55:05 [INFO ]  HTTP Request: HEAD https://huggingface.co/timm/vit_tiny_patch16_224.augreg_in21k_ft_in1k/resolve/main/model.safetensors "HTTP/1.1 302 Found"
2026-09-27 05:55:05 [INFO ]  HTTP Request: GET https://huggingface.co/api/models/timm/vit_tiny_patch16_224.augreg_in21k_ft_in1k/xet-read-token/7d3afdd0cf93ad84d986eb2d6bcc5812ebd0b106 "HTTP/1.1 200 OK"
2026-09-27 05:55:06 [INFO ]  [timm/vit_tiny_patch16_224.augreg_in21k_ft_in1k] Safe alternative available for 'pytorch_model.bin' (as 'model.safetensors'). Loading weights using safetensors.
2026-09-27 05:55:06 [INFO ]  Configured 8 ViT blocks (embed_dim=192)
2026-09-27 05:55:06 [INFO ]  [Explicit CLS Handling] Detected 197 tokens in ViT pos_embed. Discarded CLS token (1 token), retained exactly 196 spatial patch tokens.
2026-09-27 05:55:06 [INFO ]  Loaded patch_pos: shape=(1, 196, 192) (grid: 14x14)
2026-09-27 05:55:06 [INFO ]  ================================================================================
2026-09-27 05:55:06 [INFO ]  BUILDING HETEROGENEOUS EXPERT POOL (CNN Stages + Transformer Blocks)
2026-09-27 05:55:06 [INFO ]  ================================================================================
2026-09-27 05:55:06 [INFO ]  
Step 1a: Wrapping ConvNeXt stages IN-PLACE...
2026-09-27 05:55:06 [INFO ]  Initialized SAGE Hierarchical Router: top_k=4, experts=12, gating=sigmoid, logit_modulation=True
2026-09-27 05:55:06 [INFO ]  Initialized SAGE Hierarchical Router: top_k=4, experts=12, gating=sigmoid, logit_modulation=True
2026-09-27 05:55:06 [INFO ]  Initialized SAGE Hierarchical Router: top_k=4, experts=12, gating=sigmoid, logit_modulation=True
2026-09-27 05:55:06 [INFO ]  Initialized SAGE Hierarchical Router: top_k=4, experts=12, gating=sigmoid, logit_modulation=True
2026-09-27 05:55:06 [INFO ]  
Step 1b: Wrapping Transformer blocks IN-PLACE...
2026-09-27 05:55:06 [INFO ]  Initialized SAGE Hierarchical Router: top_k=4, experts=12, gating=sigmoid, logit_modulation=True
2026-09-27 05:55:06 [INFO ]  Initialized SAGE Hierarchical Router: top_k=4, experts=12, gating=sigmoid, logit_modulation=True
2026-09-27 05:55:06 [INFO ]  Initialized SAGE Hierarchical Router: top_k=4, experts=12, gating=sigmoid, logit_modulation=True
2026-09-27 05:55:06 [INFO ]  Initialized SAGE Hierarchical Router: top_k=4, experts=12, gating=sigmoid, logit_modulation=True
2026-09-27 05:55:06 [INFO ]  Initialized SAGE Hierarchical Router: top_k=4, experts=12, gating=sigmoid, logit_modulation=True
2026-09-27 05:55:06 [INFO ]  Initialized SAGE Hierarchical Router: top_k=4, experts=12, gating=sigmoid, logit_modulation=True
2026-09-27 05:55:06 [INFO ]  Initialized SAGE Hierarchical Router: top_k=4, experts=12, gating=sigmoid, logit_modulation=True
2026-09-27 05:55:06 [INFO ]  Initialized SAGE Hierarchical Router: top_k=4, experts=12, gating=sigmoid, logit_modulation=True
2026-09-27 05:55:06 [INFO ]  
Step 2: Building expert pool from wrapped .main_block attributes...
2026-09-27 05:55:06 [INFO ]    - Added 4 CNN main_blocks to pool.
2026-09-27 05:55:06 [INFO ]    - Added 8 Transformer main_blocks to pool.
2026-09-27 05:55:06 [INFO ]  
[OK] Built expert pool with 12 experts, linked to all SageLayer instances.
2026-09-27 05:55:06 [INFO ]  ================================================================================
2026-09-27 05:55:06 [INFO ]  
================================================================================
2026-09-27 05:55:06 [INFO ]  PRE-POPULATING SAHUB ADAPTERS
2026-09-27 05:55:06 [INFO ]  ================================================================================
2026-09-27 05:55:06 [INFO ]     - Created a master set of 24 potential adapter layers.
2026-09-27 05:55:06 [INFO ]     - Populated 12 SAHub instances with all adapter layers.
2026-09-27 05:55:06 [INFO ]  ================================================================================
2026-09-27 05:55:06 [INFO ]  Loaded B2 with 8 ViT blocks, full SAGE-Lite injection, and p3_mode='C'
2026-09-27 05:55:06 [INFO ]  Initialized B2 model
2026-09-27 05:55:06 [INFO ]  Loading checkpoint from /content/drive/MyDrive/crack_seg/P3_C_Canonical_Base_D8/best_model_b2_global.pth (resume/continue mechanism)...
2026-09-27 05:55:09 [INFO ]  P3 Refinement gamma preserved from checkpoint: S0=0.0126, S1=0.0155
2026-09-27 05:55:09 [INFO ]  Loading Stage 2 checkpoint for continuation: /content/drive/MyDrive/crack_seg/P3_C_Canonical_Base_D8/best_model_b2_global.pth
2026-09-27 05:55:09 [INFO ]  Stage 2 Extension baseline initialized from /content/drive/MyDrive/crack_seg/P3_C_Canonical_Base_D8/best_model_b2_global.pth: Best Val Dice=0.7596, Best Val Loss=1.0700 (recorded at original Epoch 13)
2026-09-27 05:55:09 [INFO ]  Stage 2 Extension learned gamma confirmed: S0=0.0126, S1=0.0155
2026-09-27 05:55:09 [INFO ]  
========================================
STARTING STAGE 2
========================================
2026-09-27 05:55:09 [INFO ]  Stage 2: Updated shared expert indices to [0, 1, 2, 3]
2026-09-27 05:55:09 [INFO ]  Stage 2 Optimizer: shared_lr=1.00e-04, base_lr=1.00e-04, p3_lr=1.00e-04
2026-09-27 05:55:09 [INFO ]  Stage 2 Extension starting with baseline Dice=0.7596, Loss=1.0700, initial epochs_no_improve=0/6
2026-09-27 06:06:46 [INFO ]  Epoch 1/10 - Train Loss: 1.1136 (LB: 0.1206), Train Dice: 0.7224 | Val Loss: 1.0541, Val Dice: 0.7528 | LR: Shared=3.40e-05, Others=3.40e-05, P3=3.40e-05 (gamma: S0=0.0126, S1=0.0155)
2026-09-27 06:11:43 [INFO ]  Epoch 2/10 - Train Loss: 1.1087 (LB: 0.1206), Train Dice: 0.7171 | Val Loss: 1.0434, Val Dice: 0.7428 | LR: Shared=6.70e-05, Others=6.70e-05, P3=6.70e-05 (gamma: S0=0.0122, S1=0.0156)
2026-09-27 06:16:53 [INFO ]  Epoch 3/10 - Train Loss: 1.0960 (LB: 0.1206), Train Dice: 0.7088 | Val Loss: 1.0434, Val Dice: 0.7331 | LR: Shared=7.96e-05, Others=7.96e-05, P3=7.96e-05 (gamma: S0=0.0129, S1=0.0156)
2026-09-27 06:21:46 [INFO ]  Epoch 4/10 - Train Loss: 1.0660 (LB: 0.1205), Train Dice: 0.7106 | Val Loss: 1.0022, Val Dice: 0.7517 | LR: Shared=6.58e-05, Others=6.58e-05, P3=6.58e-05 (gamma: S0=0.0120, S1=0.0161)
2026-09-27 06:26:21 [INFO ]  Epoch 5/10 - Train Loss: 1.0325 (LB: 0.1205), Train Dice: 0.7148 | Val Loss: 0.9533, Val Dice: 0.7499 | LR: Shared=5.05e-05, Others=5.05e-05, P3=5.05e-05 (gamma: S0=0.0114, S1=0.0162)
2026-09-27 06:30:49 [INFO ]  Epoch 6/10 - Train Loss: 1.0079 (LB: 0.1205), Train Dice: 0.7188 | Val Loss: 0.9690, Val Dice: 0.7387 | LR: Shared=3.52e-05, Others=3.52e-05, P3=3.52e-05 (gamma: S0=0.0120, S1=0.0158)
2026-09-27 06:30:49 [INFO ]  EarlyStopping triggered at epoch 6 (Patience: 6)
2026-09-27 06:30:49 [INFO ]  Stage 2 finished. Total epochs used so far: 6/30
