2026-09-30 12:16:31 [INFO ]  Logging initialized. Log file: /content/drive/MyDrive/crack_seg/P3_C_Phase6_A1_BoundaryIoU_D4_K2_H64/train.log
2026-09-30 12:16:31 [INFO ]  Loaded config from configs/p3_ablation/b2_p3_run_c_d4_k2_h64_phase6_a1_boundary_iou.yaml
2026-09-30 12:16:31 [INFO ]  Using device: cuda
2026-09-30 12:16:31 [INFO ]  Evaluation protocol for validation: setting_a
2026-09-30 12:16:31 [INFO ]  Loading ConvNeXt-V2: convnextv2_femto.fcmae (pretrained=True)
2026-09-30 12:16:31 [INFO ]  Loading pretrained weights from Hugging Face hub (timm/convnextv2_femto.fcmae)
2026-09-30 12:16:31 [INFO ]  HTTP Request: HEAD https://huggingface.co/timm/convnextv2_femto.fcmae/resolve/main/model.safetensors "HTTP/1.1 302 Found"
2026-09-30 12:16:31 [INFO ]  [timm/convnextv2_femto.fcmae] Safe alternative available for 'pytorch_model.bin' (as 'model.safetensors'). Loading weights using safetensors.
2026-09-30 12:16:31 [INFO ]  Removed ConvNeXt classification head
2026-09-30 12:16:31 [INFO ]  Loading ViT-Tiny: vit_tiny_patch16_224 (pretrained=True)
2026-09-30 12:16:31 [INFO ]  Loading pretrained weights from Hugging Face hub (timm/vit_tiny_patch16_224.augreg_in21k_ft_in1k)
2026-09-30 12:16:31 [INFO ]  HTTP Request: HEAD https://huggingface.co/timm/vit_tiny_patch16_224.augreg_in21k_ft_in1k/resolve/main/model.safetensors "HTTP/1.1 302 Found"
2026-09-30 12:16:31 [WARNI]  Warning: You are sending unauthenticated requests to the HF Hub. Please set a HF_TOKEN to enable higher rate limits and faster downloads.
2026-09-30 12:16:31 [INFO ]  [timm/vit_tiny_patch16_224.augreg_in21k_ft_in1k] Safe alternative available for 'pytorch_model.bin' (as 'model.safetensors'). Loading weights using safetensors.
2026-09-30 12:16:31 [INFO ]  Configured 4 ViT blocks (embed_dim=192)
2026-09-30 12:16:31 [INFO ]  [Explicit CLS Handling] Detected 197 tokens in ViT pos_embed. Discarded CLS token (1 token), retained exactly 196 spatial patch tokens.
2026-09-30 12:16:31 [INFO ]  Loaded patch_pos: shape=(1, 196, 192) (grid: 14x14)
2026-09-30 12:16:31 [INFO ]  ================================================================================
2026-09-30 12:16:31 [INFO ]  BUILDING HETEROGENEOUS EXPERT POOL (CNN Stages + Transformer Blocks)
2026-09-30 12:16:31 [INFO ]  ================================================================================
2026-09-30 12:16:31 [INFO ]  
Step 1a: Wrapping ConvNeXt stages IN-PLACE...
2026-09-30 12:16:31 [INFO ]  Initialized SAGE Hierarchical Router: top_k=2, experts=8, gating=sigmoid, logit_modulation=True
2026-09-30 12:16:31 [INFO ]  Initialized SAGE Hierarchical Router: top_k=2, experts=8, gating=sigmoid, logit_modulation=True
2026-09-30 12:16:31 [INFO ]  Initialized SAGE Hierarchical Router: top_k=2, experts=8, gating=sigmoid, logit_modulation=True
2026-09-30 12:16:31 [INFO ]  Initialized SAGE Hierarchical Router: top_k=2, experts=8, gating=sigmoid, logit_modulation=True
2026-09-30 12:16:31 [INFO ]  
Step 1b: Wrapping Transformer blocks IN-PLACE...
2026-09-30 12:16:31 [INFO ]  Initialized SAGE Hierarchical Router: top_k=2, experts=8, gating=sigmoid, logit_modulation=True
2026-09-30 12:16:31 [INFO ]  Initialized SAGE Hierarchical Router: top_k=2, experts=8, gating=sigmoid, logit_modulation=True
2026-09-30 12:16:31 [INFO ]  Initialized SAGE Hierarchical Router: top_k=2, experts=8, gating=sigmoid, logit_modulation=True
2026-09-30 12:16:31 [INFO ]  Initialized SAGE Hierarchical Router: top_k=2, experts=8, gating=sigmoid, logit_modulation=True
2026-09-30 12:16:31 [INFO ]  
Step 2: Building expert pool from wrapped .main_block attributes...
2026-09-30 12:16:31 [INFO ]    - Added 4 CNN main_blocks to pool.
2026-09-30 12:16:31 [INFO ]    - Added 4 Transformer main_blocks to pool.
2026-09-30 12:16:31 [INFO ]  
[OK] Built expert pool with 8 experts, linked to all SageLayer instances.
2026-09-30 12:16:31 [INFO ]  ================================================================================
2026-09-30 12:16:31 [INFO ]  
================================================================================
2026-09-30 12:16:31 [INFO ]  PRE-POPULATING SAHUB ADAPTERS
2026-09-30 12:16:31 [INFO ]  ================================================================================
2026-09-30 12:16:32 [INFO ]     - Created a master set of 24 potential adapter layers.
2026-09-30 12:16:32 [INFO ]     - Populated 8 SAHub instances with all adapter layers.
2026-09-30 12:16:32 [INFO ]  ================================================================================
2026-09-30 12:16:32 [INFO ]  Loaded B2 with 4 ViT blocks, full SAGE-Lite injection, and p3_mode='C'
2026-09-30 12:16:32 [INFO ]  Initialized B2 model
2026-09-30 12:16:32 [INFO ]  Loading checkpoint from /content/best_model_b2_stage1.pth (resume/continue mechanism)...
2026-09-30 12:19:03 [INFO ]  Logging initialized. Log file: /content/drive/MyDrive/crack_seg/P3_C_Phase6_A1_BoundaryIoU_D4_K2_H64/train.log
2026-09-30 12:19:03 [INFO ]  Loaded config from configs/p3_ablation/b2_p3_run_c_d4_k2_h64_phase6_a1_boundary_iou.yaml
2026-09-30 12:19:03 [INFO ]  Using device: cuda
2026-09-30 12:19:03 [INFO ]  Evaluation protocol for validation: setting_a
2026-09-30 12:19:03 [INFO ]  Loading ConvNeXt-V2: convnextv2_femto.fcmae (pretrained=True)
2026-09-30 12:19:03 [INFO ]  Loading pretrained weights from Hugging Face hub (timm/convnextv2_femto.fcmae)
2026-09-30 12:19:03 [INFO ]  HTTP Request: HEAD https://huggingface.co/timm/convnextv2_femto.fcmae/resolve/main/model.safetensors "HTTP/1.1 302 Found"
2026-09-30 12:19:03 [WARNI]  Warning: You are sending unauthenticated requests to the HF Hub. Please set a HF_TOKEN to enable higher rate limits and faster downloads.
2026-09-30 12:19:03 [INFO ]  [timm/convnextv2_femto.fcmae] Safe alternative available for 'pytorch_model.bin' (as 'model.safetensors'). Loading weights using safetensors.
2026-09-30 12:19:04 [INFO ]  Removed ConvNeXt classification head
2026-09-30 12:19:04 [INFO ]  Loading ViT-Tiny: vit_tiny_patch16_224 (pretrained=True)
2026-09-30 12:19:04 [INFO ]  Loading pretrained weights from Hugging Face hub (timm/vit_tiny_patch16_224.augreg_in21k_ft_in1k)
2026-09-30 12:19:04 [INFO ]  HTTP Request: HEAD https://huggingface.co/timm/vit_tiny_patch16_224.augreg_in21k_ft_in1k/resolve/main/model.safetensors "HTTP/1.1 302 Found"
2026-09-30 12:19:04 [INFO ]  [timm/vit_tiny_patch16_224.augreg_in21k_ft_in1k] Safe alternative available for 'pytorch_model.bin' (as 'model.safetensors'). Loading weights using safetensors.
2026-09-30 12:19:04 [INFO ]  Configured 4 ViT blocks (embed_dim=192)
2026-09-30 12:19:04 [INFO ]  [Explicit CLS Handling] Detected 197 tokens in ViT pos_embed. Discarded CLS token (1 token), retained exactly 196 spatial patch tokens.
2026-09-30 12:19:04 [INFO ]  Loaded patch_pos: shape=(1, 196, 192) (grid: 14x14)
2026-09-30 12:19:04 [INFO ]  ================================================================================
2026-09-30 12:19:04 [INFO ]  BUILDING HETEROGENEOUS EXPERT POOL (CNN Stages + Transformer Blocks)
2026-09-30 12:19:04 [INFO ]  ================================================================================
2026-09-30 12:19:04 [INFO ]  
Step 1a: Wrapping ConvNeXt stages IN-PLACE...
2026-09-30 12:19:04 [INFO ]  Initialized SAGE Hierarchical Router: top_k=2, experts=8, gating=sigmoid, logit_modulation=True
2026-09-30 12:19:04 [INFO ]  Initialized SAGE Hierarchical Router: top_k=2, experts=8, gating=sigmoid, logit_modulation=True
2026-09-30 12:19:04 [INFO ]  Initialized SAGE Hierarchical Router: top_k=2, experts=8, gating=sigmoid, logit_modulation=True
2026-09-30 12:19:04 [INFO ]  Initialized SAGE Hierarchical Router: top_k=2, experts=8, gating=sigmoid, logit_modulation=True
2026-09-30 12:19:04 [INFO ]  
Step 1b: Wrapping Transformer blocks IN-PLACE...
2026-09-30 12:19:04 [INFO ]  Initialized SAGE Hierarchical Router: top_k=2, experts=8, gating=sigmoid, logit_modulation=True
2026-09-30 12:19:04 [INFO ]  Initialized SAGE Hierarchical Router: top_k=2, experts=8, gating=sigmoid, logit_modulation=True
2026-09-30 12:19:04 [INFO ]  Initialized SAGE Hierarchical Router: top_k=2, experts=8, gating=sigmoid, logit_modulation=True
2026-09-30 12:19:04 [INFO ]  Initialized SAGE Hierarchical Router: top_k=2, experts=8, gating=sigmoid, logit_modulation=True
2026-09-30 12:19:04 [INFO ]  
Step 2: Building expert pool from wrapped .main_block attributes...
2026-09-30 12:19:04 [INFO ]    - Added 4 CNN main_blocks to pool.
2026-09-30 12:19:04 [INFO ]    - Added 4 Transformer main_blocks to pool.
2026-09-30 12:19:04 [INFO ]  
[OK] Built expert pool with 8 experts, linked to all SageLayer instances.
2026-09-30 12:19:04 [INFO ]  ================================================================================
2026-09-30 12:19:04 [INFO ]  
================================================================================
2026-09-30 12:19:04 [INFO ]  PRE-POPULATING SAHUB ADAPTERS
2026-09-30 12:19:04 [INFO ]  ================================================================================
2026-09-30 12:19:04 [INFO ]     - Created a master set of 24 potential adapter layers.
2026-09-30 12:19:04 [INFO ]     - Populated 8 SAHub instances with all adapter layers.
2026-09-30 12:19:04 [INFO ]  ================================================================================
2026-09-30 12:19:04 [INFO ]  Loaded B2 with 4 ViT blocks, full SAGE-Lite injection, and p3_mode='C'
2026-09-30 12:19:04 [INFO ]  Initialized B2 model
2026-09-30 12:19:04 [INFO ]  Loading checkpoint from /content/best_model_b2_stage1.pth (resume/continue mechanism)...
2026-09-30 12:19:59 [INFO ]  Logging initialized. Log file: /content/drive/MyDrive/crack_seg/P3_C_Phase6_A1_BoundaryIoU_D4_K2_H64/train.log
2026-09-30 12:19:59 [INFO ]  Loaded config from configs/p3_ablation/b2_p3_run_c_d4_k2_h64_phase6_a1_boundary_iou.yaml
2026-09-30 12:19:59 [INFO ]  Using device: cuda
2026-09-30 12:19:59 [INFO ]  Evaluation protocol for validation: setting_a
2026-09-30 12:19:59 [INFO ]  Loading ConvNeXt-V2: convnextv2_femto.fcmae (pretrained=True)
2026-09-30 12:19:59 [INFO ]  Loading pretrained weights from Hugging Face hub (timm/convnextv2_femto.fcmae)
2026-09-30 12:19:59 [INFO ]  HTTP Request: HEAD https://huggingface.co/timm/convnextv2_femto.fcmae/resolve/main/model.safetensors "HTTP/1.1 302 Found"
2026-09-30 12:19:59 [WARNI]  Warning: You are sending unauthenticated requests to the HF Hub. Please set a HF_TOKEN to enable higher rate limits and faster downloads.
2026-09-30 12:19:59 [INFO ]  [timm/convnextv2_femto.fcmae] Safe alternative available for 'pytorch_model.bin' (as 'model.safetensors'). Loading weights using safetensors.
2026-09-30 12:19:59 [INFO ]  Removed ConvNeXt classification head
2026-09-30 12:19:59 [INFO ]  Loading ViT-Tiny: vit_tiny_patch16_224 (pretrained=True)
2026-09-30 12:19:59 [INFO ]  Loading pretrained weights from Hugging Face hub (timm/vit_tiny_patch16_224.augreg_in21k_ft_in1k)
2026-09-30 12:19:59 [INFO ]  HTTP Request: HEAD https://huggingface.co/timm/vit_tiny_patch16_224.augreg_in21k_ft_in1k/resolve/main/model.safetensors "HTTP/1.1 302 Found"
2026-09-30 12:19:59 [INFO ]  [timm/vit_tiny_patch16_224.augreg_in21k_ft_in1k] Safe alternative available for 'pytorch_model.bin' (as 'model.safetensors'). Loading weights using safetensors.
2026-09-30 12:19:59 [INFO ]  Configured 4 ViT blocks (embed_dim=192)
2026-09-30 12:19:59 [INFO ]  [Explicit CLS Handling] Detected 197 tokens in ViT pos_embed. Discarded CLS token (1 token), retained exactly 196 spatial patch tokens.
2026-09-30 12:19:59 [INFO ]  Loaded patch_pos: shape=(1, 196, 192) (grid: 14x14)
2026-09-30 12:19:59 [INFO ]  ================================================================================
2026-09-30 12:19:59 [INFO ]  BUILDING HETEROGENEOUS EXPERT POOL (CNN Stages + Transformer Blocks)
2026-09-30 12:19:59 [INFO ]  ================================================================================
2026-09-30 12:19:59 [INFO ]  
Step 1a: Wrapping ConvNeXt stages IN-PLACE...
2026-09-30 12:19:59 [INFO ]  Initialized SAGE Hierarchical Router: top_k=2, experts=8, gating=sigmoid, logit_modulation=True
2026-09-30 12:19:59 [INFO ]  Initialized SAGE Hierarchical Router: top_k=2, experts=8, gating=sigmoid, logit_modulation=True
2026-09-30 12:19:59 [INFO ]  Initialized SAGE Hierarchical Router: top_k=2, experts=8, gating=sigmoid, logit_modulation=True
2026-09-30 12:19:59 [INFO ]  Initialized SAGE Hierarchical Router: top_k=2, experts=8, gating=sigmoid, logit_modulation=True
2026-09-30 12:19:59 [INFO ]  
Step 1b: Wrapping Transformer blocks IN-PLACE...
2026-09-30 12:19:59 [INFO ]  Initialized SAGE Hierarchical Router: top_k=2, experts=8, gating=sigmoid, logit_modulation=True
2026-09-30 12:19:59 [INFO ]  Initialized SAGE Hierarchical Router: top_k=2, experts=8, gating=sigmoid, logit_modulation=True
2026-09-30 12:19:59 [INFO ]  Initialized SAGE Hierarchical Router: top_k=2, experts=8, gating=sigmoid, logit_modulation=True
2026-09-30 12:19:59 [INFO ]  Initialized SAGE Hierarchical Router: top_k=2, experts=8, gating=sigmoid, logit_modulation=True
2026-09-30 12:19:59 [INFO ]  
Step 2: Building expert pool from wrapped .main_block attributes...
2026-09-30 12:19:59 [INFO ]    - Added 4 CNN main_blocks to pool.
2026-09-30 12:19:59 [INFO ]    - Added 4 Transformer main_blocks to pool.
2026-09-30 12:19:59 [INFO ]  
[OK] Built expert pool with 8 experts, linked to all SageLayer instances.
2026-09-30 12:19:59 [INFO ]  ================================================================================
2026-09-30 12:19:59 [INFO ]  
================================================================================
2026-09-30 12:19:59 [INFO ]  PRE-POPULATING SAHUB ADAPTERS
2026-09-30 12:19:59 [INFO ]  ================================================================================
2026-09-30 12:19:59 [INFO ]     - Created a master set of 24 potential adapter layers.
2026-09-30 12:19:59 [INFO ]     - Populated 8 SAHub instances with all adapter layers.
2026-09-30 12:19:59 [INFO ]  ================================================================================
2026-09-30 12:20:00 [INFO ]  Loaded B2 with 4 ViT blocks, full SAGE-Lite injection, and p3_mode='C'
2026-09-30 12:20:00 [INFO ]  Initialized B2 model
2026-09-30 12:20:00 [INFO ]  Loading checkpoint from /content/checkpoints/best_model_b2_stage1.pth (resume/continue mechanism)...
2026-09-30 12:20:00 [INFO ]  P3 Refinement gamma preserved from checkpoint: S0=0.0106, S1=0.0139
2026-09-30 12:20:00 [INFO ]  Boundary IoU Loss enabled: weight=0.5, dilation=2
2026-09-30 12:20:00 [INFO ]  Loading Stage 1 checkpoint for --stage2-only: /content/checkpoints/best_model_b2_stage1.pth
2026-09-30 12:20:00 [INFO ]  No stage1 completion file found; defaulting to full Stage 1 budget (stage1_epochs=17)
2026-09-30 12:20:00 [INFO ]  Stage 2 starting from Stage 1: Global Best Dice=0.7333, Global Best Loss=1.2683, Stage 1 Epochs Used=17
2026-09-30 12:20:00 [INFO ]  Stage 2 learned gamma confirmed: S0=0.0106, S1=0.0139
2026-09-30 12:20:00 [INFO ]  
========================================
STARTING STAGE 2
========================================
2026-09-30 12:20:00 [INFO ]  Stage 2: Updated shared expert indices to [0, 1, 2, 3]
2026-09-30 12:20:00 [INFO ]  Stage 2 Optimizer: shared_lr=1.00e-04, base_lr=1.00e-04, sage_lr=1.00e-04, p3_lr=1.00e-04
2026-09-30 12:20:00 [INFO ]  Restoring Stage 1 RNG and Scaler state from: /content/checkpoints/last_model_b2_stage1_rng.pth
2026-09-30 12:20:00 [INFO ]  Restored AMP scaler state_dict from checkpoint.
2026-09-30 12:20:00 [INFO ]  Restored torch CPU RNG state.
2026-09-30 12:20:00 [INFO ]  Restored torch CUDA RNG state.
2026-09-30 12:20:00 [INFO ]  Restored NumPy RNG state.
2026-09-30 12:20:00 [INFO ]  Restored Python RNG state.
2026-09-30 12:20:00 [INFO ]  Restored DataLoader generator state from checkpoint.
2026-09-30 12:20:00 [INFO ]  Stage 2 optimizer and scheduler maintained strictly fresh (no state restored from RNG checkpoint).
2026-09-30 12:20:00 [INFO ]  Stage 2 starting fresh from Stage 1: best_stage_dice=0.0000, epochs_no_improve=0/6 (Global baseline Dice=0.7333)
2026-09-30 12:28:19 [INFO ]  Epoch 1/18 - Train Loss: 1.7882 (LB: 0.0806), Train Dice: 0.6968 | Val Loss: 1.7552, Val Dice: 0.7311 | LR: Shared=3.40e-05, Base=3.40e-05, P3=3.40e-05 (gamma: S0=0.0107, S1=0.0139)
2026-09-30 12:28:19 [INFO ]  New best Stage 2 model saved with Val Dice: 0.7311 and Val Loss: 1.7552
2026-09-30 12:31:26 [INFO ]  Epoch 2/18 - Train Loss: 1.7804 (LB: 0.0805), Train Dice: 0.6947 | Val Loss: 1.7390, Val Dice: 0.7414 | LR: Shared=6.70e-05, Base=6.70e-05, P3=6.70e-05 (gamma: S0=0.0110, S1=0.0143)
2026-09-30 12:31:26 [INFO ]  New best Stage 2 model saved with Val Dice: 0.7414 and Val Loss: 1.7390
2026-09-30 12:31:26 [INFO ]  *** New GLOBAL best model saved (Dice: 0.7414) ***
2026-09-30 12:34:14 [INFO ]  Epoch 3/18 - Train Loss: 1.7603 (LB: 0.0805), Train Dice: 0.6890 | Val Loss: 1.7404, Val Dice: 0.7428 | LR: Shared=9.34e-05, Base=9.34e-05, P3=9.34e-05 (gamma: S0=0.0109, S1=0.0142)
2026-09-30 12:34:14 [INFO ]  New best Stage 2 model saved with Val Dice: 0.7428 and Val Loss: 1.7404
2026-09-30 12:34:14 [INFO ]  *** New GLOBAL best model saved (Dice: 0.7428) ***
2026-09-30 12:37:13 [INFO ]  Epoch 4/18 - Train Loss: 1.7163 (LB: 0.0805), Train Dice: 0.6933 | Val Loss: 1.6628, Val Dice: 0.7411 | LR: Shared=8.84e-05, Base=8.84e-05, P3=8.84e-05 (gamma: S0=0.0103, S1=0.0142)
2026-09-30 12:40:06 [INFO ]  Epoch 5/18 - Train Loss: 1.6677 (LB: 0.0804), Train Dice: 0.7008 | Val Loss: 1.5834, Val Dice: 0.6992 | LR: Shared=8.23e-05, Base=8.23e-05, P3=8.23e-05 (gamma: S0=0.0099, S1=0.0145)
2026-09-30 12:42:49 [INFO ]  Epoch 6/18 - Train Loss: 1.6228 (LB: 0.0804), Train Dice: 0.7098 | Val Loss: 1.5739, Val Dice: 0.7369 | LR: Shared=7.52e-05, Base=7.52e-05, P3=7.52e-05 (gamma: S0=0.0095, S1=0.0151)
2026-09-30 12:45:35 [INFO ]  Epoch 7/18 - Train Loss: 1.5824 (LB: 0.0804), Train Dice: 0.7099 | Val Loss: 1.5616, Val Dice: 0.7511 | LR: Shared=6.74e-05, Base=6.74e-05, P3=6.74e-05 (gamma: S0=0.0091, S1=0.0151)
2026-09-30 12:45:36 [INFO ]  New best Stage 2 model saved with Val Dice: 0.7511 and Val Loss: 1.5616
2026-09-30 12:45:36 [INFO ]  *** New GLOBAL best model saved (Dice: 0.7511) ***
2026-09-30 12:48:15 [INFO ]  Epoch 8/18 - Train Loss: 1.5503 (LB: 0.0803), Train Dice: 0.7153 | Val Loss: 1.4864, Val Dice: 0.7603 | LR: Shared=5.91e-05, Base=5.91e-05, P3=5.91e-05 (gamma: S0=0.0094, S1=0.0157)
2026-09-30 12:48:15 [INFO ]  New best Stage 2 model saved with Val Dice: 0.7603 and Val Loss: 1.4864
2026-09-30 12:48:15 [INFO ]  *** New GLOBAL best model saved (Dice: 0.7603) ***
2026-09-30 12:50:53 [INFO ]  Epoch 9/18 - Train Loss: 1.5162 (LB: 0.0803), Train Dice: 0.7221 | Val Loss: 1.4872, Val Dice: 0.7358 | LR: Shared=5.05e-05, Base=5.05e-05, P3=5.05e-05 (gamma: S0=0.0096, S1=0.0163)
2026-09-30 12:53:34 [INFO ]  Epoch 10/18 - Train Loss: 1.4902 (LB: 0.0803), Train Dice: 0.7258 | Val Loss: 1.4969, Val Dice: 0.7487 | LR: Shared=4.19e-05, Base=4.19e-05, P3=4.19e-05 (gamma: S0=0.0091, S1=0.0162)
2026-09-30 12:56:10 [INFO ]  Epoch 11/18 - Train Loss: 1.4595 (LB: 0.0803), Train Dice: 0.7337 | Val Loss: 1.4560, Val Dice: 0.7629 | LR: Shared=3.36e-05, Base=3.36e-05, P3=3.36e-05 (gamma: S0=0.0088, S1=0.0166)
2026-09-30 12:56:10 [INFO ]  New best Stage 2 model saved with Val Dice: 0.7629 and Val Loss: 1.4560
2026-09-30 12:56:10 [INFO ]  *** New GLOBAL best model saved (Dice: 0.7629) ***
2026-09-30 12:58:46 [INFO ]  Epoch 12/18 - Train Loss: 1.4451 (LB: 0.0803), Train Dice: 0.7320 | Val Loss: 1.4607, Val Dice: 0.7444 | LR: Shared=2.58e-05, Base=2.58e-05, P3=2.58e-05 (gamma: S0=0.0089, S1=0.0168)
2026-09-30 13:01:21 [INFO ]  Epoch 13/18 - Train Loss: 1.4341 (LB: 0.0803), Train Dice: 0.7336 | Val Loss: 1.4279, Val Dice: 0.7591 | LR: Shared=1.87e-05, Base=1.87e-05, P3=1.87e-05 (gamma: S0=0.0089, S1=0.0170)
2026-09-30 13:03:56 [INFO ]  Epoch 14/18 - Train Loss: 1.4156 (LB: 0.0803), Train Dice: 0.7366 | Val Loss: 1.4062, Val Dice: 0.7664 | LR: Shared=1.26e-05, Base=1.26e-05, P3=1.26e-05 (gamma: S0=0.0089, S1=0.0170)
2026-09-30 13:03:56 [INFO ]  New best Stage 2 model saved with Val Dice: 0.7664 and Val Loss: 1.4062
2026-09-30 13:03:56 [INFO ]  *** New GLOBAL best model saved (Dice: 0.7664) ***
2026-09-30 13:06:31 [INFO ]  Epoch 15/18 - Train Loss: 1.4095 (LB: 0.0803), Train Dice: 0.7391 | Val Loss: 1.3911, Val Dice: 0.7675 | LR: Shared=7.63e-06, Base=7.63e-06, P3=7.63e-06 (gamma: S0=0.0091, S1=0.0173)
2026-09-30 13:06:31 [INFO ]  New best Stage 2 model saved with Val Dice: 0.7675 and Val Loss: 1.3911
2026-09-30 13:06:31 [INFO ]  *** New GLOBAL best model saved (Dice: 0.7675) ***
2026-09-30 13:09:07 [INFO ]  Epoch 16/18 - Train Loss: 1.4000 (LB: 0.0803), Train Dice: 0.7434 | Val Loss: 1.4128, Val Dice: 0.7684 | LR: Shared=3.99e-06, Base=3.99e-06, P3=3.99e-06 (gamma: S0=0.0092, S1=0.0173)
2026-09-30 13:09:07 [INFO ]  New best Stage 2 model saved with Val Dice: 0.7684 and Val Loss: 1.4128
2026-09-30 13:09:07 [INFO ]  *** New GLOBAL best model saved (Dice: 0.7684) ***
2026-09-30 13:11:50 [INFO ]  Epoch 17/18 - Train Loss: 1.3942 (LB: 0.0802), Train Dice: 0.7445 | Val Loss: 1.4174, Val Dice: 0.7657 | LR: Shared=1.75e-06, Base=1.75e-06, P3=1.75e-06 (gamma: S0=0.0092, S1=0.0172)
2026-09-30 13:14:26 [INFO ]  Epoch 18/18 - Train Loss: 1.3881 (LB: 0.0802), Train Dice: 0.7471 | Val Loss: 1.3964, Val Dice: 0.7664 | LR: Shared=1.00e-06, Base=1.00e-06, P3=1.00e-06 (gamma: S0=0.0092, S1=0.0172)
2026-09-30 13:14:26 [INFO ]  Stage 2 finished. Total epochs used so far: 35/35
