2026-09-30 05:29:52 [INFO ]  Logging initialized. Log file: /content/drive/MyDrive/crack_seg/P3_C_Canonical_Base_D4_K2_H64_Phase5_3_R500/train.log
2026-09-30 05:29:52 [INFO ]  Loaded config from configs/p3_ablation/b2_p3_run_c_d4_k2_h64_phase5_3_r500.yaml
2026-09-30 05:29:52 [INFO ]  Using device: cuda
2026-09-30 05:29:52 [INFO ]  Evaluation protocol for validation: setting_a
2026-09-30 05:29:52 [INFO ]  Loading ConvNeXt-V2: convnextv2_femto.fcmae (pretrained=True)
2026-09-30 05:29:52 [INFO ]  Loading pretrained weights from Hugging Face hub (timm/convnextv2_femto.fcmae)
2026-09-30 05:29:52 [INFO ]  HTTP Request: HEAD https://huggingface.co/timm/convnextv2_femto.fcmae/resolve/main/model.safetensors "HTTP/1.1 302 Found"
2026-09-30 05:29:52 [WARNI]  Warning: You are sending unauthenticated requests to the HF Hub. Please set a HF_TOKEN to enable higher rate limits and faster downloads.
2026-09-30 05:29:52 [INFO ]  [timm/convnextv2_femto.fcmae] Safe alternative available for 'pytorch_model.bin' (as 'model.safetensors'). Loading weights using safetensors.
2026-09-30 05:29:53 [INFO ]  Removed ConvNeXt classification head
2026-09-30 05:29:53 [INFO ]  Loading ViT-Tiny: vit_tiny_patch16_224 (pretrained=True)
2026-09-30 05:29:53 [INFO ]  Loading pretrained weights from Hugging Face hub (timm/vit_tiny_patch16_224.augreg_in21k_ft_in1k)
2026-09-30 05:29:53 [INFO ]  HTTP Request: HEAD https://huggingface.co/timm/vit_tiny_patch16_224.augreg_in21k_ft_in1k/resolve/main/model.safetensors "HTTP/1.1 302 Found"
2026-09-30 05:29:53 [INFO ]  [timm/vit_tiny_patch16_224.augreg_in21k_ft_in1k] Safe alternative available for 'pytorch_model.bin' (as 'model.safetensors'). Loading weights using safetensors.
2026-09-30 05:29:53 [INFO ]  Configured 4 ViT blocks (embed_dim=192)
2026-09-30 05:29:53 [INFO ]  [Explicit CLS Handling] Detected 197 tokens in ViT pos_embed. Discarded CLS token (1 token), retained exactly 196 spatial patch tokens.
2026-09-30 05:29:53 [INFO ]  Loaded patch_pos: shape=(1, 196, 192) (grid: 14x14)
2026-09-30 05:29:53 [INFO ]  ================================================================================
2026-09-30 05:29:53 [INFO ]  BUILDING HETEROGENEOUS EXPERT POOL (CNN Stages + Transformer Blocks)
2026-09-30 05:29:53 [INFO ]  ================================================================================
2026-09-30 05:29:53 [INFO ]  
Step 1a: Wrapping ConvNeXt stages IN-PLACE...
2026-09-30 05:29:53 [INFO ]  Initialized SAGE Hierarchical Router: top_k=2, experts=8, gating=sigmoid, logit_modulation=True
2026-09-30 05:29:53 [INFO ]  Initialized SAGE Hierarchical Router: top_k=2, experts=8, gating=sigmoid, logit_modulation=True
2026-09-30 05:29:53 [INFO ]  Initialized SAGE Hierarchical Router: top_k=2, experts=8, gating=sigmoid, logit_modulation=True
2026-09-30 05:29:53 [INFO ]  Initialized SAGE Hierarchical Router: top_k=2, experts=8, gating=sigmoid, logit_modulation=True
2026-09-30 05:29:53 [INFO ]  
Step 1b: Wrapping Transformer blocks IN-PLACE...
2026-09-30 05:29:53 [INFO ]  Initialized SAGE Hierarchical Router: top_k=2, experts=8, gating=sigmoid, logit_modulation=True
2026-09-30 05:29:53 [INFO ]  Initialized SAGE Hierarchical Router: top_k=2, experts=8, gating=sigmoid, logit_modulation=True
2026-09-30 05:29:53 [INFO ]  Initialized SAGE Hierarchical Router: top_k=2, experts=8, gating=sigmoid, logit_modulation=True
2026-09-30 05:29:53 [INFO ]  Initialized SAGE Hierarchical Router: top_k=2, experts=8, gating=sigmoid, logit_modulation=True
2026-09-30 05:29:53 [INFO ]  
Step 2: Building expert pool from wrapped .main_block attributes...
2026-09-30 05:29:53 [INFO ]    - Added 4 CNN main_blocks to pool.
2026-09-30 05:29:53 [INFO ]    - Added 4 Transformer main_blocks to pool.
2026-09-30 05:29:53 [INFO ]  
[OK] Built expert pool with 8 experts, linked to all SageLayer instances.
2026-09-30 05:29:53 [INFO ]  ================================================================================
2026-09-30 05:29:53 [INFO ]  
================================================================================
2026-09-30 05:29:53 [INFO ]  PRE-POPULATING SAHUB ADAPTERS
2026-09-30 05:29:53 [INFO ]  ================================================================================
2026-09-30 05:29:53 [INFO ]     - Created a master set of 24 potential adapter layers.
2026-09-30 05:29:53 [INFO ]     - Populated 8 SAHub instances with all adapter layers.
2026-09-30 05:29:53 [INFO ]  ================================================================================
2026-09-30 05:29:53 [INFO ]  Loaded B2 with 4 ViT blocks, full SAGE-Lite injection, and p3_mode='C'
2026-09-30 05:29:53 [INFO ]  Initialized B2 model
2026-09-30 05:29:53 [INFO ]  Loading checkpoint from /content/checkpoints/best_model_b2_stage1.pth (resume/continue mechanism)...
2026-09-30 05:29:53 [INFO ]  P3 Refinement gamma preserved from checkpoint: S0=0.0106, S1=0.0139
2026-09-30 05:29:53 [INFO ]  Loading Stage 1 checkpoint for --stage2-only: /content/checkpoints/best_model_b2_stage1.pth
2026-09-30 05:29:53 [INFO ]  Using explicitly provided --stage1-epochs-used: 17
2026-09-30 05:29:53 [INFO ]  Stage 2 starting from Stage 1: Global Best Dice=0.7333, Global Best Loss=1.2683, Stage 1 Epochs Used=17
2026-09-30 05:29:53 [INFO ]  Stage 2 learned gamma confirmed: S0=0.0106, S1=0.0139
2026-09-30 05:29:53 [INFO ]  
========================================
STARTING STAGE 2
========================================
2026-09-30 05:29:53 [INFO ]  Stage 2: Updated shared expert indices to [0, 1, 2, 3]
2026-09-30 05:29:53 [INFO ]  Stage 2 Optimizer: shared_lr=5.00e-04, base_lr=1.00e-04, sage_lr=1.00e-04, p3_lr=1.00e-04
2026-09-30 05:29:53 [INFO ]  Restoring Stage 1 RNG and Scaler state from: /content/checkpoints/last_model_b2_stage1_rng.pth
2026-09-30 05:29:53 [INFO ]  Restored AMP scaler state_dict from checkpoint.
2026-09-30 05:29:53 [INFO ]  Restored torch CPU RNG state.
2026-09-30 05:29:53 [INFO ]  Restored torch CUDA RNG state.
2026-09-30 05:29:53 [INFO ]  Restored NumPy RNG state.
2026-09-30 05:29:53 [INFO ]  Restored Python RNG state.
2026-09-30 05:29:53 [INFO ]  Restored DataLoader generator state from checkpoint.
2026-09-30 05:29:53 [INFO ]  Stage 2 optimizer and scheduler maintained strictly fresh (no state restored from RNG checkpoint).
2026-09-30 05:29:53 [INFO ]  Stage 2 starting fresh from Stage 1: best_stage_dice=0.0000, epochs_no_improve=0/6 (Global baseline Dice=0.7333)
2026-09-30 05:38:17 [INFO ]  Epoch 1/18 - Train Loss: 1.3007 (LB: 0.0806), Train Dice: 0.6931 | Val Loss: 1.2724, Val Dice: 0.7275 | LR: Shared=1.67e-04, Base=3.40e-05, P3=3.40e-05 (gamma: S0=0.0107, S1=0.0139)
2026-09-30 05:38:17 [INFO ]  New best Stage 2 model saved with Val Dice: 0.7275 and Val Loss: 1.2724
2026-09-30 05:41:27 [INFO ]  Epoch 2/18 - Train Loss: 1.3101 (LB: 0.0806), Train Dice: 0.6699 | Val Loss: 1.2741, Val Dice: 0.7380 | LR: Shared=3.34e-04, Base=6.70e-05, P3=6.70e-05 (gamma: S0=0.0109, S1=0.0139)
2026-09-30 05:41:27 [INFO ]  New best Stage 2 model saved with Val Dice: 0.7380 and Val Loss: 1.2741
2026-09-30 05:41:27 [INFO ]  *** New GLOBAL best model saved (Dice: 0.7380) ***
2026-09-30 05:44:14 [INFO ]  Epoch 3/18 - Train Loss: 1.2892 (LB: 0.0805), Train Dice: 0.6698 | Val Loss: 1.2567, Val Dice: 0.7231 | LR: Shared=4.67e-04, Base=9.34e-05, P3=9.34e-05 (gamma: S0=0.0106, S1=0.0142)
2026-09-30 05:47:14 [INFO ]  Epoch 4/18 - Train Loss: 1.2491 (LB: 0.0805), Train Dice: 0.6717 | Val Loss: 1.1736, Val Dice: 0.6826 | LR: Shared=4.42e-04, Base=8.84e-05, P3=8.84e-05 (gamma: S0=0.0113, S1=0.0144)
2026-09-30 05:50:01 [INFO ]  Epoch 5/18 - Train Loss: 1.1997 (LB: 0.0804), Train Dice: 0.6846 | Val Loss: 1.1337, Val Dice: 0.7107 | LR: Shared=4.11e-04, Base=8.23e-05, P3=8.23e-05 (gamma: S0=0.0112, S1=0.0148)
2026-09-30 05:52:47 [INFO ]  Epoch 6/18 - Train Loss: 1.1548 (LB: 0.0804), Train Dice: 0.6929 | Val Loss: 1.1065, Val Dice: 0.6793 | LR: Shared=3.75e-04, Base=7.52e-05, P3=7.52e-05 (gamma: S0=0.0114, S1=0.0151)
2026-09-30 05:55:30 [INFO ]  Epoch 7/18 - Train Loss: 1.1162 (LB: 0.0804), Train Dice: 0.6950 | Val Loss: 1.1830, Val Dice: 0.7369 | LR: Shared=3.36e-04, Base=6.74e-05, P3=6.74e-05 (gamma: S0=0.0115, S1=0.0141)
2026-09-30 05:58:06 [INFO ]  Epoch 8/18 - Train Loss: 1.0869 (LB: 0.0803), Train Dice: 0.6965 | Val Loss: 1.0289, Val Dice: 0.7480 | LR: Shared=2.94e-04, Base=5.91e-05, P3=5.91e-05 (gamma: S0=0.0117, S1=0.0145)
2026-09-30 05:58:07 [INFO ]  New best Stage 2 model saved with Val Dice: 0.7480 and Val Loss: 1.0289
2026-09-30 05:58:07 [INFO ]  *** New GLOBAL best model saved (Dice: 0.7480) ***
2026-09-30 06:00:55 [INFO ]  Epoch 9/18 - Train Loss: 1.0577 (LB: 0.0803), Train Dice: 0.7032 | Val Loss: 1.0528, Val Dice: 0.6820 | LR: Shared=2.51e-04, Base=5.05e-05, P3=5.05e-05 (gamma: S0=0.0124, S1=0.0149)
2026-09-30 06:03:40 [INFO ]  Epoch 10/18 - Train Loss: 1.0314 (LB: 0.0803), Train Dice: 0.7044 | Val Loss: 1.0199, Val Dice: 0.7543 | LR: Shared=2.07e-04, Base=4.19e-05, P3=4.19e-05 (gamma: S0=0.0127, S1=0.0147)
2026-09-30 06:03:41 [INFO ]  New best Stage 2 model saved with Val Dice: 0.7543 and Val Loss: 1.0199
2026-09-30 06:03:41 [INFO ]  *** New GLOBAL best model saved (Dice: 0.7543) ***
2026-09-30 06:06:25 [INFO ]  Epoch 11/18 - Train Loss: 1.0082 (LB: 0.0803), Train Dice: 0.7158 | Val Loss: 1.0012, Val Dice: 0.7485 | LR: Shared=1.65e-04, Base=3.36e-05, P3=3.36e-05 (gamma: S0=0.0126, S1=0.0150)
2026-09-30 06:09:05 [INFO ]  Epoch 12/18 - Train Loss: 0.9864 (LB: 0.0803), Train Dice: 0.7214 | Val Loss: 0.9974, Val Dice: 0.7314 | LR: Shared=1.26e-04, Base=2.58e-05, P3=2.58e-05 (gamma: S0=0.0125, S1=0.0150)
2026-09-30 06:11:47 [INFO ]  Epoch 13/18 - Train Loss: 0.9680 (LB: 0.0803), Train Dice: 0.7260 | Val Loss: 0.9982, Val Dice: 0.7294 | LR: Shared=9.01e-05, Base=1.87e-05, P3=1.87e-05 (gamma: S0=0.0128, S1=0.0147)
2026-09-30 06:14:34 [INFO ]  Epoch 14/18 - Train Loss: 0.9553 (LB: 0.0803), Train Dice: 0.7283 | Val Loss: 0.9705, Val Dice: 0.7585 | LR: Shared=5.94e-05, Base=1.26e-05, P3=1.26e-05 (gamma: S0=0.0124, S1=0.0148)
2026-09-30 06:14:34 [INFO ]  New best Stage 2 model saved with Val Dice: 0.7585 and Val Loss: 0.9705
2026-09-30 06:14:34 [INFO ]  *** New GLOBAL best model saved (Dice: 0.7585) ***
2026-09-30 06:17:14 [INFO ]  Epoch 15/18 - Train Loss: 0.9519 (LB: 0.0803), Train Dice: 0.7278 | Val Loss: 0.9527, Val Dice: 0.7512 | LR: Shared=3.44e-05, Base=7.63e-06, P3=7.63e-06 (gamma: S0=0.0126, S1=0.0149)
2026-09-30 06:19:58 [INFO ]  Epoch 16/18 - Train Loss: 0.9405 (LB: 0.0803), Train Dice: 0.7322 | Val Loss: 0.9503, Val Dice: 0.7552 | LR: Shared=1.60e-05, Base=3.99e-06, P3=3.99e-06 (gamma: S0=0.0127, S1=0.0149)
2026-09-30 06:22:40 [INFO ]  Epoch 17/18 - Train Loss: 0.9338 (LB: 0.0803), Train Dice: 0.7385 | Val Loss: 0.9502, Val Dice: 0.7551 | LR: Shared=4.79e-06, Base=1.75e-06, P3=1.75e-06 (gamma: S0=0.0127, S1=0.0149)
2026-09-30 06:25:18 [INFO ]  Epoch 18/18 - Train Loss: 0.9347 (LB: 0.0802), Train Dice: 0.7355 | Val Loss: 0.9395, Val Dice: 0.7537 | LR: Shared=1.00e-06, Base=1.00e-06, P3=1.00e-06 (gamma: S0=0.0128, S1=0.0149)
2026-09-30 06:25:19 [INFO ]  Stage 2 finished. Total epochs used so far: 35/35
