2026-09-30 07:54:54 [INFO ]  Logging initialized. Log file: /content/drive/MyDrive/crack_seg/P3_C_Canonical_Base_D4_K2_H64_Phase4_LB0030/train.log
2026-09-30 07:54:54 [INFO ]  Loaded config from configs/p3_ablation/b2_p3_run_c_d4_k2_h64_phase4_lb0030.yaml
2026-09-30 07:54:54 [INFO ]  Using device: cuda
2026-09-30 07:54:54 [INFO ]  Evaluation protocol for validation: setting_a
2026-09-30 07:54:54 [INFO ]  Loading ConvNeXt-V2: convnextv2_femto.fcmae (pretrained=True)
2026-09-30 07:54:54 [INFO ]  Loading pretrained weights from Hugging Face hub (timm/convnextv2_femto.fcmae)
2026-09-30 07:54:54 [INFO ]  HTTP Request: GET https://huggingface.co/api/agent-harnesses "HTTP/1.1 200 OK"
2026-09-30 07:54:54 [INFO ]  HTTP Request: HEAD https://huggingface.co/timm/convnextv2_femto.fcmae/resolve/main/model.safetensors "HTTP/1.1 302 Found"
2026-09-30 07:54:55 [INFO ]  HTTP Request: GET https://huggingface.co/api/models/timm/convnextv2_femto.fcmae/xet-read-token/ad8895ca0e753755810acaa2068a7ebf497e6b2a "HTTP/1.1 200 OK"
2026-09-30 07:54:55 [INFO ]  [timm/convnextv2_femto.fcmae] Safe alternative available for 'pytorch_model.bin' (as 'model.safetensors'). Loading weights using safetensors.
2026-09-30 07:54:56 [INFO ]  Removed ConvNeXt classification head
2026-09-30 07:54:56 [INFO ]  Loading ViT-Tiny: vit_tiny_patch16_224 (pretrained=True)
2026-09-30 07:54:56 [INFO ]  Loading pretrained weights from Hugging Face hub (timm/vit_tiny_patch16_224.augreg_in21k_ft_in1k)
2026-09-30 07:54:56 [INFO ]  HTTP Request: HEAD https://huggingface.co/timm/vit_tiny_patch16_224.augreg_in21k_ft_in1k/resolve/main/model.safetensors "HTTP/1.1 302 Found"
2026-09-30 07:54:56 [INFO ]  HTTP Request: GET https://huggingface.co/api/models/timm/vit_tiny_patch16_224.augreg_in21k_ft_in1k/xet-read-token/7d3afdd0cf93ad84d986eb2d6bcc5812ebd0b106 "HTTP/1.1 200 OK"
2026-09-30 07:54:57 [INFO ]  [timm/vit_tiny_patch16_224.augreg_in21k_ft_in1k] Safe alternative available for 'pytorch_model.bin' (as 'model.safetensors'). Loading weights using safetensors.
2026-09-30 07:54:57 [INFO ]  Configured 4 ViT blocks (embed_dim=192)
2026-09-30 07:54:57 [INFO ]  [Explicit CLS Handling] Detected 197 tokens in ViT pos_embed. Discarded CLS token (1 token), retained exactly 196 spatial patch tokens.
2026-09-30 07:54:57 [INFO ]  Loaded patch_pos: shape=(1, 196, 192) (grid: 14x14)
2026-09-30 07:54:57 [INFO ]  ================================================================================
2026-09-30 07:54:57 [INFO ]  BUILDING HETEROGENEOUS EXPERT POOL (CNN Stages + Transformer Blocks)
2026-09-30 07:54:57 [INFO ]  ================================================================================
2026-09-30 07:54:57 [INFO ]  
Step 1a: Wrapping ConvNeXt stages IN-PLACE...
2026-09-30 07:54:57 [INFO ]  Initialized SAGE Hierarchical Router: top_k=2, experts=8, gating=sigmoid, logit_modulation=True
2026-09-30 07:54:57 [INFO ]  Initialized SAGE Hierarchical Router: top_k=2, experts=8, gating=sigmoid, logit_modulation=True
2026-09-30 07:54:57 [INFO ]  Initialized SAGE Hierarchical Router: top_k=2, experts=8, gating=sigmoid, logit_modulation=True
2026-09-30 07:54:57 [INFO ]  Initialized SAGE Hierarchical Router: top_k=2, experts=8, gating=sigmoid, logit_modulation=True
2026-09-30 07:54:57 [INFO ]  
Step 1b: Wrapping Transformer blocks IN-PLACE...
2026-09-30 07:54:57 [INFO ]  Initialized SAGE Hierarchical Router: top_k=2, experts=8, gating=sigmoid, logit_modulation=True
2026-09-30 07:54:57 [INFO ]  Initialized SAGE Hierarchical Router: top_k=2, experts=8, gating=sigmoid, logit_modulation=True
2026-09-30 07:54:57 [INFO ]  Initialized SAGE Hierarchical Router: top_k=2, experts=8, gating=sigmoid, logit_modulation=True
2026-09-30 07:54:57 [INFO ]  Initialized SAGE Hierarchical Router: top_k=2, experts=8, gating=sigmoid, logit_modulation=True
2026-09-30 07:54:57 [INFO ]  
Step 2: Building expert pool from wrapped .main_block attributes...
2026-09-30 07:54:57 [INFO ]    - Added 4 CNN main_blocks to pool.
2026-09-30 07:54:57 [INFO ]    - Added 4 Transformer main_blocks to pool.
2026-09-30 07:54:57 [INFO ]  
[OK] Built expert pool with 8 experts, linked to all SageLayer instances.
2026-09-30 07:54:57 [INFO ]  ================================================================================
2026-09-30 07:54:57 [INFO ]  
================================================================================
2026-09-30 07:54:57 [INFO ]  PRE-POPULATING SAHUB ADAPTERS
2026-09-30 07:54:57 [INFO ]  ================================================================================
2026-09-30 07:54:57 [INFO ]     - Created a master set of 24 potential adapter layers.
2026-09-30 07:54:57 [INFO ]     - Populated 8 SAHub instances with all adapter layers.
2026-09-30 07:54:57 [INFO ]  ================================================================================
2026-09-30 07:54:57 [INFO ]  Loaded B2 with 4 ViT blocks, full SAGE-Lite injection, and p3_mode='C'
2026-09-30 07:54:57 [INFO ]  Initialized B2 model
2026-09-30 07:54:57 [INFO ]  P3-C Standalone Initialization: ImageNet-pretrained, no parent checkpoint
2026-09-30 07:54:57 [INFO ]  P3 Refinement gamma initialized: S0=0.0100, S1=0.0100
2026-09-30 07:54:57 [INFO ]  
========================================
STARTING STAGE 1
========================================
2026-09-30 07:54:57 [INFO ]  Stage 1 Optimizer: backbone_lr=1.00e-05, decoder_lr=1.00e-04, sage_lr=2.00e-04, p3_lr=1.00e-04
2026-09-30 08:03:16 [INFO ]  Epoch 1/17 - Train Loss: 2.2748 (LB: 0.2585), Train Dice: 0.1342 | Val Loss: 2.0285, Val Dice: 0.1517 | LR: BB=4.00e-06, Dec=3.40e-05, SAGE=6.73e-05, P3=3.40e-05 (gamma: S0=0.0099, S1=0.0100)
2026-09-30 08:03:17 [INFO ]  New best Stage 1 model saved with Val Dice: 0.1517 and Val Loss: 2.0285
2026-09-30 08:03:17 [INFO ]  *** New GLOBAL best model saved (Dice: 0.1517) ***
2026-09-30 08:06:26 [INFO ]  Epoch 2/17 - Train Loss: 2.0027 (LB: 0.2523), Train Dice: 0.4749 | Val Loss: 1.6435, Val Dice: 0.6105 | LR: BB=7.00e-06, Dec=6.70e-05, SAGE=1.34e-04, P3=6.70e-05 (gamma: S0=0.0099, S1=0.0112)
2026-09-30 08:06:26 [INFO ]  New best Stage 1 model saved with Val Dice: 0.6105 and Val Loss: 1.6435
2026-09-30 08:06:26 [INFO ]  *** New GLOBAL best model saved (Dice: 0.6105) ***
2026-09-30 08:09:10 [INFO ]  Epoch 3/17 - Train Loss: 1.8550 (LB: 0.2470), Train Dice: 0.5943 | Val Loss: 1.5806, Val Dice: 0.6445 | LR: BB=9.33e-06, Dec=9.26e-05, SAGE=1.85e-04, P3=9.26e-05 (gamma: S0=0.0096, S1=0.0123)
2026-09-30 08:09:10 [INFO ]  New best Stage 1 model saved with Val Dice: 0.6445 and Val Loss: 1.5806
2026-09-30 08:09:10 [INFO ]  *** New GLOBAL best model saved (Dice: 0.6445) ***
2026-09-30 08:11:54 [INFO ]  Epoch 4/17 - Train Loss: 1.7860 (LB: 0.2447), Train Dice: 0.6157 | Val Loss: 1.5209, Val Dice: 0.6939 | LR: BB=8.83e-06, Dec=8.71e-05, SAGE=1.74e-04, P3=8.71e-05 (gamma: S0=0.0111, S1=0.0119)
2026-09-30 08:11:54 [INFO ]  New best Stage 1 model saved with Val Dice: 0.6939 and Val Loss: 1.5209
2026-09-30 08:11:54 [INFO ]  *** New GLOBAL best model saved (Dice: 0.6939) ***
2026-09-30 08:14:29 [INFO ]  Epoch 5/17 - Train Loss: 1.7268 (LB: 0.2435), Train Dice: 0.6336 | Val Loss: 1.4795, Val Dice: 0.6341 | LR: BB=8.21e-06, Dec=8.03e-05, SAGE=1.60e-04, P3=8.03e-05 (gamma: S0=0.0130, S1=0.0122)
2026-09-30 08:17:02 [INFO ]  Epoch 6/17 - Train Loss: 1.6793 (LB: 0.2428), Train Dice: 0.6460 | Val Loss: 1.4267, Val Dice: 0.6189 | LR: BB=7.51e-06, Dec=7.26e-05, SAGE=1.45e-04, P3=7.26e-05 (gamma: S0=0.0124, S1=0.0134)
2026-09-30 08:19:36 [INFO ]  Epoch 7/17 - Train Loss: 1.6340 (LB: 0.2427), Train Dice: 0.6542 | Val Loss: 1.4265, Val Dice: 0.7055 | LR: BB=6.73e-06, Dec=6.40e-05, SAGE=1.28e-04, P3=6.40e-05 (gamma: S0=0.0132, S1=0.0127)
2026-09-30 08:19:36 [INFO ]  New best Stage 1 model saved with Val Dice: 0.7055 and Val Loss: 1.4265
2026-09-30 08:19:37 [INFO ]  *** New GLOBAL best model saved (Dice: 0.7055) ***
2026-09-30 08:22:13 [INFO ]  Epoch 8/17 - Train Loss: 1.5922 (LB: 0.2424), Train Dice: 0.6658 | Val Loss: 1.3705, Val Dice: 0.7212 | LR: BB=5.92e-06, Dec=5.51e-05, SAGE=1.10e-04, P3=5.51e-05 (gamma: S0=0.0127, S1=0.0134)
2026-09-30 08:22:13 [INFO ]  New best Stage 1 model saved with Val Dice: 0.7212 and Val Loss: 1.3705
2026-09-30 08:22:14 [INFO ]  *** New GLOBAL best model saved (Dice: 0.7212) ***
2026-09-30 08:24:50 [INFO ]  Epoch 9/17 - Train Loss: 1.5570 (LB: 0.2421), Train Dice: 0.6703 | Val Loss: 1.3391, Val Dice: 0.7149 | LR: BB=5.08e-06, Dec=4.59e-05, SAGE=9.13e-05, P3=4.59e-05 (gamma: S0=0.0119, S1=0.0140)
2026-09-30 08:27:26 [INFO ]  Epoch 10/17 - Train Loss: 1.5267 (LB: 0.2418), Train Dice: 0.6762 | Val Loss: 1.2768, Val Dice: 0.7187 | LR: BB=4.27e-06, Dec=3.70e-05, SAGE=7.33e-05, P3=3.70e-05 (gamma: S0=0.0118, S1=0.0148)
2026-09-30 08:29:56 [INFO ]  Epoch 11/17 - Train Loss: 1.5024 (LB: 0.2418), Train Dice: 0.6850 | Val Loss: 1.3197, Val Dice: 0.7244 | LR: BB=3.49e-06, Dec=2.84e-05, SAGE=5.61e-05, P3=2.84e-05 (gamma: S0=0.0115, S1=0.0150)
2026-09-30 08:29:57 [INFO ]  New best Stage 1 model saved with Val Dice: 0.7244 and Val Loss: 1.3197
2026-09-30 08:29:57 [INFO ]  *** New GLOBAL best model saved (Dice: 0.7244) ***
2026-09-30 08:32:31 [INFO ]  Epoch 12/17 - Train Loss: 1.4827 (LB: 0.2417), Train Dice: 0.6869 | Val Loss: 1.2793, Val Dice: 0.7243 | LR: BB=2.79e-06, Dec=2.07e-05, SAGE=4.05e-05, P3=2.07e-05 (gamma: S0=0.0111, S1=0.0153)
2026-09-30 08:35:05 [INFO ]  Epoch 13/17 - Train Loss: 1.4721 (LB: 0.2416), Train Dice: 0.6888 | Val Loss: 1.2552, Val Dice: 0.7288 | LR: BB=2.17e-06, Dec=1.39e-05, SAGE=2.70e-05, P3=1.39e-05 (gamma: S0=0.0112, S1=0.0155)
2026-09-30 08:35:05 [INFO ]  New best Stage 1 model saved with Val Dice: 0.7288 and Val Loss: 1.2552
2026-09-30 08:35:05 [INFO ]  *** New GLOBAL best model saved (Dice: 0.7288) ***
2026-09-30 08:37:39 [INFO ]  Epoch 14/17 - Train Loss: 1.4616 (LB: 0.2415), Train Dice: 0.6916 | Val Loss: 1.2468, Val Dice: 0.7273 | LR: BB=1.67e-06, Dec=8.41e-06, SAGE=1.59e-05, P3=8.41e-06 (gamma: S0=0.0112, S1=0.0157)
2026-09-30 08:40:10 [INFO ]  Epoch 15/17 - Train Loss: 1.4550 (LB: 0.2416), Train Dice: 0.6928 | Val Loss: 1.2467, Val Dice: 0.7321 | LR: BB=1.30e-06, Dec=4.34e-06, SAGE=7.72e-06, P3=4.34e-06 (gamma: S0=0.0114, S1=0.0156)
2026-09-30 08:40:10 [INFO ]  New best Stage 1 model saved with Val Dice: 0.7321 and Val Loss: 1.2467
2026-09-30 08:40:11 [INFO ]  *** New GLOBAL best model saved (Dice: 0.7321) ***
2026-09-30 08:42:42 [INFO ]  Epoch 16/17 - Train Loss: 1.4505 (LB: 0.2416), Train Dice: 0.6959 | Val Loss: 1.2575, Val Dice: 0.7246 | LR: BB=1.08e-06, Dec=1.84e-06, SAGE=2.69e-06, P3=1.84e-06 (gamma: S0=0.0114, S1=0.0156)
2026-09-30 08:45:13 [INFO ]  Epoch 17/17 - Train Loss: 1.4480 (LB: 0.2415), Train Dice: 0.6927 | Val Loss: 1.2565, Val Dice: 0.7295 | LR: BB=1.00e-06, Dec=1.00e-06, SAGE=1.00e-06, P3=1.00e-06 (gamma: S0=0.0115, S1=0.0156)
2026-09-30 08:45:13 [INFO ]  Stage 1 finished. Total epochs used so far: 17/35
2026-09-30 08:45:13 [INFO ]  
========================================
STARTING STAGE 2
========================================
2026-09-30 08:45:13 [INFO ]  Loading best Stage 1 checkpoint from /content/drive/MyDrive/crack_seg/P3_C_Canonical_Base_D4_K2_H64_Phase4_LB0030/best_model_b2_stage1.pth
2026-09-30 08:45:13 [INFO ]  Stage 2: Updated shared expert indices to [0, 1, 2, 3]
2026-09-30 08:45:13 [INFO ]  Stage 2 Optimizer: shared_lr=1.00e-04, base_lr=1.00e-04, sage_lr=1.00e-04, p3_lr=1.00e-04
2026-09-30 08:47:47 [INFO ]  Epoch 1/18 - Train Loss: 1.4502 (LB: 0.2416), Train Dice: 0.6922 | Val Loss: 1.2595, Val Dice: 0.7284 | LR: Shared=3.40e-05, Base=3.40e-05, P3=3.40e-05 (gamma: S0=0.0114, S1=0.0156)
2026-09-30 08:47:47 [INFO ]  New best Stage 2 model saved with Val Dice: 0.7284 and Val Loss: 1.2595
2026-09-30 08:50:16 [INFO ]  Epoch 2/18 - Train Loss: 1.4486 (LB: 0.2415), Train Dice: 0.6857 | Val Loss: 1.2448, Val Dice: 0.7230 | LR: Shared=6.70e-05, Base=6.70e-05, P3=6.70e-05 (gamma: S0=0.0117, S1=0.0156)
2026-09-30 08:52:49 [INFO ]  Epoch 3/18 - Train Loss: 1.4310 (LB: 0.2414), Train Dice: 0.6756 | Val Loss: 1.2569, Val Dice: 0.7335 | LR: Shared=9.34e-05, Base=9.34e-05, P3=9.34e-05 (gamma: S0=0.0119, S1=0.0144)
2026-09-30 08:52:49 [INFO ]  New best Stage 2 model saved with Val Dice: 0.7335 and Val Loss: 1.2569
2026-09-30 08:52:50 [INFO ]  *** New GLOBAL best model saved (Dice: 0.7335) ***
2026-09-30 08:55:31 [INFO ]  Epoch 4/18 - Train Loss: 1.3930 (LB: 0.2413), Train Dice: 0.6793 | Val Loss: 1.1692, Val Dice: 0.7188 | LR: Shared=8.84e-05, Base=8.84e-05, P3=8.84e-05 (gamma: S0=0.0121, S1=0.0143)
2026-09-30 08:58:04 [INFO ]  Epoch 5/18 - Train Loss: 1.3493 (LB: 0.2411), Train Dice: 0.6888 | Val Loss: 1.1043, Val Dice: 0.7036 | LR: Shared=8.23e-05, Base=8.23e-05, P3=8.23e-05 (gamma: S0=0.0114, S1=0.0146)
2026-09-30 09:00:36 [INFO ]  Epoch 6/18 - Train Loss: 1.3072 (LB: 0.2410), Train Dice: 0.6902 | Val Loss: 0.9976, Val Dice: 0.7446 | LR: Shared=7.52e-05, Base=7.52e-05, P3=7.52e-05 (gamma: S0=0.0113, S1=0.0153)
2026-09-30 09:00:37 [INFO ]  New best Stage 2 model saved with Val Dice: 0.7446 and Val Loss: 0.9976
2026-09-30 09:00:37 [INFO ]  *** New GLOBAL best model saved (Dice: 0.7446) ***
2026-09-30 09:03:09 [INFO ]  Epoch 7/18 - Train Loss: 1.2682 (LB: 0.2409), Train Dice: 0.6976 | Val Loss: 1.0631, Val Dice: 0.7473 | LR: Shared=6.74e-05, Base=6.74e-05, P3=6.74e-05 (gamma: S0=0.0114, S1=0.0154)
2026-09-30 09:03:09 [INFO ]  New best Stage 2 model saved with Val Dice: 0.7473 and Val Loss: 1.0631
2026-09-30 09:03:09 [INFO ]  *** New GLOBAL best model saved (Dice: 0.7473) ***
2026-09-30 09:05:38 [INFO ]  Epoch 8/18 - Train Loss: 1.2309 (LB: 0.2409), Train Dice: 0.7026 | Val Loss: 1.0035, Val Dice: 0.7423 | LR: Shared=5.91e-05, Base=5.91e-05, P3=5.91e-05 (gamma: S0=0.0119, S1=0.0156)
2026-09-30 09:08:10 [INFO ]  Epoch 9/18 - Train Loss: 1.2024 (LB: 0.2408), Train Dice: 0.7083 | Val Loss: 0.9907, Val Dice: 0.7347 | LR: Shared=5.05e-05, Base=5.05e-05, P3=5.05e-05 (gamma: S0=0.0120, S1=0.0163)
2026-09-30 09:10:40 [INFO ]  Epoch 10/18 - Train Loss: 1.1772 (LB: 0.2407), Train Dice: 0.7121 | Val Loss: 0.9727, Val Dice: 0.7532 | LR: Shared=4.19e-05, Base=4.19e-05, P3=4.19e-05 (gamma: S0=0.0128, S1=0.0163)
2026-09-30 09:10:40 [INFO ]  New best Stage 2 model saved with Val Dice: 0.7532 and Val Loss: 0.9727
2026-09-30 09:10:40 [INFO ]  *** New GLOBAL best model saved (Dice: 0.7532) ***
2026-09-30 09:13:12 [INFO ]  Epoch 11/18 - Train Loss: 1.1592 (LB: 0.2407), Train Dice: 0.7129 | Val Loss: 0.9845, Val Dice: 0.7559 | LR: Shared=3.36e-05, Base=3.36e-05, P3=3.36e-05 (gamma: S0=0.0128, S1=0.0161)
2026-09-30 09:13:12 [INFO ]  New best Stage 2 model saved with Val Dice: 0.7559 and Val Loss: 0.9845
2026-09-30 09:13:12 [INFO ]  *** New GLOBAL best model saved (Dice: 0.7559) ***
2026-09-30 09:15:44 [INFO ]  Epoch 12/18 - Train Loss: 1.1388 (LB: 0.2407), Train Dice: 0.7227 | Val Loss: 0.9737, Val Dice: 0.7446 | LR: Shared=2.58e-05, Base=2.58e-05, P3=2.58e-05 (gamma: S0=0.0127, S1=0.0162)
2026-09-30 09:18:17 [INFO ]  Epoch 13/18 - Train Loss: 1.1207 (LB: 0.2407), Train Dice: 0.7238 | Val Loss: 0.9709, Val Dice: 0.7553 | LR: Shared=1.87e-05, Base=1.87e-05, P3=1.87e-05 (gamma: S0=0.0128, S1=0.0161)
2026-09-30 09:20:52 [INFO ]  Epoch 14/18 - Train Loss: 1.1118 (LB: 0.2407), Train Dice: 0.7261 | Val Loss: 0.9602, Val Dice: 0.7586 | LR: Shared=1.26e-05, Base=1.26e-05, P3=1.26e-05 (gamma: S0=0.0131, S1=0.0163)
2026-09-30 09:20:52 [INFO ]  New best Stage 2 model saved with Val Dice: 0.7586 and Val Loss: 0.9602
2026-09-30 09:20:52 [INFO ]  *** New GLOBAL best model saved (Dice: 0.7586) ***
2026-09-30 09:23:24 [INFO ]  Epoch 15/18 - Train Loss: 1.0983 (LB: 0.2406), Train Dice: 0.7338 | Val Loss: 0.9315, Val Dice: 0.7555 | LR: Shared=7.63e-06, Base=7.63e-06, P3=7.63e-06 (gamma: S0=0.0130, S1=0.0164)
2026-09-30 09:25:56 [INFO ]  Epoch 16/18 - Train Loss: 1.0985 (LB: 0.2407), Train Dice: 0.7292 | Val Loss: 0.9465, Val Dice: 0.7624 | LR: Shared=3.99e-06, Base=3.99e-06, P3=3.99e-06 (gamma: S0=0.0130, S1=0.0164)
2026-09-30 09:25:56 [INFO ]  New best Stage 2 model saved with Val Dice: 0.7624 and Val Loss: 0.9465
2026-09-30 09:25:56 [INFO ]  *** New GLOBAL best model saved (Dice: 0.7624) ***
2026-09-30 09:28:28 [INFO ]  Epoch 17/18 - Train Loss: 1.0866 (LB: 0.2406), Train Dice: 0.7351 | Val Loss: 0.9532, Val Dice: 0.7603 | LR: Shared=1.75e-06, Base=1.75e-06, P3=1.75e-06 (gamma: S0=0.0130, S1=0.0164)
2026-09-30 09:30:59 [INFO ]  Epoch 18/18 - Train Loss: 1.0919 (LB: 0.2406), Train Dice: 0.7358 | Val Loss: 0.9407, Val Dice: 0.7601 | LR: Shared=1.00e-06, Base=1.00e-06, P3=1.00e-06 (gamma: S0=0.0130, S1=0.0164)
2026-09-30 09:30:59 [INFO ]  Stage 2 finished. Total epochs used so far: 35/35
