2026-09-29 11:34:42 [INFO ]  Logging initialized. Log file: /content/drive/MyDrive/crack_seg/P3_C_Canonical_Base_D4_K2_H64_Phase5_SAGELR5e-5/train.log
2026-09-29 11:34:42 [INFO ]  Loaded config from configs/p3_ablation/b2_p3_run_c_d4_k2_h64_phase5_sagelr5e5.yaml
2026-09-29 11:34:42 [INFO ]  Using device: cuda
2026-09-29 11:34:42 [INFO ]  Evaluation protocol for validation: setting_a
2026-09-29 11:34:42 [INFO ]  Loading ConvNeXt-V2: convnextv2_femto.fcmae (pretrained=True)
2026-09-29 11:34:43 [INFO ]  Loading pretrained weights from Hugging Face hub (timm/convnextv2_femto.fcmae)
2026-09-29 11:34:43 [INFO ]  HTTP Request: GET https://huggingface.co/api/agent-harnesses "HTTP/1.1 200 OK"
2026-09-29 11:34:43 [INFO ]  HTTP Request: HEAD https://huggingface.co/timm/convnextv2_femto.fcmae/resolve/main/model.safetensors "HTTP/1.1 302 Found"
2026-09-29 11:34:43 [WARNI]  Warning: You are sending unauthenticated requests to the HF Hub. Please set a HF_TOKEN to enable higher rate limits and faster downloads.
2026-09-29 11:34:43 [INFO ]  HTTP Request: GET https://huggingface.co/api/models/timm/convnextv2_femto.fcmae/xet-read-token/ad8895ca0e753755810acaa2068a7ebf497e6b2a "HTTP/1.1 200 OK"
2026-09-29 11:34:44 [INFO ]  [timm/convnextv2_femto.fcmae] Safe alternative available for 'pytorch_model.bin' (as 'model.safetensors'). Loading weights using safetensors.
2026-09-29 11:34:44 [INFO ]  Removed ConvNeXt classification head
2026-09-29 11:34:44 [INFO ]  Loading ViT-Tiny: vit_tiny_patch16_224 (pretrained=True)
2026-09-29 11:34:44 [INFO ]  Loading pretrained weights from Hugging Face hub (timm/vit_tiny_patch16_224.augreg_in21k_ft_in1k)
2026-09-29 11:34:44 [INFO ]  HTTP Request: HEAD https://huggingface.co/timm/vit_tiny_patch16_224.augreg_in21k_ft_in1k/resolve/main/model.safetensors "HTTP/1.1 302 Found"
2026-09-29 11:34:44 [INFO ]  HTTP Request: GET https://huggingface.co/api/models/timm/vit_tiny_patch16_224.augreg_in21k_ft_in1k/xet-read-token/7d3afdd0cf93ad84d986eb2d6bcc5812ebd0b106 "HTTP/1.1 200 OK"
2026-09-29 11:34:45 [INFO ]  [timm/vit_tiny_patch16_224.augreg_in21k_ft_in1k] Safe alternative available for 'pytorch_model.bin' (as 'model.safetensors'). Loading weights using safetensors.
2026-09-29 11:34:45 [INFO ]  Configured 4 ViT blocks (embed_dim=192)
2026-09-29 11:34:45 [INFO ]  [Explicit CLS Handling] Detected 197 tokens in ViT pos_embed. Discarded CLS token (1 token), retained exactly 196 spatial patch tokens.
2026-09-29 11:34:45 [INFO ]  Loaded patch_pos: shape=(1, 196, 192) (grid: 14x14)
2026-09-29 11:34:45 [INFO ]  ================================================================================
2026-09-29 11:34:45 [INFO ]  BUILDING HETEROGENEOUS EXPERT POOL (CNN Stages + Transformer Blocks)
2026-09-29 11:34:45 [INFO ]  ================================================================================
2026-09-29 11:34:45 [INFO ]  
Step 1a: Wrapping ConvNeXt stages IN-PLACE...
2026-09-29 11:34:45 [INFO ]  Initialized SAGE Hierarchical Router: top_k=2, experts=8, gating=sigmoid, logit_modulation=True
2026-09-29 11:34:45 [INFO ]  Initialized SAGE Hierarchical Router: top_k=2, experts=8, gating=sigmoid, logit_modulation=True
2026-09-29 11:34:45 [INFO ]  Initialized SAGE Hierarchical Router: top_k=2, experts=8, gating=sigmoid, logit_modulation=True
2026-09-29 11:34:45 [INFO ]  Initialized SAGE Hierarchical Router: top_k=2, experts=8, gating=sigmoid, logit_modulation=True
2026-09-29 11:34:45 [INFO ]  
Step 1b: Wrapping Transformer blocks IN-PLACE...
2026-09-29 11:34:45 [INFO ]  Initialized SAGE Hierarchical Router: top_k=2, experts=8, gating=sigmoid, logit_modulation=True
2026-09-29 11:34:45 [INFO ]  Initialized SAGE Hierarchical Router: top_k=2, experts=8, gating=sigmoid, logit_modulation=True
2026-09-29 11:34:45 [INFO ]  Initialized SAGE Hierarchical Router: top_k=2, experts=8, gating=sigmoid, logit_modulation=True
2026-09-29 11:34:45 [INFO ]  Initialized SAGE Hierarchical Router: top_k=2, experts=8, gating=sigmoid, logit_modulation=True
2026-09-29 11:34:45 [INFO ]  
Step 2: Building expert pool from wrapped .main_block attributes...
2026-09-29 11:34:45 [INFO ]    - Added 4 CNN main_blocks to pool.
2026-09-29 11:34:45 [INFO ]    - Added 4 Transformer main_blocks to pool.
2026-09-29 11:34:45 [INFO ]  
[OK] Built expert pool with 8 experts, linked to all SageLayer instances.
2026-09-29 11:34:45 [INFO ]  ================================================================================
2026-09-29 11:34:45 [INFO ]  
================================================================================
2026-09-29 11:34:45 [INFO ]  PRE-POPULATING SAHUB ADAPTERS
2026-09-29 11:34:45 [INFO ]  ================================================================================
2026-09-29 11:34:45 [INFO ]     - Created a master set of 24 potential adapter layers.
2026-09-29 11:34:45 [INFO ]     - Populated 8 SAHub instances with all adapter layers.
2026-09-29 11:34:45 [INFO ]  ================================================================================
2026-09-29 11:34:45 [INFO ]  Loaded B2 with 4 ViT blocks, full SAGE-Lite injection, and p3_mode='C'
2026-09-29 11:34:45 [INFO ]  Initialized B2 model
2026-09-29 11:34:45 [INFO ]  P3-C Standalone Initialization: ImageNet-pretrained, no parent checkpoint
2026-09-29 11:34:45 [INFO ]  P3 Refinement gamma initialized: S0=0.0100, S1=0.0100
2026-09-29 11:34:45 [INFO ]  
========================================
STARTING STAGE 1
========================================
2026-09-29 11:34:45 [INFO ]  Stage 1 Optimizer: backbone_lr=1.00e-05, decoder_lr=1.00e-04, sage_lr=5.00e-05, p3_lr=1.00e-04
2026-09-29 11:43:16 [INFO ]  Epoch 1/17 - Train Loss: 2.1026 (LB: 0.0864), Train Dice: 0.1345 | Val Loss: 2.0264, Val Dice: 0.1529 | LR: BB=4.00e-06, Dec=3.40e-05, SAGE=1.73e-05, P3=3.40e-05 (gamma: S0=0.0099, S1=0.0099)
2026-09-29 11:43:17 [INFO ]  New best Stage 1 model saved with Val Dice: 0.1529 and Val Loss: 2.0264
2026-09-29 11:43:17 [INFO ]  *** New GLOBAL best model saved (Dice: 0.1529) ***
2026-09-29 11:46:18 [INFO ]  Epoch 2/17 - Train Loss: 1.8390 (LB: 0.0850), Train Dice: 0.4709 | Val Loss: 1.6329, Val Dice: 0.6248 | LR: BB=7.00e-06, Dec=6.70e-05, SAGE=3.37e-05, P3=6.70e-05 (gamma: S0=0.0089, S1=0.0104)
2026-09-29 11:46:18 [INFO ]  New best Stage 1 model saved with Val Dice: 0.6248 and Val Loss: 1.6329
2026-09-29 11:46:19 [INFO ]  *** New GLOBAL best model saved (Dice: 0.6248) ***
2026-09-29 11:49:10 [INFO ]  Epoch 3/17 - Train Loss: 1.6939 (LB: 0.0838), Train Dice: 0.5872 | Val Loss: 1.5838, Val Dice: 0.6090 | LR: BB=9.33e-06, Dec=9.26e-05, SAGE=4.63e-05, P3=9.26e-05 (gamma: S0=0.0089, S1=0.0110)
2026-09-29 11:51:59 [INFO ]  Epoch 4/17 - Train Loss: 1.6297 (LB: 0.0830), Train Dice: 0.6088 | Val Loss: 1.5148, Val Dice: 0.6989 | LR: BB=8.83e-06, Dec=8.71e-05, SAGE=4.36e-05, P3=8.71e-05 (gamma: S0=0.0095, S1=0.0105)
2026-09-29 11:51:59 [INFO ]  New best Stage 1 model saved with Val Dice: 0.6989 and Val Loss: 1.5148
2026-09-29 11:52:00 [INFO ]  *** New GLOBAL best model saved (Dice: 0.6989) ***
2026-09-29 11:54:43 [INFO ]  Epoch 5/17 - Train Loss: 1.5710 (LB: 0.0825), Train Dice: 0.6307 | Val Loss: 1.4828, Val Dice: 0.6095 | LR: BB=8.21e-06, Dec=8.03e-05, SAGE=4.03e-05, P3=8.03e-05 (gamma: S0=0.0105, S1=0.0102)
2026-09-29 11:57:23 [INFO ]  Epoch 6/17 - Train Loss: 1.5198 (LB: 0.0820), Train Dice: 0.6450 | Val Loss: 1.4282, Val Dice: 0.6543 | LR: BB=7.51e-06, Dec=7.26e-05, SAGE=3.64e-05, P3=7.26e-05 (gamma: S0=0.0103, S1=0.0105)
2026-09-29 12:00:03 [INFO ]  Epoch 7/17 - Train Loss: 1.4755 (LB: 0.0820), Train Dice: 0.6524 | Val Loss: 1.4382, Val Dice: 0.6726 | LR: BB=6.73e-06, Dec=6.40e-05, SAGE=3.22e-05, P3=6.40e-05 (gamma: S0=0.0102, S1=0.0109)
2026-09-29 12:02:41 [INFO ]  Epoch 8/17 - Train Loss: 1.4353 (LB: 0.0817), Train Dice: 0.6616 | Val Loss: 1.3878, Val Dice: 0.7197 | LR: BB=5.92e-06, Dec=5.51e-05, SAGE=2.78e-05, P3=5.51e-05 (gamma: S0=0.0101, S1=0.0128)
2026-09-29 12:02:41 [INFO ]  New best Stage 1 model saved with Val Dice: 0.7197 and Val Loss: 1.3878
2026-09-29 12:02:41 [INFO ]  *** New GLOBAL best model saved (Dice: 0.7197) ***
2026-09-29 12:05:17 [INFO ]  Epoch 9/17 - Train Loss: 1.4008 (LB: 0.0816), Train Dice: 0.6670 | Val Loss: 1.3628, Val Dice: 0.7099 | LR: BB=5.08e-06, Dec=4.59e-05, SAGE=2.32e-05, P3=4.59e-05 (gamma: S0=0.0111, S1=0.0135)
2026-09-29 12:07:55 [INFO ]  Epoch 10/17 - Train Loss: 1.3706 (LB: 0.0814), Train Dice: 0.6781 | Val Loss: 1.2988, Val Dice: 0.7235 | LR: BB=4.27e-06, Dec=3.70e-05, SAGE=1.88e-05, P3=3.70e-05 (gamma: S0=0.0111, S1=0.0139)
2026-09-29 12:07:55 [INFO ]  New best Stage 1 model saved with Val Dice: 0.7235 and Val Loss: 1.2988
2026-09-29 12:07:55 [INFO ]  *** New GLOBAL best model saved (Dice: 0.7235) ***
2026-09-29 12:10:30 [INFO ]  Epoch 11/17 - Train Loss: 1.3520 (LB: 0.0814), Train Dice: 0.6732 | Val Loss: 1.3089, Val Dice: 0.7222 | LR: BB=3.49e-06, Dec=2.84e-05, SAGE=1.46e-05, P3=2.84e-05 (gamma: S0=0.0106, S1=0.0146)
2026-09-29 12:13:05 [INFO ]  Epoch 12/17 - Train Loss: 1.3304 (LB: 0.0814), Train Dice: 0.6815 | Val Loss: 1.2806, Val Dice: 0.7261 | LR: BB=2.79e-06, Dec=2.07e-05, SAGE=1.07e-05, P3=2.07e-05 (gamma: S0=0.0103, S1=0.0148)
2026-09-29 12:13:05 [INFO ]  New best Stage 1 model saved with Val Dice: 0.7261 and Val Loss: 1.2806
2026-09-29 12:13:05 [INFO ]  *** New GLOBAL best model saved (Dice: 0.7261) ***
2026-09-29 12:15:39 [INFO ]  Epoch 13/17 - Train Loss: 1.3136 (LB: 0.0814), Train Dice: 0.6871 | Val Loss: 1.2730, Val Dice: 0.7216 | LR: BB=2.17e-06, Dec=1.39e-05, SAGE=7.39e-06, P3=1.39e-05 (gamma: S0=0.0098, S1=0.0153)
2026-09-29 12:18:14 [INFO ]  Epoch 14/17 - Train Loss: 1.3035 (LB: 0.0813), Train Dice: 0.6892 | Val Loss: 1.2603, Val Dice: 0.7195 | LR: BB=1.67e-06, Dec=8.41e-06, SAGE=4.67e-06, P3=8.41e-06 (gamma: S0=0.0096, S1=0.0155)
2026-09-29 12:20:47 [INFO ]  Epoch 15/17 - Train Loss: 1.3009 (LB: 0.0813), Train Dice: 0.6875 | Val Loss: 1.2622, Val Dice: 0.7232 | LR: BB=1.30e-06, Dec=4.34e-06, SAGE=2.65e-06, P3=4.34e-06 (gamma: S0=0.0097, S1=0.0157)
2026-09-29 12:23:30 [INFO ]  Epoch 16/17 - Train Loss: 1.2919 (LB: 0.0813), Train Dice: 0.6939 | Val Loss: 1.2679, Val Dice: 0.7203 | LR: BB=1.08e-06, Dec=1.84e-06, SAGE=1.42e-06, P3=1.84e-06 (gamma: S0=0.0097, S1=0.0157)
2026-09-29 12:26:05 [INFO ]  Epoch 17/17 - Train Loss: 1.2944 (LB: 0.0813), Train Dice: 0.6894 | Val Loss: 1.2617, Val Dice: 0.7266 | LR: BB=1.00e-06, Dec=1.00e-06, SAGE=1.00e-06, P3=1.00e-06 (gamma: S0=0.0096, S1=0.0157)
2026-09-29 12:26:05 [INFO ]  New best Stage 1 model saved with Val Dice: 0.7266 and Val Loss: 1.2617
2026-09-29 12:26:05 [INFO ]  *** New GLOBAL best model saved (Dice: 0.7266) ***
2026-09-29 12:26:06 [INFO ]  Stage 1 finished. Total epochs used so far: 17/35
2026-09-29 12:26:06 [INFO ]  
========================================
STARTING STAGE 2
========================================
2026-09-29 12:26:06 [INFO ]  Loading best Stage 1 checkpoint from /content/drive/MyDrive/crack_seg/P3_C_Canonical_Base_D4_K2_H64_Phase5_SAGELR5e-5/best_model_b2_stage1.pth
2026-09-29 12:26:06 [INFO ]  Stage 2: Updated shared expert indices to [0, 1, 2, 3]
2026-09-29 12:26:06 [INFO ]  Stage 2 Optimizer: shared_lr=1.00e-04, base_lr=1.00e-04, p3_lr=1.00e-04
2026-09-29 12:28:40 [INFO ]  Epoch 1/18 - Train Loss: 1.2936 (LB: 0.0813), Train Dice: 0.6923 | Val Loss: 1.2654, Val Dice: 0.7241 | LR: Shared=3.40e-05, Others=3.40e-05, P3=3.40e-05 (gamma: S0=0.0096, S1=0.0157)
2026-09-29 12:28:41 [INFO ]  New best Stage 2 model saved with Val Dice: 0.7241 and Val Loss: 1.2654
2026-09-29 12:31:14 [INFO ]  Epoch 2/18 - Train Loss: 1.2950 (LB: 0.0813), Train Dice: 0.6769 | Val Loss: 1.2627, Val Dice: 0.7298 | LR: Shared=6.70e-05, Others=6.70e-05, P3=6.70e-05 (gamma: S0=0.0095, S1=0.0153)
2026-09-29 12:31:14 [INFO ]  New best Stage 2 model saved with Val Dice: 0.7298 and Val Loss: 1.2627
2026-09-29 12:31:14 [INFO ]  *** New GLOBAL best model saved (Dice: 0.7298) ***
2026-09-29 12:33:50 [INFO ]  Epoch 3/18 - Train Loss: 1.2727 (LB: 0.0811), Train Dice: 0.6770 | Val Loss: 1.2041, Val Dice: 0.7316 | LR: Shared=9.34e-05, Others=9.34e-05, P3=9.34e-05 (gamma: S0=0.0093, S1=0.0159)
2026-09-29 12:33:51 [INFO ]  New best Stage 2 model saved with Val Dice: 0.7316 and Val Loss: 1.2041
2026-09-29 12:33:51 [INFO ]  *** New GLOBAL best model saved (Dice: 0.7316) ***
2026-09-29 12:36:28 [INFO ]  Epoch 4/18 - Train Loss: 1.2332 (LB: 0.0810), Train Dice: 0.6797 | Val Loss: 1.1403, Val Dice: 0.7291 | LR: Shared=8.84e-05, Others=8.84e-05, P3=8.84e-05 (gamma: S0=0.0101, S1=0.0172)
2026-09-29 12:39:06 [INFO ]  Epoch 5/18 - Train Loss: 1.1833 (LB: 0.0809), Train Dice: 0.6901 | Val Loss: 1.1204, Val Dice: 0.7277 | LR: Shared=8.23e-05, Others=8.23e-05, P3=8.23e-05 (gamma: S0=0.0101, S1=0.0176)
2026-09-29 12:41:40 [INFO ]  Epoch 6/18 - Train Loss: 1.1468 (LB: 0.0808), Train Dice: 0.6912 | Val Loss: 1.1027, Val Dice: 0.6864 | LR: Shared=7.52e-05, Others=7.52e-05, P3=7.52e-05 (gamma: S0=0.0099, S1=0.0172)
2026-09-29 12:44:15 [INFO ]  Epoch 7/18 - Train Loss: 1.1059 (LB: 0.0808), Train Dice: 0.6997 | Val Loss: 1.1011, Val Dice: 0.7273 | LR: Shared=6.74e-05, Others=6.74e-05, P3=6.74e-05 (gamma: S0=0.0100, S1=0.0180)
2026-09-29 12:46:47 [INFO ]  Epoch 8/18 - Train Loss: 1.0749 (LB: 0.0807), Train Dice: 0.7021 | Val Loss: 1.0240, Val Dice: 0.7501 | LR: Shared=5.91e-05, Others=5.91e-05, P3=5.91e-05 (gamma: S0=0.0104, S1=0.0179)
2026-09-29 12:46:48 [INFO ]  New best Stage 2 model saved with Val Dice: 0.7501 and Val Loss: 1.0240
2026-09-29 12:46:48 [INFO ]  *** New GLOBAL best model saved (Dice: 0.7501) ***
2026-09-29 12:49:23 [INFO ]  Epoch 9/18 - Train Loss: 1.0428 (LB: 0.0807), Train Dice: 0.7086 | Val Loss: 1.0201, Val Dice: 0.7270 | LR: Shared=5.05e-05, Others=5.05e-05, P3=5.05e-05 (gamma: S0=0.0110, S1=0.0186)
2026-09-29 12:51:59 [INFO ]  Epoch 10/18 - Train Loss: 1.0225 (LB: 0.0806), Train Dice: 0.7107 | Val Loss: 1.0168, Val Dice: 0.7469 | LR: Shared=4.19e-05, Others=4.19e-05, P3=4.19e-05 (gamma: S0=0.0113, S1=0.0182)
2026-09-29 12:54:27 [INFO ]  Epoch 11/18 - Train Loss: 0.9932 (LB: 0.0806), Train Dice: 0.7216 | Val Loss: 0.9706, Val Dice: 0.7453 | LR: Shared=3.36e-05, Others=3.36e-05, P3=3.36e-05 (gamma: S0=0.0117, S1=0.0186)
2026-09-29 12:56:58 [INFO ]  Epoch 12/18 - Train Loss: 0.9817 (LB: 0.0805), Train Dice: 0.7161 | Val Loss: 0.9964, Val Dice: 0.7400 | LR: Shared=2.58e-05, Others=2.58e-05, P3=2.58e-05 (gamma: S0=0.0112, S1=0.0188)
2026-09-29 12:59:28 [INFO ]  Epoch 13/18 - Train Loss: 0.9613 (LB: 0.0806), Train Dice: 0.7271 | Val Loss: 0.9581, Val Dice: 0.7539 | LR: Shared=1.87e-05, Others=1.87e-05, P3=1.87e-05 (gamma: S0=0.0110, S1=0.0190)
2026-09-29 12:59:28 [INFO ]  New best Stage 2 model saved with Val Dice: 0.7539 and Val Loss: 0.9581
2026-09-29 12:59:28 [INFO ]  *** New GLOBAL best model saved (Dice: 0.7539) ***
2026-09-29 13:02:03 [INFO ]  Epoch 14/18 - Train Loss: 0.9494 (LB: 0.0805), Train Dice: 0.7280 | Val Loss: 0.9629, Val Dice: 0.7585 | LR: Shared=1.26e-05, Others=1.26e-05, P3=1.26e-05 (gamma: S0=0.0110, S1=0.0191)
2026-09-29 13:02:03 [INFO ]  New best Stage 2 model saved with Val Dice: 0.7585 and Val Loss: 0.9629
2026-09-29 13:02:03 [INFO ]  *** New GLOBAL best model saved (Dice: 0.7585) ***
2026-09-29 13:04:34 [INFO ]  Epoch 15/18 - Train Loss: 0.9431 (LB: 0.0805), Train Dice: 0.7333 | Val Loss: 0.9523, Val Dice: 0.7550 | LR: Shared=7.63e-06, Others=7.63e-06, P3=7.63e-06 (gamma: S0=0.0111, S1=0.0193)
2026-09-29 13:07:07 [INFO ]  Epoch 16/18 - Train Loss: 0.9331 (LB: 0.0805), Train Dice: 0.7352 | Val Loss: 0.9477, Val Dice: 0.7593 | LR: Shared=3.99e-06, Others=3.99e-06, P3=3.99e-06 (gamma: S0=0.0113, S1=0.0194)
2026-09-29 13:07:07 [INFO ]  New best Stage 2 model saved with Val Dice: 0.7593 and Val Loss: 0.9477
2026-09-29 13:07:08 [INFO ]  *** New GLOBAL best model saved (Dice: 0.7593) ***
2026-09-29 13:09:39 [INFO ]  Epoch 17/18 - Train Loss: 0.9262 (LB: 0.0805), Train Dice: 0.7401 | Val Loss: 0.9512, Val Dice: 0.7579 | LR: Shared=1.75e-06, Others=1.75e-06, P3=1.75e-06 (gamma: S0=0.0113, S1=0.0194)
2026-09-29 13:12:08 [INFO ]  Epoch 18/18 - Train Loss: 0.9263 (LB: 0.0805), Train Dice: 0.7391 | Val Loss: 0.9470, Val Dice: 0.7597 | LR: Shared=1.00e-06, Others=1.00e-06, P3=1.00e-06 (gamma: S0=0.0113, S1=0.0194)
2026-09-29 13:12:08 [INFO ]  New best Stage 2 model saved with Val Dice: 0.7597 and Val Loss: 0.9470
2026-09-29 13:12:09 [INFO ]  *** New GLOBAL best model saved (Dice: 0.7597) ***
2026-09-29 13:12:09 [INFO ]  Stage 2 finished. Total epochs used so far: 35/35
