2026-09-30 04:14:23 [INFO ]  Logging initialized. Log file: /content/drive/MyDrive/crack_seg/P3_C_Canonical_Base_D4_K2_H64_Phase5_3_R025/train.log
2026-09-30 04:14:23 [INFO ]  Loaded config from configs/p3_ablation/b2_p3_run_c_d4_k2_h64_phase5_3_r025.yaml
2026-09-30 04:14:23 [INFO ]  Using device: cuda
2026-09-30 04:14:23 [INFO ]  Evaluation protocol for validation: setting_a
2026-09-30 04:14:23 [INFO ]  Loading ConvNeXt-V2: convnextv2_femto.fcmae (pretrained=True)
2026-09-30 04:14:23 [INFO ]  Loading pretrained weights from Hugging Face hub (timm/convnextv2_femto.fcmae)
2026-09-30 04:14:23 [INFO ]  HTTP Request: GET https://huggingface.co/api/agent-harnesses "HTTP/1.1 200 OK"
2026-09-30 04:14:24 [INFO ]  HTTP Request: HEAD https://huggingface.co/timm/convnextv2_femto.fcmae/resolve/main/model.safetensors "HTTP/1.1 302 Found"
2026-09-30 04:14:24 [INFO ]  HTTP Request: GET https://huggingface.co/api/models/timm/convnextv2_femto.fcmae/xet-read-token/ad8895ca0e753755810acaa2068a7ebf497e6b2a "HTTP/1.1 200 OK"
2026-09-30 04:14:25 [INFO ]  [timm/convnextv2_femto.fcmae] Safe alternative available for 'pytorch_model.bin' (as 'model.safetensors'). Loading weights using safetensors.
2026-09-30 04:14:25 [INFO ]  Removed ConvNeXt classification head
2026-09-30 04:14:25 [INFO ]  Loading ViT-Tiny: vit_tiny_patch16_224 (pretrained=True)
2026-09-30 04:14:25 [INFO ]  Loading pretrained weights from Hugging Face hub (timm/vit_tiny_patch16_224.augreg_in21k_ft_in1k)
2026-09-30 04:14:25 [INFO ]  HTTP Request: HEAD https://huggingface.co/timm/vit_tiny_patch16_224.augreg_in21k_ft_in1k/resolve/main/model.safetensors "HTTP/1.1 302 Found"
2026-09-30 04:14:25 [INFO ]  HTTP Request: GET https://huggingface.co/api/models/timm/vit_tiny_patch16_224.augreg_in21k_ft_in1k/xet-read-token/7d3afdd0cf93ad84d986eb2d6bcc5812ebd0b106 "HTTP/1.1 200 OK"
2026-09-30 04:14:26 [INFO ]  [timm/vit_tiny_patch16_224.augreg_in21k_ft_in1k] Safe alternative available for 'pytorch_model.bin' (as 'model.safetensors'). Loading weights using safetensors.
2026-09-30 04:14:26 [INFO ]  Configured 4 ViT blocks (embed_dim=192)
2026-09-30 04:14:26 [INFO ]  [Explicit CLS Handling] Detected 197 tokens in ViT pos_embed. Discarded CLS token (1 token), retained exactly 196 spatial patch tokens.
2026-09-30 04:14:26 [INFO ]  Loaded patch_pos: shape=(1, 196, 192) (grid: 14x14)
2026-09-30 04:14:26 [INFO ]  ================================================================================
2026-09-30 04:14:26 [INFO ]  BUILDING HETEROGENEOUS EXPERT POOL (CNN Stages + Transformer Blocks)
2026-09-30 04:14:26 [INFO ]  ================================================================================
2026-09-30 04:14:26 [INFO ]  
Step 1a: Wrapping ConvNeXt stages IN-PLACE...
2026-09-30 04:14:26 [INFO ]  Initialized SAGE Hierarchical Router: top_k=2, experts=8, gating=sigmoid, logit_modulation=True
2026-09-30 04:14:26 [INFO ]  Initialized SAGE Hierarchical Router: top_k=2, experts=8, gating=sigmoid, logit_modulation=True
2026-09-30 04:14:26 [INFO ]  Initialized SAGE Hierarchical Router: top_k=2, experts=8, gating=sigmoid, logit_modulation=True
2026-09-30 04:14:26 [INFO ]  Initialized SAGE Hierarchical Router: top_k=2, experts=8, gating=sigmoid, logit_modulation=True
2026-09-30 04:14:26 [INFO ]  
Step 1b: Wrapping Transformer blocks IN-PLACE...
2026-09-30 04:14:26 [INFO ]  Initialized SAGE Hierarchical Router: top_k=2, experts=8, gating=sigmoid, logit_modulation=True
2026-09-30 04:14:26 [INFO ]  Initialized SAGE Hierarchical Router: top_k=2, experts=8, gating=sigmoid, logit_modulation=True
2026-09-30 04:14:26 [INFO ]  Initialized SAGE Hierarchical Router: top_k=2, experts=8, gating=sigmoid, logit_modulation=True
2026-09-30 04:14:26 [INFO ]  Initialized SAGE Hierarchical Router: top_k=2, experts=8, gating=sigmoid, logit_modulation=True
2026-09-30 04:14:26 [INFO ]  
Step 2: Building expert pool from wrapped .main_block attributes...
2026-09-30 04:14:26 [INFO ]    - Added 4 CNN main_blocks to pool.
2026-09-30 04:14:26 [INFO ]    - Added 4 Transformer main_blocks to pool.
2026-09-30 04:14:26 [INFO ]  
[OK] Built expert pool with 8 experts, linked to all SageLayer instances.
2026-09-30 04:14:26 [INFO ]  ================================================================================
2026-09-30 04:14:26 [INFO ]  
================================================================================
2026-09-30 04:14:26 [INFO ]  PRE-POPULATING SAHUB ADAPTERS
2026-09-30 04:14:26 [INFO ]  ================================================================================
2026-09-30 04:14:26 [INFO ]     - Created a master set of 24 potential adapter layers.
2026-09-30 04:14:26 [INFO ]     - Populated 8 SAHub instances with all adapter layers.
2026-09-30 04:14:26 [INFO ]  ================================================================================
2026-09-30 04:14:27 [INFO ]  Loaded B2 with 4 ViT blocks, full SAGE-Lite injection, and p3_mode='C'
2026-09-30 04:14:27 [INFO ]  Initialized B2 model
2026-09-30 04:14:27 [INFO ]  Loading checkpoint from /content/checkpoints/best_model_b2_stage1.pth (resume/continue mechanism)...
2026-09-30 04:14:27 [INFO ]  P3 Refinement gamma preserved from checkpoint: S0=0.0106, S1=0.0139
2026-09-30 04:14:27 [INFO ]  Loading Stage 1 checkpoint for --stage2-only: /content/checkpoints/best_model_b2_stage1.pth
2026-09-30 04:14:27 [INFO ]  No stage1 completion file found; using Stage 1 checkpoint epoch: 13
2026-09-30 04:14:27 [INFO ]  Stage 2 starting from Stage 1: Global Best Dice=0.7333, Global Best Loss=1.2683, Stage 1 Epochs Used=13
2026-09-30 04:14:27 [INFO ]  Stage 2 learned gamma confirmed: S0=0.0106, S1=0.0139
2026-09-30 04:14:27 [INFO ]  
========================================
STARTING STAGE 2
========================================
2026-09-30 04:14:27 [INFO ]  Stage 2: Updated shared expert indices to [0, 1, 2, 3]
2026-09-30 04:14:27 [INFO ]  Stage 2 Optimizer: shared_lr=2.50e-05, base_lr=1.00e-04, sage_lr=1.00e-04, p3_lr=1.00e-04
2026-09-30 04:14:27 [INFO ]  Restoring Stage 1 RNG and Scaler state from: /content/checkpoints/last_model_b2_stage1_rng.pth
2026-09-30 04:14:27 [INFO ]  Restored AMP scaler state_dict from checkpoint.
2026-09-30 04:14:27 [INFO ]  Restored torch CPU RNG state.
2026-09-30 04:14:27 [INFO ]  Restored torch CUDA RNG state.
2026-09-30 04:14:27 [INFO ]  Restored NumPy RNG state.
2026-09-30 04:14:27 [INFO ]  Restored Python RNG state.
2026-09-30 04:14:27 [INFO ]  Restored DataLoader generator state from checkpoint.
2026-09-30 04:14:27 [INFO ]  Stage 2 optimizer and scheduler maintained strictly fresh (no state restored from RNG checkpoint).
2026-09-30 04:14:27 [INFO ]  Stage 2 starting fresh from Stage 1: best_stage_dice=0.0000, epochs_no_improve=0/6 (Global baseline Dice=0.7333)
2026-09-30 04:22:36 [INFO ]  Epoch 1/22 - Train Loss: 1.3020 (LB: 0.0806), Train Dice: 0.6909 | Val Loss: 1.2651, Val Dice: 0.7280 | LR: Shared=9.00e-06, Base=3.40e-05, P3=3.40e-05 (gamma: S0=0.0106, S1=0.0139) (gamma: S0=0.0106, S1=0.0139)
2026-09-30 04:22:36 [INFO ]  New best Stage 2 model saved with Val Dice: 0.7280 and Val Loss: 1.2651
2026-09-30 04:24:51 [INFO ]  Logging initialized. Log file: /content/drive/MyDrive/crack_seg/P3_C_Canonical_Base_D4_K2_H64_Phase5_3_R025/train.log
2026-09-30 04:24:51 [INFO ]  Loaded config from configs/p3_ablation/b2_p3_run_c_d4_k2_h64_phase5_3_r025.yaml
2026-09-30 04:24:51 [INFO ]  Using device: cuda
2026-09-30 04:24:51 [INFO ]  Evaluation protocol for validation: setting_a
2026-09-30 04:24:51 [INFO ]  Loading ConvNeXt-V2: convnextv2_femto.fcmae (pretrained=True)
2026-09-30 04:24:51 [INFO ]  Loading pretrained weights from Hugging Face hub (timm/convnextv2_femto.fcmae)
2026-09-30 04:24:51 [INFO ]  HTTP Request: HEAD https://huggingface.co/timm/convnextv2_femto.fcmae/resolve/main/model.safetensors "HTTP/1.1 302 Found"
2026-09-30 04:24:51 [INFO ]  [timm/convnextv2_femto.fcmae] Safe alternative available for 'pytorch_model.bin' (as 'model.safetensors'). Loading weights using safetensors.
2026-09-30 04:24:52 [INFO ]  Removed ConvNeXt classification head
2026-09-30 04:24:52 [INFO ]  Loading ViT-Tiny: vit_tiny_patch16_224 (pretrained=True)
2026-09-30 04:24:52 [INFO ]  Loading pretrained weights from Hugging Face hub (timm/vit_tiny_patch16_224.augreg_in21k_ft_in1k)
2026-09-30 04:24:52 [INFO ]  HTTP Request: HEAD https://huggingface.co/timm/vit_tiny_patch16_224.augreg_in21k_ft_in1k/resolve/main/model.safetensors "HTTP/1.1 302 Found"
2026-09-30 04:24:52 [INFO ]  [timm/vit_tiny_patch16_224.augreg_in21k_ft_in1k] Safe alternative available for 'pytorch_model.bin' (as 'model.safetensors'). Loading weights using safetensors.
2026-09-30 04:24:52 [INFO ]  Configured 4 ViT blocks (embed_dim=192)
2026-09-30 04:24:52 [INFO ]  [Explicit CLS Handling] Detected 197 tokens in ViT pos_embed. Discarded CLS token (1 token), retained exactly 196 spatial patch tokens.
2026-09-30 04:24:52 [INFO ]  Loaded patch_pos: shape=(1, 196, 192) (grid: 14x14)
2026-09-30 04:24:52 [INFO ]  ================================================================================
2026-09-30 04:24:52 [INFO ]  BUILDING HETEROGENEOUS EXPERT POOL (CNN Stages + Transformer Blocks)
2026-09-30 04:24:52 [INFO ]  ================================================================================
2026-09-30 04:24:52 [INFO ]  
Step 1a: Wrapping ConvNeXt stages IN-PLACE...
2026-09-30 04:24:52 [INFO ]  Initialized SAGE Hierarchical Router: top_k=2, experts=8, gating=sigmoid, logit_modulation=True
2026-09-30 04:24:52 [INFO ]  Initialized SAGE Hierarchical Router: top_k=2, experts=8, gating=sigmoid, logit_modulation=True
2026-09-30 04:24:52 [INFO ]  Initialized SAGE Hierarchical Router: top_k=2, experts=8, gating=sigmoid, logit_modulation=True
2026-09-30 04:24:52 [INFO ]  Initialized SAGE Hierarchical Router: top_k=2, experts=8, gating=sigmoid, logit_modulation=True
2026-09-30 04:24:52 [INFO ]  
Step 1b: Wrapping Transformer blocks IN-PLACE...
2026-09-30 04:24:52 [INFO ]  Initialized SAGE Hierarchical Router: top_k=2, experts=8, gating=sigmoid, logit_modulation=True
2026-09-30 04:24:52 [INFO ]  Initialized SAGE Hierarchical Router: top_k=2, experts=8, gating=sigmoid, logit_modulation=True
2026-09-30 04:24:52 [INFO ]  Initialized SAGE Hierarchical Router: top_k=2, experts=8, gating=sigmoid, logit_modulation=True
2026-09-30 04:24:52 [INFO ]  Initialized SAGE Hierarchical Router: top_k=2, experts=8, gating=sigmoid, logit_modulation=True
2026-09-30 04:24:52 [INFO ]  
Step 2: Building expert pool from wrapped .main_block attributes...
2026-09-30 04:24:52 [INFO ]    - Added 4 CNN main_blocks to pool.
2026-09-30 04:24:52 [INFO ]    - Added 4 Transformer main_blocks to pool.
2026-09-30 04:24:52 [INFO ]  
[OK] Built expert pool with 8 experts, linked to all SageLayer instances.
2026-09-30 04:24:52 [INFO ]  ================================================================================
2026-09-30 04:24:52 [INFO ]  
================================================================================
2026-09-30 04:24:52 [INFO ]  PRE-POPULATING SAHUB ADAPTERS
2026-09-30 04:24:52 [INFO ]  ================================================================================
2026-09-30 04:24:52 [INFO ]     - Created a master set of 24 potential adapter layers.
2026-09-30 04:24:52 [INFO ]     - Populated 8 SAHub instances with all adapter layers.
2026-09-30 04:24:52 [INFO ]  ================================================================================
2026-09-30 04:24:52 [INFO ]  Loaded B2 with 4 ViT blocks, full SAGE-Lite injection, and p3_mode='C'
2026-09-30 04:24:52 [INFO ]  Initialized B2 model
2026-09-30 04:24:52 [INFO ]  Loading checkpoint from /content/checkpoints/best_model_b2_stage1.pth (resume/continue mechanism)...
2026-09-30 04:24:52 [INFO ]  P3 Refinement gamma preserved from checkpoint: S0=0.0106, S1=0.0139
2026-09-30 04:24:52 [INFO ]  Loading Stage 1 checkpoint for --stage2-only: /content/checkpoints/best_model_b2_stage1.pth
2026-09-30 04:24:52 [INFO ]  Using explicitly provided --stage1-epochs-used: 17
2026-09-30 04:24:52 [INFO ]  Stage 2 starting from Stage 1: Global Best Dice=0.7333, Global Best Loss=1.2683, Stage 1 Epochs Used=17
2026-09-30 04:24:52 [INFO ]  Stage 2 learned gamma confirmed: S0=0.0106, S1=0.0139
2026-09-30 04:24:52 [INFO ]  
========================================
STARTING STAGE 2
========================================
2026-09-30 04:24:52 [INFO ]  Stage 2: Updated shared expert indices to [0, 1, 2, 3]
2026-09-30 04:24:52 [INFO ]  Stage 2 Optimizer: shared_lr=2.50e-05, base_lr=1.00e-04, sage_lr=1.00e-04, p3_lr=1.00e-04
2026-09-30 04:24:52 [INFO ]  Restoring Stage 1 RNG and Scaler state from: /content/checkpoints/last_model_b2_stage1_rng.pth
2026-09-30 04:24:52 [INFO ]  Restored AMP scaler state_dict from checkpoint.
2026-09-30 04:24:52 [INFO ]  Restored torch CPU RNG state.
2026-09-30 04:24:52 [INFO ]  Restored torch CUDA RNG state.
2026-09-30 04:24:52 [INFO ]  Restored NumPy RNG state.
2026-09-30 04:24:52 [INFO ]  Restored Python RNG state.
2026-09-30 04:24:52 [INFO ]  Restored DataLoader generator state from checkpoint.
2026-09-30 04:24:52 [INFO ]  Stage 2 optimizer and scheduler maintained strictly fresh (no state restored from RNG checkpoint).
2026-09-30 04:24:52 [INFO ]  Stage 2 starting fresh from Stage 1: best_stage_dice=0.0000, epochs_no_improve=0/6 (Global baseline Dice=0.7333)
2026-09-30 04:32:59 [INFO ]  Epoch 1/18 - Train Loss: 1.3032 (LB: 0.0806), Train Dice: 0.6950 | Val Loss: 1.2745, Val Dice: 0.7297 | LR: Shared=9.00e-06, Base=3.40e-05, P3=3.40e-05 (gamma: S0=0.0106, S1=0.0139) (gamma: S0=0.0106, S1=0.0139)
2026-09-30 04:32:59 [INFO ]  New best Stage 2 model saved with Val Dice: 0.7297 and Val Loss: 1.2745
2026-09-30 04:36:08 [INFO ]  Epoch 2/18 - Train Loss: 1.2972 (LB: 0.0805), Train Dice: 0.6868 | Val Loss: 1.2329, Val Dice: 0.7301 | LR: Shared=1.70e-05, Base=6.70e-05, P3=6.70e-05 (gamma: S0=0.0114, S1=0.0137) (gamma: S0=0.0114, S1=0.0137)
2026-09-30 04:36:08 [INFO ]  New best Stage 2 model saved with Val Dice: 0.7301 and Val Loss: 1.2329
2026-09-30 04:38:53 [INFO ]  Epoch 3/18 - Train Loss: 1.2776 (LB: 0.0805), Train Dice: 0.6845 | Val Loss: 1.2324, Val Dice: 0.7210 | LR: Shared=2.34e-05, Base=9.34e-05, P3=9.34e-05 (gamma: S0=0.0118, S1=0.0133) (gamma: S0=0.0118, S1=0.0133)
2026-09-30 04:41:44 [INFO ]  Epoch 4/18 - Train Loss: 1.2435 (LB: 0.0805), Train Dice: 0.6773 | Val Loss: 1.1810, Val Dice: 0.6994 | LR: Shared=2.22e-05, Base=8.84e-05, P3=8.84e-05 (gamma: S0=0.0126, S1=0.0137) (gamma: S0=0.0126, S1=0.0137)
2026-09-30 04:44:35 [INFO ]  Epoch 5/18 - Train Loss: 1.1958 (LB: 0.0804), Train Dice: 0.6906 | Val Loss: 1.1302, Val Dice: 0.7215 | LR: Shared=2.07e-05, Base=8.23e-05, P3=8.23e-05 (gamma: S0=0.0132, S1=0.0141) (gamma: S0=0.0132, S1=0.0141)
2026-09-30 04:47:22 [INFO ]  Epoch 6/18 - Train Loss: 1.1568 (LB: 0.0803), Train Dice: 0.6926 | Val Loss: 1.0920, Val Dice: 0.7227 | LR: Shared=1.90e-05, Base=7.52e-05, P3=7.52e-05 (gamma: S0=0.0121, S1=0.0147) (gamma: S0=0.0121, S1=0.0147)
2026-09-30 04:50:02 [INFO ]  Epoch 7/18 - Train Loss: 1.1133 (LB: 0.0803), Train Dice: 0.7026 | Val Loss: 1.0810, Val Dice: 0.7274 | LR: Shared=1.71e-05, Base=6.74e-05, P3=6.74e-05 (gamma: S0=0.0130, S1=0.0159) (gamma: S0=0.0130, S1=0.0159)
2026-09-30 04:52:40 [INFO ]  Epoch 8/18 - Train Loss: 1.0818 (LB: 0.0803), Train Dice: 0.7032 | Val Loss: 1.0035, Val Dice: 0.7444 | LR: Shared=1.51e-05, Base=5.91e-05, P3=5.91e-05 (gamma: S0=0.0128, S1=0.0166) (gamma: S0=0.0128, S1=0.0166)
2026-09-30 04:52:41 [INFO ]  New best Stage 2 model saved with Val Dice: 0.7444 and Val Loss: 1.0035
2026-09-30 04:52:41 [INFO ]  *** New GLOBAL best model saved (Dice: 0.7444) ***
2026-09-30 04:55:19 [INFO ]  Epoch 9/18 - Train Loss: 1.0559 (LB: 0.0803), Train Dice: 0.7069 | Val Loss: 0.9912, Val Dice: 0.7355 | LR: Shared=1.30e-05, Base=5.05e-05, P3=5.05e-05 (gamma: S0=0.0118, S1=0.0164) (gamma: S0=0.0118, S1=0.0164)
2026-09-30 04:58:02 [INFO ]  Epoch 10/18 - Train Loss: 1.0306 (LB: 0.0803), Train Dice: 0.7062 | Val Loss: 0.9896, Val Dice: 0.7456 | LR: Shared=1.09e-05, Base=4.19e-05, P3=4.19e-05 (gamma: S0=0.0108, S1=0.0164) (gamma: S0=0.0108, S1=0.0164)
2026-09-30 04:58:02 [INFO ]  New best Stage 2 model saved with Val Dice: 0.7456 and Val Loss: 0.9896
2026-09-30 04:58:02 [INFO ]  *** New GLOBAL best model saved (Dice: 0.7456) ***
2026-09-30 05:00:36 [INFO ]  Epoch 11/18 - Train Loss: 1.0025 (LB: 0.0803), Train Dice: 0.7170 | Val Loss: 0.9997, Val Dice: 0.7470 | LR: Shared=8.90e-06, Base=3.36e-05, P3=3.36e-05 (gamma: S0=0.0110, S1=0.0170) (gamma: S0=0.0110, S1=0.0170)
2026-09-30 05:00:36 [INFO ]  New best Stage 2 model saved with Val Dice: 0.7470 and Val Loss: 0.9997
2026-09-30 05:00:36 [INFO ]  *** New GLOBAL best model saved (Dice: 0.7470) ***
2026-09-30 05:03:11 [INFO ]  Epoch 12/18 - Train Loss: 0.9829 (LB: 0.0803), Train Dice: 0.7219 | Val Loss: 0.9757, Val Dice: 0.7451 | LR: Shared=7.00e-06, Base=2.58e-05, P3=2.58e-05 (gamma: S0=0.0110, S1=0.0171) (gamma: S0=0.0110, S1=0.0171)
2026-09-30 05:05:48 [INFO ]  Epoch 13/18 - Train Loss: 0.9702 (LB: 0.0803), Train Dice: 0.7248 | Val Loss: 0.9695, Val Dice: 0.7528 | LR: Shared=5.29e-06, Base=1.87e-05, P3=1.87e-05 (gamma: S0=0.0117, S1=0.0166) (gamma: S0=0.0117, S1=0.0166)
2026-09-30 05:05:48 [INFO ]  New best Stage 2 model saved with Val Dice: 0.7528 and Val Loss: 0.9695
2026-09-30 05:05:48 [INFO ]  *** New GLOBAL best model saved (Dice: 0.7528) ***
2026-09-30 05:08:27 [INFO ]  Epoch 14/18 - Train Loss: 0.9581 (LB: 0.0803), Train Dice: 0.7262 | Val Loss: 0.9814, Val Dice: 0.7503 | LR: Shared=3.81e-06, Base=1.26e-05, P3=1.26e-05 (gamma: S0=0.0116, S1=0.0167) (gamma: S0=0.0116, S1=0.0167)
2026-09-30 05:11:04 [INFO ]  Epoch 15/18 - Train Loss: 0.9552 (LB: 0.0803), Train Dice: 0.7237 | Val Loss: 0.9384, Val Dice: 0.7511 | LR: Shared=2.61e-06, Base=7.63e-06, P3=7.63e-06 (gamma: S0=0.0117, S1=0.0168) (gamma: S0=0.0117, S1=0.0168)
2026-09-30 05:13:40 [INFO ]  Epoch 16/18 - Train Loss: 0.9466 (LB: 0.0803), Train Dice: 0.7283 | Val Loss: 0.9400, Val Dice: 0.7579 | LR: Shared=1.72e-06, Base=3.99e-06, P3=3.99e-06 (gamma: S0=0.0117, S1=0.0168) (gamma: S0=0.0117, S1=0.0168)
2026-09-30 05:13:41 [INFO ]  New best Stage 2 model saved with Val Dice: 0.7579 and Val Loss: 0.9400
2026-09-30 05:13:41 [INFO ]  *** New GLOBAL best model saved (Dice: 0.7579) ***
2026-09-30 05:16:19 [INFO ]  Epoch 17/18 - Train Loss: 0.9383 (LB: 0.0802), Train Dice: 0.7337 | Val Loss: 0.9439, Val Dice: 0.7569 | LR: Shared=1.18e-06, Base=1.75e-06, P3=1.75e-06 (gamma: S0=0.0117, S1=0.0169) (gamma: S0=0.0117, S1=0.0169)
2026-09-30 05:19:04 [INFO ]  Epoch 18/18 - Train Loss: 0.9393 (LB: 0.0802), Train Dice: 0.7336 | Val Loss: 0.9428, Val Dice: 0.7564 | LR: Shared=1.00e-06, Base=1.00e-06, P3=1.00e-06 (gamma: S0=0.0116, S1=0.0169) (gamma: S0=0.0116, S1=0.0169)
2026-09-30 05:19:04 [INFO ]  Stage 2 finished. Total epochs used so far: 35/35
