2026-09-29 14:17:14 [INFO ]  Logging initialized. Log file: /content/drive/MyDrive/crack_seg/P3_C_Canonical_Base_D4_K2_H64_Phase5_SAGELR3e-4/train.log
2026-09-29 14:17:14 [INFO ]  Loaded config from configs/p3_ablation/b2_p3_run_c_d4_k2_h64_phase5_sagelr3e4.yaml
2026-09-29 14:17:14 [INFO ]  Using device: cuda
2026-09-29 14:17:14 [INFO ]  Evaluation protocol for validation: setting_a
2026-09-29 14:17:14 [INFO ]  Loading ConvNeXt-V2: convnextv2_femto.fcmae (pretrained=True)
2026-09-29 14:17:15 [INFO ]  Loading pretrained weights from Hugging Face hub (timm/convnextv2_femto.fcmae)
2026-09-29 14:17:15 [INFO ]  HTTP Request: GET https://huggingface.co/api/agent-harnesses "HTTP/1.1 200 OK"
2026-09-29 14:17:15 [INFO ]  HTTP Request: HEAD https://huggingface.co/timm/convnextv2_femto.fcmae/resolve/main/model.safetensors "HTTP/1.1 302 Found"
2026-09-29 14:17:15 [WARNI]  Warning: You are sending unauthenticated requests to the HF Hub. Please set a HF_TOKEN to enable higher rate limits and faster downloads.
2026-09-29 14:17:15 [INFO ]  HTTP Request: GET https://huggingface.co/api/models/timm/convnextv2_femto.fcmae/xet-read-token/ad8895ca0e753755810acaa2068a7ebf497e6b2a "HTTP/1.1 200 OK"
2026-09-29 14:17:16 [INFO ]  [timm/convnextv2_femto.fcmae] Safe alternative available for 'pytorch_model.bin' (as 'model.safetensors'). Loading weights using safetensors.
2026-09-29 14:17:16 [INFO ]  Removed ConvNeXt classification head
2026-09-29 14:17:16 [INFO ]  Loading ViT-Tiny: vit_tiny_patch16_224 (pretrained=True)
2026-09-29 14:17:16 [INFO ]  Loading pretrained weights from Hugging Face hub (timm/vit_tiny_patch16_224.augreg_in21k_ft_in1k)
2026-09-29 14:17:17 [INFO ]  HTTP Request: HEAD https://huggingface.co/timm/vit_tiny_patch16_224.augreg_in21k_ft_in1k/resolve/main/model.safetensors "HTTP/1.1 302 Found"
2026-09-29 14:17:17 [INFO ]  HTTP Request: GET https://huggingface.co/api/models/timm/vit_tiny_patch16_224.augreg_in21k_ft_in1k/xet-read-token/7d3afdd0cf93ad84d986eb2d6bcc5812ebd0b106 "HTTP/1.1 200 OK"
2026-09-29 14:17:18 [INFO ]  [timm/vit_tiny_patch16_224.augreg_in21k_ft_in1k] Safe alternative available for 'pytorch_model.bin' (as 'model.safetensors'). Loading weights using safetensors.
2026-09-29 14:17:18 [INFO ]  Configured 4 ViT blocks (embed_dim=192)
2026-09-29 14:17:18 [INFO ]  [Explicit CLS Handling] Detected 197 tokens in ViT pos_embed. Discarded CLS token (1 token), retained exactly 196 spatial patch tokens.
2026-09-29 14:17:18 [INFO ]  Loaded patch_pos: shape=(1, 196, 192) (grid: 14x14)
2026-09-29 14:17:18 [INFO ]  ================================================================================
2026-09-29 14:17:18 [INFO ]  BUILDING HETEROGENEOUS EXPERT POOL (CNN Stages + Transformer Blocks)
2026-09-29 14:17:18 [INFO ]  ================================================================================
2026-09-29 14:17:18 [INFO ]  
Step 1a: Wrapping ConvNeXt stages IN-PLACE...
2026-09-29 14:17:18 [INFO ]  Initialized SAGE Hierarchical Router: top_k=2, experts=8, gating=sigmoid, logit_modulation=True
2026-09-29 14:17:18 [INFO ]  Initialized SAGE Hierarchical Router: top_k=2, experts=8, gating=sigmoid, logit_modulation=True
2026-09-29 14:17:18 [INFO ]  Initialized SAGE Hierarchical Router: top_k=2, experts=8, gating=sigmoid, logit_modulation=True
2026-09-29 14:17:18 [INFO ]  Initialized SAGE Hierarchical Router: top_k=2, experts=8, gating=sigmoid, logit_modulation=True
2026-09-29 14:17:18 [INFO ]  
Step 1b: Wrapping Transformer blocks IN-PLACE...
2026-09-29 14:17:18 [INFO ]  Initialized SAGE Hierarchical Router: top_k=2, experts=8, gating=sigmoid, logit_modulation=True
2026-09-29 14:17:18 [INFO ]  Initialized SAGE Hierarchical Router: top_k=2, experts=8, gating=sigmoid, logit_modulation=True
2026-09-29 14:17:18 [INFO ]  Initialized SAGE Hierarchical Router: top_k=2, experts=8, gating=sigmoid, logit_modulation=True
2026-09-29 14:17:18 [INFO ]  Initialized SAGE Hierarchical Router: top_k=2, experts=8, gating=sigmoid, logit_modulation=True
2026-09-29 14:17:18 [INFO ]  
Step 2: Building expert pool from wrapped .main_block attributes...
2026-09-29 14:17:18 [INFO ]    - Added 4 CNN main_blocks to pool.
2026-09-29 14:17:18 [INFO ]    - Added 4 Transformer main_blocks to pool.
2026-09-29 14:17:18 [INFO ]  
[OK] Built expert pool with 8 experts, linked to all SageLayer instances.
2026-09-29 14:17:18 [INFO ]  ================================================================================
2026-09-29 14:17:18 [INFO ]  
================================================================================
2026-09-29 14:17:18 [INFO ]  PRE-POPULATING SAHUB ADAPTERS
2026-09-29 14:17:18 [INFO ]  ================================================================================
2026-09-29 14:17:18 [INFO ]     - Created a master set of 24 potential adapter layers.
2026-09-29 14:17:18 [INFO ]     - Populated 8 SAHub instances with all adapter layers.
2026-09-29 14:17:18 [INFO ]  ================================================================================
2026-09-29 14:17:18 [INFO ]  Loaded B2 with 4 ViT blocks, full SAGE-Lite injection, and p3_mode='C'
2026-09-29 14:17:18 [INFO ]  Initialized B2 model
2026-09-29 14:17:18 [INFO ]  P3-C Standalone Initialization: ImageNet-pretrained, no parent checkpoint
2026-09-29 14:17:18 [INFO ]  P3 Refinement gamma initialized: S0=0.0100, S1=0.0100
2026-09-29 14:17:18 [INFO ]  
========================================
STARTING STAGE 1
========================================
2026-09-29 14:17:18 [INFO ]  Stage 1 Optimizer: backbone_lr=1.00e-05, decoder_lr=1.00e-04, sage_lr=3.00e-04, p3_lr=1.00e-04
2026-09-29 14:25:53 [INFO ]  Epoch 1/17 - Train Loss: 2.1026 (LB: 0.0863), Train Dice: 0.1343 | Val Loss: 2.0265, Val Dice: 0.1527 | LR: BB=4.00e-06, Dec=3.40e-05, SAGE=1.01e-04, P3=3.40e-05 (gamma: S0=0.0099, S1=0.0100)
2026-09-29 14:25:53 [INFO ]  New best Stage 1 model saved with Val Dice: 0.1527 and Val Loss: 2.0265
2026-09-29 14:25:53 [INFO ]  *** New GLOBAL best model saved (Dice: 0.1527) ***
2026-09-29 14:29:02 [INFO ]  Epoch 2/17 - Train Loss: 1.8324 (LB: 0.0840), Train Dice: 0.4770 | Val Loss: 1.6499, Val Dice: 0.6038 | LR: BB=7.00e-06, Dec=6.70e-05, SAGE=2.00e-04, P3=6.70e-05 (gamma: S0=0.0105, S1=0.0119)
2026-09-29 14:29:02 [INFO ]  New best Stage 1 model saved with Val Dice: 0.6038 and Val Loss: 1.6499
2026-09-29 14:29:02 [INFO ]  *** New GLOBAL best model saved (Dice: 0.6038) ***
2026-09-29 14:31:51 [INFO ]  Epoch 3/17 - Train Loss: 1.6881 (LB: 0.0820), Train Dice: 0.6008 | Val Loss: 1.5924, Val Dice: 0.5896 | LR: BB=9.33e-06, Dec=9.26e-05, SAGE=2.78e-04, P3=9.26e-05 (gamma: S0=0.0099, S1=0.0120)
2026-09-29 14:34:40 [INFO ]  Epoch 4/17 - Train Loss: 1.6274 (LB: 0.0813), Train Dice: 0.6140 | Val Loss: 1.5159, Val Dice: 0.6843 | LR: BB=8.83e-06, Dec=8.71e-05, SAGE=2.61e-04, P3=8.71e-05 (gamma: S0=0.0114, S1=0.0120)
2026-09-29 14:34:40 [INFO ]  New best Stage 1 model saved with Val Dice: 0.6843 and Val Loss: 1.5159
2026-09-29 14:34:41 [INFO ]  *** New GLOBAL best model saved (Dice: 0.6843) ***
2026-09-29 14:37:21 [INFO ]  Epoch 5/17 - Train Loss: 1.5665 (LB: 0.0810), Train Dice: 0.6376 | Val Loss: 1.4904, Val Dice: 0.6250 | LR: BB=8.21e-06, Dec=8.03e-05, SAGE=2.41e-04, P3=8.03e-05 (gamma: S0=0.0123, S1=0.0128)
2026-09-29 14:39:55 [INFO ]  Epoch 6/17 - Train Loss: 1.5182 (LB: 0.0807), Train Dice: 0.6440 | Val Loss: 1.4138, Val Dice: 0.6313 | LR: BB=7.51e-06, Dec=7.26e-05, SAGE=2.17e-04, P3=7.26e-05 (gamma: S0=0.0116, S1=0.0133)
2026-09-29 14:42:35 [INFO ]  Epoch 7/17 - Train Loss: 1.4749 (LB: 0.0807), Train Dice: 0.6540 | Val Loss: 1.4240, Val Dice: 0.7037 | LR: BB=6.73e-06, Dec=6.40e-05, SAGE=1.91e-04, P3=6.40e-05 (gamma: S0=0.0115, S1=0.0126)
2026-09-29 14:42:35 [INFO ]  New best Stage 1 model saved with Val Dice: 0.7037 and Val Loss: 1.4240
2026-09-29 14:42:36 [INFO ]  *** New GLOBAL best model saved (Dice: 0.7037) ***
2026-09-29 14:45:13 [INFO ]  Epoch 8/17 - Train Loss: 1.4317 (LB: 0.0806), Train Dice: 0.6637 | Val Loss: 1.3832, Val Dice: 0.7184 | LR: BB=5.92e-06, Dec=5.51e-05, SAGE=1.64e-04, P3=5.51e-05 (gamma: S0=0.0112, S1=0.0130)
2026-09-29 14:45:13 [INFO ]  New best Stage 1 model saved with Val Dice: 0.7184 and Val Loss: 1.3832
2026-09-29 14:45:14 [INFO ]  *** New GLOBAL best model saved (Dice: 0.7184) ***
2026-09-29 14:47:45 [INFO ]  Epoch 9/17 - Train Loss: 1.3956 (LB: 0.0805), Train Dice: 0.6761 | Val Loss: 1.3568, Val Dice: 0.6964 | LR: BB=5.08e-06, Dec=4.59e-05, SAGE=1.37e-04, P3=4.59e-05 (gamma: S0=0.0108, S1=0.0137)
2026-09-29 14:50:19 [INFO ]  Epoch 10/17 - Train Loss: 1.3687 (LB: 0.0804), Train Dice: 0.6782 | Val Loss: 1.3231, Val Dice: 0.7278 | LR: BB=4.27e-06, Dec=3.70e-05, SAGE=1.10e-04, P3=3.70e-05 (gamma: S0=0.0105, S1=0.0138)
2026-09-29 14:50:19 [INFO ]  New best Stage 1 model saved with Val Dice: 0.7278 and Val Loss: 1.3231
2026-09-29 14:50:20 [INFO ]  *** New GLOBAL best model saved (Dice: 0.7278) ***
2026-09-29 14:52:53 [INFO ]  Epoch 11/17 - Train Loss: 1.3461 (LB: 0.0804), Train Dice: 0.6835 | Val Loss: 1.3124, Val Dice: 0.7215 | LR: BB=3.49e-06, Dec=2.84e-05, SAGE=8.39e-05, P3=2.84e-05 (gamma: S0=0.0110, S1=0.0142)
2026-09-29 14:55:35 [INFO ]  Epoch 12/17 - Train Loss: 1.3276 (LB: 0.0804), Train Dice: 0.6860 | Val Loss: 1.2658, Val Dice: 0.7232 | LR: BB=2.79e-06, Dec=2.07e-05, SAGE=6.04e-05, P3=2.07e-05 (gamma: S0=0.0110, S1=0.0144)
2026-09-29 14:58:10 [INFO ]  Epoch 13/17 - Train Loss: 1.3125 (LB: 0.0804), Train Dice: 0.6923 | Val Loss: 1.2668, Val Dice: 0.7272 | LR: BB=2.17e-06, Dec=1.39e-05, SAGE=4.00e-05, P3=1.39e-05 (gamma: S0=0.0108, S1=0.0143)
2026-09-29 15:00:46 [INFO ]  Epoch 14/17 - Train Loss: 1.3070 (LB: 0.0803), Train Dice: 0.6906 | Val Loss: 1.2509, Val Dice: 0.7158 | LR: BB=1.67e-06, Dec=8.41e-06, SAGE=2.34e-05, P3=8.41e-06 (gamma: S0=0.0110, S1=0.0143)
2026-09-29 15:03:23 [INFO ]  Epoch 15/17 - Train Loss: 1.2959 (LB: 0.0804), Train Dice: 0.6949 | Val Loss: 1.2556, Val Dice: 0.7195 | LR: BB=1.30e-06, Dec=4.34e-06, SAGE=1.11e-05, P3=4.34e-06 (gamma: S0=0.0110, S1=0.0143)
2026-09-29 15:06:04 [INFO ]  Epoch 16/17 - Train Loss: 1.2928 (LB: 0.0804), Train Dice: 0.6956 | Val Loss: 1.2575, Val Dice: 0.7186 | LR: BB=1.08e-06, Dec=1.84e-06, SAGE=3.55e-06, P3=1.84e-06 (gamma: S0=0.0110, S1=0.0144)
2026-09-29 15:06:05 [INFO ]  EarlyStopping triggered at epoch 16 (Patience: 6)
2026-09-29 15:06:05 [INFO ]  Stage 1 finished. Total epochs used so far: 16/35
2026-09-29 15:06:05 [INFO ]  
========================================
STARTING STAGE 2
========================================
2026-09-29 15:06:05 [INFO ]  Loading best Stage 1 checkpoint from /content/drive/MyDrive/crack_seg/P3_C_Canonical_Base_D4_K2_H64_Phase5_SAGELR3e-4/best_model_b2_stage1.pth
2026-09-29 15:06:05 [INFO ]  Stage 2: Updated shared expert indices to [0, 1, 2, 3]
2026-09-29 15:06:05 [INFO ]  Stage 2 Optimizer (4 Tiers): shared_lr=1.00e-04, fine_lr=1.00e-04, base_lr=1.00e-04, p3_lr=1.00e-04
2026-09-29 15:08:43 [INFO ]  Epoch 1/19 - Train Loss: 1.3543 (LB: 0.0804), Train Dice: 0.6902 | Val Loss: 1.3191, Val Dice: 0.7235 | LR: Shared=3.40e-05, Fine=3.40e-05, Base=3.40e-05, P3=3.40e-05 (gamma: S0=0.0105, S1=0.0138) (gamma: S0=0.0105, S1=0.0138)
2026-09-29 15:08:43 [INFO ]  New best Stage 2 model saved with Val Dice: 0.7235 and Val Loss: 1.3191
2026-09-29 15:11:19 [INFO ]  Epoch 2/19 - Train Loss: 1.3511 (LB: 0.0804), Train Dice: 0.6743 | Val Loss: 1.3041, Val Dice: 0.7201 | LR: Shared=6.70e-05, Fine=6.70e-05, Base=6.70e-05, P3=6.70e-05 (gamma: S0=0.0107, S1=0.0143) (gamma: S0=0.0107, S1=0.0143)
2026-09-29 15:13:54 [INFO ]  Epoch 3/19 - Train Loss: 1.3261 (LB: 0.0804), Train Dice: 0.6772 | Val Loss: 1.2436, Val Dice: 0.7185 | LR: Shared=9.40e-05, Fine=9.40e-05, Base=9.40e-05, P3=9.40e-05 (gamma: S0=0.0106, S1=0.0145) (gamma: S0=0.0106, S1=0.0145)
2026-09-29 15:16:32 [INFO ]  Epoch 4/19 - Train Loss: 1.2972 (LB: 0.0803), Train Dice: 0.6693 | Val Loss: 1.1976, Val Dice: 0.7289 | LR: Shared=8.96e-05, Fine=8.96e-05, Base=8.96e-05, P3=8.96e-05 (gamma: S0=0.0099, S1=0.0144) (gamma: S0=0.0099, S1=0.0144)
2026-09-29 15:16:33 [INFO ]  New best Stage 2 model saved with Val Dice: 0.7289 and Val Loss: 1.1976
2026-09-29 15:16:33 [INFO ]  *** New GLOBAL best model saved (Dice: 0.7289) ***
2026-09-29 15:19:18 [INFO ]  Epoch 5/19 - Train Loss: 1.2463 (LB: 0.0803), Train Dice: 0.6791 | Val Loss: 1.1469, Val Dice: 0.7271 | LR: Shared=8.40e-05, Fine=8.40e-05, Base=8.40e-05, P3=8.40e-05 (gamma: S0=0.0105, S1=0.0144) (gamma: S0=0.0105, S1=0.0144)
2026-09-29 15:22:00 [INFO ]  Epoch 6/19 - Train Loss: 1.1998 (LB: 0.0803), Train Dice: 0.6916 | Val Loss: 1.0959, Val Dice: 0.7492 | LR: Shared=7.76e-05, Fine=7.76e-05, Base=7.76e-05, P3=7.76e-05 (gamma: S0=0.0110, S1=0.0156) (gamma: S0=0.0110, S1=0.0156)
2026-09-29 15:22:00 [INFO ]  New best Stage 2 model saved with Val Dice: 0.7492 and Val Loss: 1.0959
2026-09-29 15:22:00 [INFO ]  *** New GLOBAL best model saved (Dice: 0.7492) ***
2026-09-29 15:24:45 [INFO ]  Epoch 7/19 - Train Loss: 1.1605 (LB: 0.0803), Train Dice: 0.6944 | Val Loss: 1.0979, Val Dice: 0.7343 | LR: Shared=7.04e-05, Fine=7.04e-05, Base=7.04e-05, P3=7.04e-05 (gamma: S0=0.0095, S1=0.0158) (gamma: S0=0.0095, S1=0.0158)
2026-09-29 15:27:28 [INFO ]  Epoch 8/19 - Train Loss: 1.1267 (LB: 0.0803), Train Dice: 0.7018 | Val Loss: 1.0711, Val Dice: 0.6995 | LR: Shared=6.27e-05, Fine=6.27e-05, Base=6.27e-05, P3=6.27e-05 (gamma: S0=0.0089, S1=0.0158) (gamma: S0=0.0089, S1=0.0158)
2026-09-29 15:30:06 [INFO ]  Epoch 9/19 - Train Loss: 1.0904 (LB: 0.0802), Train Dice: 0.7064 | Val Loss: 1.0256, Val Dice: 0.7383 | LR: Shared=5.46e-05, Fine=5.46e-05, Base=5.46e-05, P3=5.46e-05 (gamma: S0=0.0084, S1=0.0155) (gamma: S0=0.0084, S1=0.0155)
2026-09-29 15:32:47 [INFO ]  Epoch 10/19 - Train Loss: 1.0656 (LB: 0.0802), Train Dice: 0.7117 | Val Loss: 1.0362, Val Dice: 0.7287 | LR: Shared=4.64e-05, Fine=4.64e-05, Base=4.64e-05, P3=4.64e-05 (gamma: S0=0.0084, S1=0.0154) (gamma: S0=0.0084, S1=0.0154)
2026-09-29 15:35:31 [INFO ]  Epoch 11/19 - Train Loss: 1.0439 (LB: 0.0802), Train Dice: 0.7137 | Val Loss: 1.0349, Val Dice: 0.7336 | LR: Shared=3.83e-05, Fine=3.83e-05, Base=3.83e-05, P3=3.83e-05 (gamma: S0=0.0089, S1=0.0153) (gamma: S0=0.0089, S1=0.0153)
2026-09-29 15:38:10 [INFO ]  Epoch 12/19 - Train Loss: 1.0142 (LB: 0.0802), Train Dice: 0.7218 | Val Loss: 0.9973, Val Dice: 0.7357 | LR: Shared=3.06e-05, Fine=3.06e-05, Base=3.06e-05, P3=3.06e-05 (gamma: S0=0.0088, S1=0.0156) (gamma: S0=0.0088, S1=0.0156)
2026-09-29 15:38:11 [INFO ]  EarlyStopping triggered at epoch 12 (Patience: 6)
2026-09-29 15:38:11 [INFO ]  Stage 2 finished. Total epochs used so far: 28/35
