2026-09-29 04:48:07 [INFO ]  Logging initialized. Log file: /content/drive/MyDrive/crack_seg/P3_C_Canonical_Base_D4_K2_H32/train.log
2026-09-29 04:48:07 [INFO ]  Loaded config from configs/p3_ablation/b2_p3_run_c_d4_k2_h32.yaml
2026-09-29 04:48:07 [INFO ]  Using device: cuda
2026-09-29 04:48:07 [INFO ]  Evaluation protocol for validation: setting_a
2026-09-29 04:48:07 [INFO ]  Loading ConvNeXt-V2: convnextv2_femto.fcmae (pretrained=True)
2026-09-29 04:48:07 [INFO ]  Loading pretrained weights from Hugging Face hub (timm/convnextv2_femto.fcmae)
2026-09-29 04:48:08 [INFO ]  HTTP Request: GET https://huggingface.co/api/agent-harnesses "HTTP/1.1 200 OK"
2026-09-29 04:48:08 [INFO ]  HTTP Request: HEAD https://huggingface.co/timm/convnextv2_femto.fcmae/resolve/main/model.safetensors "HTTP/1.1 302 Found"
2026-09-29 04:48:08 [INFO ]  HTTP Request: GET https://huggingface.co/api/models/timm/convnextv2_femto.fcmae/xet-read-token/ad8895ca0e753755810acaa2068a7ebf497e6b2a "HTTP/1.1 200 OK"
2026-09-29 04:48:09 [INFO ]  [timm/convnextv2_femto.fcmae] Safe alternative available for 'pytorch_model.bin' (as 'model.safetensors'). Loading weights using safetensors.
2026-09-29 04:48:09 [INFO ]  Removed ConvNeXt classification head
2026-09-29 04:48:09 [INFO ]  Loading ViT-Tiny: vit_tiny_patch16_224 (pretrained=True)
2026-09-29 04:48:09 [INFO ]  Loading pretrained weights from Hugging Face hub (timm/vit_tiny_patch16_224.augreg_in21k_ft_in1k)
2026-09-29 04:48:09 [INFO ]  HTTP Request: HEAD https://huggingface.co/timm/vit_tiny_patch16_224.augreg_in21k_ft_in1k/resolve/main/model.safetensors "HTTP/1.1 302 Found"
2026-09-29 04:48:09 [INFO ]  HTTP Request: GET https://huggingface.co/api/models/timm/vit_tiny_patch16_224.augreg_in21k_ft_in1k/xet-read-token/7d3afdd0cf93ad84d986eb2d6bcc5812ebd0b106 "HTTP/1.1 200 OK"
2026-09-29 04:48:10 [INFO ]  [timm/vit_tiny_patch16_224.augreg_in21k_ft_in1k] Safe alternative available for 'pytorch_model.bin' (as 'model.safetensors'). Loading weights using safetensors.
2026-09-29 04:48:10 [INFO ]  Configured 4 ViT blocks (embed_dim=192)
2026-09-29 04:48:10 [INFO ]  [Explicit CLS Handling] Detected 197 tokens in ViT pos_embed. Discarded CLS token (1 token), retained exactly 196 spatial patch tokens.
2026-09-29 04:48:10 [INFO ]  Loaded patch_pos: shape=(1, 196, 192) (grid: 14x14)
2026-09-29 04:48:10 [INFO ]  ================================================================================
2026-09-29 04:48:10 [INFO ]  BUILDING HETEROGENEOUS EXPERT POOL (CNN Stages + Transformer Blocks)
2026-09-29 04:48:10 [INFO ]  ================================================================================
2026-09-29 04:48:10 [INFO ]  
Step 1a: Wrapping ConvNeXt stages IN-PLACE...
2026-09-29 04:48:10 [INFO ]  Initialized SAGE Hierarchical Router: top_k=2, experts=8, gating=sigmoid, logit_modulation=True
2026-09-29 04:48:10 [INFO ]  Initialized SAGE Hierarchical Router: top_k=2, experts=8, gating=sigmoid, logit_modulation=True
2026-09-29 04:48:10 [INFO ]  Initialized SAGE Hierarchical Router: top_k=2, experts=8, gating=sigmoid, logit_modulation=True
2026-09-29 04:48:10 [INFO ]  Initialized SAGE Hierarchical Router: top_k=2, experts=8, gating=sigmoid, logit_modulation=True
2026-09-29 04:48:10 [INFO ]  
Step 1b: Wrapping Transformer blocks IN-PLACE...
2026-09-29 04:48:10 [INFO ]  Initialized SAGE Hierarchical Router: top_k=2, experts=8, gating=sigmoid, logit_modulation=True
2026-09-29 04:48:10 [INFO ]  Initialized SAGE Hierarchical Router: top_k=2, experts=8, gating=sigmoid, logit_modulation=True
2026-09-29 04:48:10 [INFO ]  Initialized SAGE Hierarchical Router: top_k=2, experts=8, gating=sigmoid, logit_modulation=True
2026-09-29 04:48:10 [INFO ]  Initialized SAGE Hierarchical Router: top_k=2, experts=8, gating=sigmoid, logit_modulation=True
2026-09-29 04:48:10 [INFO ]  
Step 2: Building expert pool from wrapped .main_block attributes...
2026-09-29 04:48:10 [INFO ]    - Added 4 CNN main_blocks to pool.
2026-09-29 04:48:10 [INFO ]    - Added 4 Transformer main_blocks to pool.
2026-09-29 04:48:10 [INFO ]  
[OK] Built expert pool with 8 experts, linked to all SageLayer instances.
2026-09-29 04:48:10 [INFO ]  ================================================================================
2026-09-29 04:48:10 [INFO ]  
================================================================================
2026-09-29 04:48:10 [INFO ]  PRE-POPULATING SAHUB ADAPTERS
2026-09-29 04:48:10 [INFO ]  ================================================================================
2026-09-29 04:48:10 [INFO ]     - Created a master set of 24 potential adapter layers.
2026-09-29 04:48:10 [INFO ]     - Populated 8 SAHub instances with all adapter layers.
2026-09-29 04:48:10 [INFO ]  ================================================================================
2026-09-29 04:48:11 [INFO ]  Loaded B2 with 4 ViT blocks, full SAGE-Lite injection, and p3_mode='C'
2026-09-29 04:48:11 [INFO ]  Initialized B2 model
2026-09-29 04:48:11 [INFO ]  P3-C Standalone Initialization: ImageNet-pretrained, no parent checkpoint
2026-09-29 04:48:11 [INFO ]  P3 Refinement gamma initialized: S0=0.0100, S1=0.0100
2026-09-29 04:48:11 [INFO ]  
========================================
STARTING STAGE 1
========================================
2026-09-29 04:56:35 [INFO ]  Epoch 1/17 - Train Loss: 2.1054 (LB: 0.0899), Train Dice: 0.1368 | Val Loss: 2.0139, Val Dice: 0.1637 | LR: BB=4.00e-06, Dec=3.40e-05, SAGE=3.40e-05, P3=3.40e-05 (gamma: S0=0.0101, S1=0.0100)
2026-09-29 04:56:35 [INFO ]  New best Stage 1 model saved with Val Dice: 0.1637 and Val Loss: 2.0139
2026-09-29 04:56:35 [INFO ]  *** New GLOBAL best model saved (Dice: 0.1637) ***
2026-09-29 04:59:45 [INFO ]  Epoch 2/17 - Train Loss: 1.8290 (LB: 0.0863), Train Dice: 0.4825 | Val Loss: 1.6356, Val Dice: 0.6001 | LR: BB=7.00e-06, Dec=6.70e-05, SAGE=6.70e-05, P3=6.70e-05 (gamma: S0=0.0088, S1=0.0106)
2026-09-29 04:59:45 [INFO ]  New best Stage 1 model saved with Val Dice: 0.6001 and Val Loss: 1.6356
2026-09-29 04:59:46 [INFO ]  *** New GLOBAL best model saved (Dice: 0.6001) ***
2026-09-29 05:02:38 [INFO ]  Epoch 3/17 - Train Loss: 1.6879 (LB: 0.0836), Train Dice: 0.5937 | Val Loss: 1.5871, Val Dice: 0.6367 | LR: BB=9.33e-06, Dec=9.26e-05, SAGE=9.26e-05, P3=9.26e-05 (gamma: S0=0.0089, S1=0.0109)
2026-09-29 05:02:38 [INFO ]  New best Stage 1 model saved with Val Dice: 0.6367 and Val Loss: 1.5871
2026-09-29 05:02:38 [INFO ]  *** New GLOBAL best model saved (Dice: 0.6367) ***
2026-09-29 05:05:31 [INFO ]  Epoch 4/17 - Train Loss: 1.6258 (LB: 0.0823), Train Dice: 0.6117 | Val Loss: 1.5404, Val Dice: 0.7188 | LR: BB=8.83e-06, Dec=8.71e-05, SAGE=8.71e-05, P3=8.71e-05 (gamma: S0=0.0086, S1=0.0105)
2026-09-29 05:05:31 [INFO ]  New best Stage 1 model saved with Val Dice: 0.7188 and Val Loss: 1.5404
2026-09-29 05:05:31 [INFO ]  *** New GLOBAL best model saved (Dice: 0.7188) ***
2026-09-29 05:08:13 [INFO ]  Epoch 5/17 - Train Loss: 1.5688 (LB: 0.0817), Train Dice: 0.6313 | Val Loss: 1.5032, Val Dice: 0.6346 | LR: BB=8.21e-06, Dec=8.03e-05, SAGE=8.03e-05, P3=8.03e-05 (gamma: S0=0.0080, S1=0.0104)
2026-09-29 05:10:54 [INFO ]  Epoch 6/17 - Train Loss: 1.5188 (LB: 0.0813), Train Dice: 0.6431 | Val Loss: 1.4272, Val Dice: 0.6476 | LR: BB=7.51e-06, Dec=7.26e-05, SAGE=7.26e-05, P3=7.26e-05 (gamma: S0=0.0076, S1=0.0114)
2026-09-29 05:13:38 [INFO ]  Epoch 7/17 - Train Loss: 1.4691 (LB: 0.0812), Train Dice: 0.6547 | Val Loss: 1.4570, Val Dice: 0.7307 | LR: BB=6.73e-06, Dec=6.40e-05, SAGE=6.40e-05, P3=6.40e-05 (gamma: S0=0.0070, S1=0.0119)
2026-09-29 05:13:38 [INFO ]  New best Stage 1 model saved with Val Dice: 0.7307 and Val Loss: 1.4570
2026-09-29 05:13:39 [INFO ]  *** New GLOBAL best model saved (Dice: 0.7307) ***
2026-09-29 05:16:19 [INFO ]  Epoch 8/17 - Train Loss: 1.4295 (LB: 0.0811), Train Dice: 0.6640 | Val Loss: 1.4036, Val Dice: 0.7201 | LR: BB=5.92e-06, Dec=5.51e-05, SAGE=5.51e-05, P3=5.51e-05 (gamma: S0=0.0078, S1=0.0109)
2026-09-29 05:18:56 [INFO ]  Epoch 9/17 - Train Loss: 1.3954 (LB: 0.0809), Train Dice: 0.6738 | Val Loss: 1.3460, Val Dice: 0.7086 | LR: BB=5.08e-06, Dec=4.59e-05, SAGE=4.59e-05, P3=4.59e-05 (gamma: S0=0.0073, S1=0.0111)
2026-09-29 05:21:37 [INFO ]  Epoch 10/17 - Train Loss: 1.3668 (LB: 0.0808), Train Dice: 0.6789 | Val Loss: 1.3018, Val Dice: 0.7304 | LR: BB=4.27e-06, Dec=3.70e-05, SAGE=3.70e-05, P3=3.70e-05 (gamma: S0=0.0081, S1=0.0120)
2026-09-29 05:24:19 [INFO ]  Epoch 11/17 - Train Loss: 1.3443 (LB: 0.0808), Train Dice: 0.6830 | Val Loss: 1.3090, Val Dice: 0.7256 | LR: BB=3.49e-06, Dec=2.84e-05, SAGE=2.84e-05, P3=2.84e-05 (gamma: S0=0.0073, S1=0.0123)
2026-09-29 05:26:58 [INFO ]  Epoch 12/17 - Train Loss: 1.3263 (LB: 0.0808), Train Dice: 0.6823 | Val Loss: 1.2876, Val Dice: 0.7202 | LR: BB=2.79e-06, Dec=2.07e-05, SAGE=2.07e-05, P3=2.07e-05 (gamma: S0=0.0073, S1=0.0122)
2026-09-29 05:29:34 [INFO ]  Epoch 13/17 - Train Loss: 1.3081 (LB: 0.0808), Train Dice: 0.6904 | Val Loss: 1.2664, Val Dice: 0.7228 | LR: BB=2.17e-06, Dec=1.39e-05, SAGE=1.39e-05, P3=1.39e-05 (gamma: S0=0.0077, S1=0.0121)
2026-09-29 05:29:35 [INFO ]  EarlyStopping triggered at epoch 13 (Patience: 6)
2026-09-29 05:29:35 [INFO ]  Stage 1 finished. Total epochs used so far: 13/35
2026-09-29 05:29:35 [INFO ]  
========================================
STARTING STAGE 2
========================================
2026-09-29 05:29:35 [INFO ]  Loading best Stage 1 checkpoint from /content/drive/MyDrive/crack_seg/P3_C_Canonical_Base_D4_K2_H32/best_model_b2_stage1.pth
2026-09-29 05:29:35 [INFO ]  Stage 2: Updated shared expert indices to [0, 1, 2, 3]
2026-09-29 05:29:35 [INFO ]  Stage 2 Optimizer: shared_lr=1.00e-04, base_lr=1.00e-04, p3_lr=1.00e-04
2026-09-29 05:32:12 [INFO ]  Epoch 1/22 - Train Loss: 1.4458 (LB: 0.0810), Train Dice: 0.6663 | Val Loss: 1.4000, Val Dice: 0.7094 | LR: Shared=3.40e-05, Others=3.40e-05, P3=3.40e-05 (gamma: S0=0.0070, S1=0.0119)
2026-09-29 05:32:12 [INFO ]  New best Stage 2 model saved with Val Dice: 0.7094 and Val Loss: 1.4000
2026-09-29 05:34:51 [INFO ]  Epoch 2/22 - Train Loss: 1.4389 (LB: 0.0810), Train Dice: 0.6641 | Val Loss: 1.4202, Val Dice: 0.7244 | LR: Shared=6.70e-05, Others=6.70e-05, P3=6.70e-05 (gamma: S0=0.0073, S1=0.0120)
2026-09-29 05:34:51 [INFO ]  New best Stage 2 model saved with Val Dice: 0.7244 and Val Loss: 1.4202
2026-09-29 05:37:29 [INFO ]  Epoch 3/22 - Train Loss: 1.4136 (LB: 0.0809), Train Dice: 0.6601 | Val Loss: 1.3378, Val Dice: 0.6884 | LR: Shared=9.55e-05, Others=9.55e-05, P3=9.55e-05 (gamma: S0=0.0077, S1=0.0124)
2026-09-29 05:40:05 [INFO ]  Epoch 4/22 - Train Loss: 1.3749 (LB: 0.0808), Train Dice: 0.6655 | Val Loss: 1.3430, Val Dice: 0.6798 | LR: Shared=9.21e-05, Others=9.21e-05, P3=9.21e-05 (gamma: S0=0.0071, S1=0.0130)
2026-09-29 05:42:41 [INFO ]  Epoch 5/22 - Train Loss: 1.3205 (LB: 0.0807), Train Dice: 0.6756 | Val Loss: 1.2546, Val Dice: 0.7268 | LR: Shared=8.79e-05, Others=8.79e-05, P3=8.79e-05 (gamma: S0=0.0088, S1=0.0123)
2026-09-29 05:42:41 [INFO ]  New best Stage 2 model saved with Val Dice: 0.7268 and Val Loss: 1.2546
2026-09-29 05:45:15 [INFO ]  Epoch 6/22 - Train Loss: 1.2740 (LB: 0.0806), Train Dice: 0.6851 | Val Loss: 1.1954, Val Dice: 0.7430 | LR: Shared=8.29e-05, Others=8.29e-05, P3=8.29e-05 (gamma: S0=0.0084, S1=0.0123)
2026-09-29 05:45:16 [INFO ]  New best Stage 2 model saved with Val Dice: 0.7430 and Val Loss: 1.1954
2026-09-29 05:45:16 [INFO ]  *** New GLOBAL best model saved (Dice: 0.7430) ***
2026-09-29 05:47:50 [INFO ]  Epoch 7/22 - Train Loss: 1.2314 (LB: 0.0805), Train Dice: 0.6886 | Val Loss: 1.2133, Val Dice: 0.7354 | LR: Shared=7.73e-05, Others=7.73e-05, P3=7.73e-05 (gamma: S0=0.0085, S1=0.0121)
2026-09-29 05:50:29 [INFO ]  Epoch 8/22 - Train Loss: 1.1922 (LB: 0.0805), Train Dice: 0.6949 | Val Loss: 1.1502, Val Dice: 0.7134 | LR: Shared=7.11e-05, Others=7.11e-05, P3=7.11e-05 (gamma: S0=0.0083, S1=0.0125)
2026-09-29 05:53:12 [INFO ]  Epoch 9/22 - Train Loss: 1.1515 (LB: 0.0804), Train Dice: 0.7007 | Val Loss: 1.1451, Val Dice: 0.7066 | LR: Shared=6.44e-05, Others=6.44e-05, P3=6.44e-05 (gamma: S0=0.0080, S1=0.0120)
2026-09-29 05:55:55 [INFO ]  Epoch 10/22 - Train Loss: 1.1223 (LB: 0.0804), Train Dice: 0.7012 | Val Loss: 1.0750, Val Dice: 0.7390 | LR: Shared=5.75e-05, Others=5.75e-05, P3=5.75e-05 (gamma: S0=0.0087, S1=0.0130)
2026-09-29 05:58:32 [INFO ]  Epoch 11/22 - Train Loss: 1.0946 (LB: 0.0804), Train Dice: 0.7078 | Val Loss: 1.1089, Val Dice: 0.7359 | LR: Shared=5.05e-05, Others=5.05e-05, P3=5.05e-05 (gamma: S0=0.0088, S1=0.0130)
2026-09-29 06:01:07 [INFO ]  Epoch 12/22 - Train Loss: 1.0683 (LB: 0.0804), Train Dice: 0.7105 | Val Loss: 1.0170, Val Dice: 0.7562 | LR: Shared=4.35e-05, Others=4.35e-05, P3=4.35e-05 (gamma: S0=0.0079, S1=0.0136)
2026-09-29 06:01:08 [INFO ]  New best Stage 2 model saved with Val Dice: 0.7562 and Val Loss: 1.0170
2026-09-29 06:01:08 [INFO ]  *** New GLOBAL best model saved (Dice: 0.7562) ***
2026-09-29 06:03:47 [INFO ]  Epoch 13/22 - Train Loss: 1.0443 (LB: 0.0804), Train Dice: 0.7159 | Val Loss: 1.0296, Val Dice: 0.7306 | LR: Shared=3.66e-05, Others=3.66e-05, P3=3.66e-05 (gamma: S0=0.0081, S1=0.0134)
2026-09-29 06:06:26 [INFO ]  Epoch 14/22 - Train Loss: 1.0219 (LB: 0.0803), Train Dice: 0.7228 | Val Loss: 1.0301, Val Dice: 0.7413 | LR: Shared=2.99e-05, Others=2.99e-05, P3=2.99e-05 (gamma: S0=0.0082, S1=0.0143)
2026-09-29 06:09:02 [INFO ]  Epoch 15/22 - Train Loss: 1.0063 (LB: 0.0803), Train Dice: 0.7218 | Val Loss: 1.0033, Val Dice: 0.7457 | LR: Shared=2.37e-05, Others=2.37e-05, P3=2.37e-05 (gamma: S0=0.0083, S1=0.0143)
2026-09-29 06:11:38 [INFO ]  Epoch 16/22 - Train Loss: 0.9917 (LB: 0.0803), Train Dice: 0.7286 | Val Loss: 0.9761, Val Dice: 0.7432 | LR: Shared=1.81e-05, Others=1.81e-05, P3=1.81e-05 (gamma: S0=0.0086, S1=0.0147)
2026-09-29 06:14:11 [INFO ]  Epoch 17/22 - Train Loss: 0.9800 (LB: 0.0803), Train Dice: 0.7311 | Val Loss: 0.9889, Val Dice: 0.7507 | LR: Shared=1.31e-05, Others=1.31e-05, P3=1.31e-05 (gamma: S0=0.0085, S1=0.0147)
2026-09-29 06:16:49 [INFO ]  Epoch 18/22 - Train Loss: 0.9719 (LB: 0.0803), Train Dice: 0.7343 | Val Loss: 0.9847, Val Dice: 0.7587 | LR: Shared=8.86e-06, Others=8.86e-06, P3=8.86e-06 (gamma: S0=0.0082, S1=0.0146)
2026-09-29 06:16:49 [INFO ]  New best Stage 2 model saved with Val Dice: 0.7587 and Val Loss: 0.9847
2026-09-29 06:16:50 [INFO ]  *** New GLOBAL best model saved (Dice: 0.7587) ***
2026-09-29 06:19:24 [INFO ]  Epoch 19/22 - Train Loss: 0.9670 (LB: 0.0803), Train Dice: 0.7329 | Val Loss: 0.9652, Val Dice: 0.7570 | LR: Shared=5.47e-06, Others=5.47e-06, P3=5.47e-06 (gamma: S0=0.0082, S1=0.0144)
2026-09-29 06:21:59 [INFO ]  Epoch 20/22 - Train Loss: 0.9619 (LB: 0.0803), Train Dice: 0.7333 | Val Loss: 0.9722, Val Dice: 0.7572 | LR: Shared=3.01e-06, Others=3.01e-06, P3=3.01e-06 (gamma: S0=0.0082, S1=0.0145)
2026-09-29 06:24:36 [INFO ]  Epoch 21/22 - Train Loss: 0.9575 (LB: 0.0803), Train Dice: 0.7384 | Val Loss: 0.9782, Val Dice: 0.7543 | LR: Shared=1.50e-06, Others=1.50e-06, P3=1.50e-06 (gamma: S0=0.0082, S1=0.0146)
2026-09-29 06:27:12 [INFO ]  Epoch 22/22 - Train Loss: 0.9579 (LB: 0.0803), Train Dice: 0.7392 | Val Loss: 0.9710, Val Dice: 0.7576 | LR: Shared=1.00e-06, Others=1.00e-06, P3=1.00e-06 (gamma: S0=0.0082, S1=0.0146)
2026-09-29 06:27:13 [INFO ]  Stage 2 finished. Total epochs used so far: 35/35
