2026-09-29 11:35:43 [INFO ]  Logging initialized. Log file: /content/drive/MyDrive/crack_seg/P3_C_Canonical_Base_D4_K2_H64_Phase5_SAGELR2e-4/train.log
2026-09-29 11:35:43 [INFO ]  Loaded config from configs/p3_ablation/b2_p3_run_c_d4_k2_h64_phase5_sagelr2e4.yaml
2026-09-29 11:35:43 [INFO ]  Using device: cuda
2026-09-29 11:35:43 [INFO ]  Evaluation protocol for validation: setting_a
2026-09-29 11:35:43 [INFO ]  Loading ConvNeXt-V2: convnextv2_femto.fcmae (pretrained=True)
2026-09-29 11:35:43 [INFO ]  Loading pretrained weights from Hugging Face hub (timm/convnextv2_femto.fcmae)
2026-09-29 11:35:43 [INFO ]  HTTP Request: GET https://huggingface.co/api/agent-harnesses "HTTP/1.1 200 OK"
2026-09-29 11:35:43 [INFO ]  HTTP Request: HEAD https://huggingface.co/timm/convnextv2_femto.fcmae/resolve/main/model.safetensors "HTTP/1.1 302 Found"
2026-09-29 11:35:43 [WARNI]  Warning: You are sending unauthenticated requests to the HF Hub. Please set a HF_TOKEN to enable higher rate limits and faster downloads.
2026-09-29 11:35:44 [INFO ]  HTTP Request: GET https://huggingface.co/api/models/timm/convnextv2_femto.fcmae/xet-read-token/ad8895ca0e753755810acaa2068a7ebf497e6b2a "HTTP/1.1 200 OK"
2026-09-29 11:35:44 [INFO ]  [timm/convnextv2_femto.fcmae] Safe alternative available for 'pytorch_model.bin' (as 'model.safetensors'). Loading weights using safetensors.
2026-09-29 11:35:45 [INFO ]  Removed ConvNeXt classification head
2026-09-29 11:35:45 [INFO ]  Loading ViT-Tiny: vit_tiny_patch16_224 (pretrained=True)
2026-09-29 11:35:45 [INFO ]  Loading pretrained weights from Hugging Face hub (timm/vit_tiny_patch16_224.augreg_in21k_ft_in1k)
2026-09-29 11:35:45 [INFO ]  HTTP Request: HEAD https://huggingface.co/timm/vit_tiny_patch16_224.augreg_in21k_ft_in1k/resolve/main/model.safetensors "HTTP/1.1 302 Found"
2026-09-29 11:35:45 [INFO ]  HTTP Request: GET https://huggingface.co/api/models/timm/vit_tiny_patch16_224.augreg_in21k_ft_in1k/xet-read-token/7d3afdd0cf93ad84d986eb2d6bcc5812ebd0b106 "HTTP/1.1 200 OK"
2026-09-29 11:35:46 [INFO ]  [timm/vit_tiny_patch16_224.augreg_in21k_ft_in1k] Safe alternative available for 'pytorch_model.bin' (as 'model.safetensors'). Loading weights using safetensors.
2026-09-29 11:35:46 [INFO ]  Configured 4 ViT blocks (embed_dim=192)
2026-09-29 11:35:46 [INFO ]  [Explicit CLS Handling] Detected 197 tokens in ViT pos_embed. Discarded CLS token (1 token), retained exactly 196 spatial patch tokens.
2026-09-29 11:35:46 [INFO ]  Loaded patch_pos: shape=(1, 196, 192) (grid: 14x14)
2026-09-29 11:35:46 [INFO ]  ================================================================================
2026-09-29 11:35:46 [INFO ]  BUILDING HETEROGENEOUS EXPERT POOL (CNN Stages + Transformer Blocks)
2026-09-29 11:35:46 [INFO ]  ================================================================================
2026-09-29 11:35:46 [INFO ]  
Step 1a: Wrapping ConvNeXt stages IN-PLACE...
2026-09-29 11:35:46 [INFO ]  Initialized SAGE Hierarchical Router: top_k=2, experts=8, gating=sigmoid, logit_modulation=True
2026-09-29 11:35:46 [INFO ]  Initialized SAGE Hierarchical Router: top_k=2, experts=8, gating=sigmoid, logit_modulation=True
2026-09-29 11:35:46 [INFO ]  Initialized SAGE Hierarchical Router: top_k=2, experts=8, gating=sigmoid, logit_modulation=True
2026-09-29 11:35:46 [INFO ]  Initialized SAGE Hierarchical Router: top_k=2, experts=8, gating=sigmoid, logit_modulation=True
2026-09-29 11:35:46 [INFO ]  
Step 1b: Wrapping Transformer blocks IN-PLACE...
2026-09-29 11:35:46 [INFO ]  Initialized SAGE Hierarchical Router: top_k=2, experts=8, gating=sigmoid, logit_modulation=True
2026-09-29 11:35:46 [INFO ]  Initialized SAGE Hierarchical Router: top_k=2, experts=8, gating=sigmoid, logit_modulation=True
2026-09-29 11:35:46 [INFO ]  Initialized SAGE Hierarchical Router: top_k=2, experts=8, gating=sigmoid, logit_modulation=True
2026-09-29 11:35:46 [INFO ]  Initialized SAGE Hierarchical Router: top_k=2, experts=8, gating=sigmoid, logit_modulation=True
2026-09-29 11:35:46 [INFO ]  
Step 2: Building expert pool from wrapped .main_block attributes...
2026-09-29 11:35:46 [INFO ]    - Added 4 CNN main_blocks to pool.
2026-09-29 11:35:46 [INFO ]    - Added 4 Transformer main_blocks to pool.
2026-09-29 11:35:46 [INFO ]  
[OK] Built expert pool with 8 experts, linked to all SageLayer instances.
2026-09-29 11:35:46 [INFO ]  ================================================================================
2026-09-29 11:35:46 [INFO ]  
================================================================================
2026-09-29 11:35:46 [INFO ]  PRE-POPULATING SAHUB ADAPTERS
2026-09-29 11:35:46 [INFO ]  ================================================================================
2026-09-29 11:35:46 [INFO ]     - Created a master set of 24 potential adapter layers.
2026-09-29 11:35:46 [INFO ]     - Populated 8 SAHub instances with all adapter layers.
2026-09-29 11:35:46 [INFO ]  ================================================================================
2026-09-29 11:35:46 [INFO ]  Loaded B2 with 4 ViT blocks, full SAGE-Lite injection, and p3_mode='C'
2026-09-29 11:35:46 [INFO ]  Initialized B2 model
2026-09-29 11:35:46 [INFO ]  P3-C Standalone Initialization: ImageNet-pretrained, no parent checkpoint
2026-09-29 11:35:46 [INFO ]  P3 Refinement gamma initialized: S0=0.0100, S1=0.0100
2026-09-29 11:35:46 [INFO ]  
========================================
STARTING STAGE 1
========================================
2026-09-29 11:35:46 [INFO ]  Stage 1 Optimizer: backbone_lr=1.00e-05, decoder_lr=1.00e-04, sage_lr=2.00e-04, p3_lr=1.00e-04
2026-09-29 11:44:29 [INFO ]  Epoch 1/17 - Train Loss: 2.1015 (LB: 0.0864), Train Dice: 0.1362 | Val Loss: 2.0269, Val Dice: 0.1514 | LR: BB=4.00e-06, Dec=3.40e-05, SAGE=6.73e-05, P3=3.40e-05 (gamma: S0=0.0099, S1=0.0100)
2026-09-29 11:44:29 [INFO ]  New best Stage 1 model saved with Val Dice: 0.1514 and Val Loss: 2.0269
2026-09-29 11:44:29 [INFO ]  *** New GLOBAL best model saved (Dice: 0.1514) ***
2026-09-29 11:47:41 [INFO ]  Epoch 2/17 - Train Loss: 1.8346 (LB: 0.0843), Train Dice: 0.4752 | Val Loss: 1.6422, Val Dice: 0.6222 | LR: BB=7.00e-06, Dec=6.70e-05, SAGE=1.34e-04, P3=6.70e-05 (gamma: S0=0.0091, S1=0.0093)
2026-09-29 11:47:41 [INFO ]  New best Stage 1 model saved with Val Dice: 0.6222 and Val Loss: 1.6422
2026-09-29 11:47:41 [INFO ]  *** New GLOBAL best model saved (Dice: 0.6222) ***
2026-09-29 11:50:32 [INFO ]  Epoch 3/17 - Train Loss: 1.6888 (LB: 0.0825), Train Dice: 0.5974 | Val Loss: 1.5959, Val Dice: 0.6241 | LR: BB=9.33e-06, Dec=9.26e-05, SAGE=1.85e-04, P3=9.26e-05 (gamma: S0=0.0095, S1=0.0099)
2026-09-29 11:50:32 [INFO ]  New best Stage 1 model saved with Val Dice: 0.6241 and Val Loss: 1.5959
2026-09-29 11:50:32 [INFO ]  *** New GLOBAL best model saved (Dice: 0.6241) ***
2026-09-29 11:53:27 [INFO ]  Epoch 4/17 - Train Loss: 1.6245 (LB: 0.0817), Train Dice: 0.6128 | Val Loss: 1.5156, Val Dice: 0.7040 | LR: BB=8.83e-06, Dec=8.71e-05, SAGE=1.74e-04, P3=8.71e-05 (gamma: S0=0.0104, S1=0.0105)
2026-09-29 11:53:28 [INFO ]  New best Stage 1 model saved with Val Dice: 0.7040 and Val Loss: 1.5156
2026-09-29 11:53:28 [INFO ]  *** New GLOBAL best model saved (Dice: 0.7040) ***
2026-09-29 11:56:08 [INFO ]  Epoch 5/17 - Train Loss: 1.5658 (LB: 0.0812), Train Dice: 0.6288 | Val Loss: 1.4536, Val Dice: 0.6532 | LR: BB=8.21e-06, Dec=8.03e-05, SAGE=1.60e-04, P3=8.03e-05 (gamma: S0=0.0105, S1=0.0111)
2026-09-29 11:58:50 [INFO ]  Epoch 6/17 - Train Loss: 1.5162 (LB: 0.0810), Train Dice: 0.6430 | Val Loss: 1.4234, Val Dice: 0.6270 | LR: BB=7.51e-06, Dec=7.26e-05, SAGE=1.45e-04, P3=7.26e-05 (gamma: S0=0.0088, S1=0.0122)
2026-09-29 12:01:36 [INFO ]  Epoch 7/17 - Train Loss: 1.4711 (LB: 0.0809), Train Dice: 0.6538 | Val Loss: 1.4229, Val Dice: 0.6758 | LR: BB=6.73e-06, Dec=6.40e-05, SAGE=1.28e-04, P3=6.40e-05 (gamma: S0=0.0094, S1=0.0128)
2026-09-29 12:04:18 [INFO ]  Epoch 8/17 - Train Loss: 1.4303 (LB: 0.0808), Train Dice: 0.6633 | Val Loss: 1.3810, Val Dice: 0.7326 | LR: BB=5.92e-06, Dec=5.51e-05, SAGE=1.10e-04, P3=5.51e-05 (gamma: S0=0.0100, S1=0.0142)
2026-09-29 12:04:18 [INFO ]  New best Stage 1 model saved with Val Dice: 0.7326 and Val Loss: 1.3810
2026-09-29 12:04:19 [INFO ]  *** New GLOBAL best model saved (Dice: 0.7326) ***
2026-09-29 12:06:57 [INFO ]  Epoch 9/17 - Train Loss: 1.3942 (LB: 0.0807), Train Dice: 0.6740 | Val Loss: 1.3395, Val Dice: 0.7053 | LR: BB=5.08e-06, Dec=4.59e-05, SAGE=9.13e-05, P3=4.59e-05 (gamma: S0=0.0101, S1=0.0138)
2026-09-29 12:09:38 [INFO ]  Epoch 10/17 - Train Loss: 1.3613 (LB: 0.0806), Train Dice: 0.6790 | Val Loss: 1.2981, Val Dice: 0.7244 | LR: BB=4.27e-06, Dec=3.70e-05, SAGE=7.33e-05, P3=3.70e-05 (gamma: S0=0.0106, S1=0.0135)
2026-09-29 12:12:16 [INFO ]  Epoch 11/17 - Train Loss: 1.3434 (LB: 0.0806), Train Dice: 0.6805 | Val Loss: 1.3214, Val Dice: 0.6953 | LR: BB=3.49e-06, Dec=2.84e-05, SAGE=5.61e-05, P3=2.84e-05 (gamma: S0=0.0102, S1=0.0140)
2026-09-29 12:14:54 [INFO ]  Epoch 12/17 - Train Loss: 1.3249 (LB: 0.0806), Train Dice: 0.6839 | Val Loss: 1.2760, Val Dice: 0.7212 | LR: BB=2.79e-06, Dec=2.07e-05, SAGE=4.05e-05, P3=2.07e-05 (gamma: S0=0.0106, S1=0.0139)
2026-09-29 12:17:35 [INFO ]  Epoch 13/17 - Train Loss: 1.3090 (LB: 0.0806), Train Dice: 0.6869 | Val Loss: 1.2683, Val Dice: 0.7333 | LR: BB=2.17e-06, Dec=1.39e-05, SAGE=2.70e-05, P3=1.39e-05 (gamma: S0=0.0106, S1=0.0139)
2026-09-29 12:17:35 [INFO ]  New best Stage 1 model saved with Val Dice: 0.7333 and Val Loss: 1.2683
2026-09-29 12:17:35 [INFO ]  *** New GLOBAL best model saved (Dice: 0.7333) ***
2026-09-29 12:20:16 [INFO ]  Epoch 14/17 - Train Loss: 1.3031 (LB: 0.0805), Train Dice: 0.6886 | Val Loss: 1.2443, Val Dice: 0.7257 | LR: BB=1.67e-06, Dec=8.41e-06, SAGE=1.59e-05, P3=8.41e-06 (gamma: S0=0.0105, S1=0.0140)
2026-09-29 12:22:56 [INFO ]  Epoch 15/17 - Train Loss: 1.2941 (LB: 0.0806), Train Dice: 0.6909 | Val Loss: 1.2450, Val Dice: 0.7326 | LR: BB=1.30e-06, Dec=4.34e-06, SAGE=7.72e-06, P3=4.34e-06 (gamma: S0=0.0106, S1=0.0140)
2026-09-29 12:25:37 [INFO ]  Epoch 16/17 - Train Loss: 1.2918 (LB: 0.0805), Train Dice: 0.6924 | Val Loss: 1.2572, Val Dice: 0.7253 | LR: BB=1.08e-06, Dec=1.84e-06, SAGE=2.69e-06, P3=1.84e-06 (gamma: S0=0.0107, S1=0.0140)
2026-09-29 12:28:14 [INFO ]  Epoch 17/17 - Train Loss: 1.2854 (LB: 0.0805), Train Dice: 0.6924 | Val Loss: 1.2595, Val Dice: 0.7308 | LR: BB=1.00e-06, Dec=1.00e-06, SAGE=1.00e-06, P3=1.00e-06 (gamma: S0=0.0106, S1=0.0140)
2026-09-29 12:28:14 [INFO ]  Stage 1 finished. Total epochs used so far: 17/35
2026-09-29 12:28:14 [INFO ]  
========================================
STARTING STAGE 2
========================================
2026-09-29 12:28:14 [INFO ]  Loading best Stage 1 checkpoint from /content/drive/MyDrive/crack_seg/P3_C_Canonical_Base_D4_K2_H64_Phase5_SAGELR2e-4/best_model_b2_stage1.pth
2026-09-29 12:28:15 [INFO ]  Stage 2: Updated shared expert indices to [0, 1, 2, 3]
2026-09-29 12:28:15 [INFO ]  Stage 2 Optimizer: shared_lr=1.00e-04, base_lr=1.00e-04, p3_lr=1.00e-04
2026-09-29 12:30:51 [INFO ]  Epoch 1/18 - Train Loss: 1.2995 (LB: 0.0806), Train Dice: 0.6979 | Val Loss: 1.2734, Val Dice: 0.7288 | LR: Shared=3.40e-05, Others=3.40e-05, P3=3.40e-05 (gamma: S0=0.0106, S1=0.0139)
2026-09-29 12:30:51 [INFO ]  New best Stage 2 model saved with Val Dice: 0.7288 and Val Loss: 1.2734
2026-09-29 12:33:27 [INFO ]  Epoch 2/18 - Train Loss: 1.3022 (LB: 0.0805), Train Dice: 0.6855 | Val Loss: 1.2676, Val Dice: 0.7253 | LR: Shared=6.70e-05, Others=6.70e-05, P3=6.70e-05 (gamma: S0=0.0109, S1=0.0141)
2026-09-29 12:36:02 [INFO ]  Epoch 3/18 - Train Loss: 1.2808 (LB: 0.0805), Train Dice: 0.6767 | Val Loss: 1.2502, Val Dice: 0.7178 | LR: Shared=9.34e-05, Others=9.34e-05, P3=9.34e-05 (gamma: S0=0.0111, S1=0.0146)
2026-09-29 12:38:40 [INFO ]  Epoch 4/18 - Train Loss: 1.2445 (LB: 0.0805), Train Dice: 0.6793 | Val Loss: 1.1632, Val Dice: 0.7184 | LR: Shared=8.84e-05, Others=8.84e-05, P3=8.84e-05 (gamma: S0=0.0117, S1=0.0136)
2026-09-29 12:41:19 [INFO ]  Epoch 5/18 - Train Loss: 1.2005 (LB: 0.0804), Train Dice: 0.6860 | Val Loss: 1.1281, Val Dice: 0.6824 | LR: Shared=8.23e-05, Others=8.23e-05, P3=8.23e-05 (gamma: S0=0.0122, S1=0.0142)
2026-09-29 12:44:02 [INFO ]  Epoch 6/18 - Train Loss: 1.1549 (LB: 0.0804), Train Dice: 0.6965 | Val Loss: 1.1281, Val Dice: 0.7027 | LR: Shared=7.52e-05, Others=7.52e-05, P3=7.52e-05 (gamma: S0=0.0124, S1=0.0149)
2026-09-29 12:46:44 [INFO ]  Epoch 7/18 - Train Loss: 1.1199 (LB: 0.0804), Train Dice: 0.6994 | Val Loss: 1.0448, Val Dice: 0.7319 | LR: Shared=6.74e-05, Others=6.74e-05, P3=6.74e-05 (gamma: S0=0.0128, S1=0.0155)
2026-09-29 12:46:45 [INFO ]  New best Stage 2 model saved with Val Dice: 0.7319 and Val Loss: 1.0448
2026-09-29 12:49:20 [INFO ]  Epoch 8/18 - Train Loss: 1.0823 (LB: 0.0803), Train Dice: 0.7021 | Val Loss: 1.0153, Val Dice: 0.7422 | LR: Shared=5.91e-05, Others=5.91e-05, P3=5.91e-05 (gamma: S0=0.0129, S1=0.0154)
2026-09-29 12:49:20 [INFO ]  New best Stage 2 model saved with Val Dice: 0.7422 and Val Loss: 1.0153
2026-09-29 12:49:20 [INFO ]  *** New GLOBAL best model saved (Dice: 0.7422) ***
2026-09-29 12:51:57 [INFO ]  Epoch 9/18 - Train Loss: 1.0529 (LB: 0.0803), Train Dice: 0.7079 | Val Loss: 1.0207, Val Dice: 0.7170 | LR: Shared=5.05e-05, Others=5.05e-05, P3=5.05e-05 (gamma: S0=0.0140, S1=0.0159)
2026-09-29 12:54:35 [INFO ]  Epoch 10/18 - Train Loss: 1.0225 (LB: 0.0803), Train Dice: 0.7126 | Val Loss: 1.0243, Val Dice: 0.7475 | LR: Shared=4.19e-05, Others=4.19e-05, P3=4.19e-05 (gamma: S0=0.0142, S1=0.0162)
2026-09-29 12:54:35 [INFO ]  New best Stage 2 model saved with Val Dice: 0.7475 and Val Loss: 1.0243
2026-09-29 12:54:35 [INFO ]  *** New GLOBAL best model saved (Dice: 0.7475) ***
2026-09-29 12:57:11 [INFO ]  Epoch 11/18 - Train Loss: 1.0058 (LB: 0.0803), Train Dice: 0.7129 | Val Loss: 0.9608, Val Dice: 0.7479 | LR: Shared=3.36e-05, Others=3.36e-05, P3=3.36e-05 (gamma: S0=0.0151, S1=0.0158)
2026-09-29 12:57:11 [INFO ]  New best Stage 2 model saved with Val Dice: 0.7479 and Val Loss: 0.9608
2026-09-29 12:57:11 [INFO ]  *** New GLOBAL best model saved (Dice: 0.7479) ***
2026-09-29 12:59:48 [INFO ]  Epoch 12/18 - Train Loss: 0.9824 (LB: 0.0803), Train Dice: 0.7205 | Val Loss: 0.9556, Val Dice: 0.7296 | LR: Shared=2.58e-05, Others=2.58e-05, P3=2.58e-05 (gamma: S0=0.0146, S1=0.0158)
2026-09-29 13:02:28 [INFO ]  Epoch 13/18 - Train Loss: 0.9705 (LB: 0.0803), Train Dice: 0.7228 | Val Loss: 0.9981, Val Dice: 0.7480 | LR: Shared=1.87e-05, Others=1.87e-05, P3=1.87e-05 (gamma: S0=0.0147, S1=0.0158)
2026-09-29 13:05:08 [INFO ]  Epoch 14/18 - Train Loss: 0.9594 (LB: 0.0803), Train Dice: 0.7264 | Val Loss: 0.9544, Val Dice: 0.7641 | LR: Shared=1.26e-05, Others=1.26e-05, P3=1.26e-05 (gamma: S0=0.0147, S1=0.0158)
2026-09-29 13:05:08 [INFO ]  New best Stage 2 model saved with Val Dice: 0.7641 and Val Loss: 0.9544
2026-09-29 13:05:08 [INFO ]  *** New GLOBAL best model saved (Dice: 0.7641) ***
2026-09-29 13:07:44 [INFO ]  Epoch 15/18 - Train Loss: 0.9499 (LB: 0.0803), Train Dice: 0.7320 | Val Loss: 0.9475, Val Dice: 0.7517 | LR: Shared=7.63e-06, Others=7.63e-06, P3=7.63e-06 (gamma: S0=0.0147, S1=0.0157)
2026-09-29 13:10:20 [INFO ]  Epoch 16/18 - Train Loss: 0.9396 (LB: 0.0803), Train Dice: 0.7342 | Val Loss: 0.9569, Val Dice: 0.7584 | LR: Shared=3.99e-06, Others=3.99e-06, P3=3.99e-06 (gamma: S0=0.0146, S1=0.0156)
2026-09-29 13:13:00 [INFO ]  Epoch 17/18 - Train Loss: 0.9370 (LB: 0.0803), Train Dice: 0.7316 | Val Loss: 0.9545, Val Dice: 0.7552 | LR: Shared=1.75e-06, Others=1.75e-06, P3=1.75e-06 (gamma: S0=0.0147, S1=0.0156)
2026-09-29 13:15:37 [INFO ]  Epoch 18/18 - Train Loss: 0.9323 (LB: 0.0802), Train Dice: 0.7347 | Val Loss: 0.9529, Val Dice: 0.7559 | LR: Shared=1.00e-06, Others=1.00e-06, P3=1.00e-06 (gamma: S0=0.0147, S1=0.0156)
2026-09-29 13:15:37 [INFO ]  Stage 2 finished. Total epochs used so far: 35/35
