2026-10-03 14:43:52 [INFO ]  Logging initialized. Log file: /content/runs/Phase6D_CGSR/train.log
2026-10-03 14:43:52 [INFO ]  Loaded config from configs/p3_ablation/b2_p3_run_c_d4_k2_h64_phase6d_cgsr.yaml
2026-10-03 14:43:52 [INFO ]  Using device: cuda
2026-10-03 14:43:52 [INFO ]  Evaluation protocol for validation: setting_a
2026-10-03 14:43:52 [INFO ]  Loading ConvNeXt-V2: convnextv2_femto.fcmae (pretrained=True)
2026-10-03 14:43:53 [INFO ]  Loading pretrained weights from Hugging Face hub (timm/convnextv2_femto.fcmae)
2026-10-03 14:43:54 [INFO ]  HTTP Request: GET https://huggingface.co/api/agent-harnesses "HTTP/1.1 200 OK"
2026-10-03 14:43:54 [INFO ]  HTTP Request: HEAD https://huggingface.co/timm/convnextv2_femto.fcmae/resolve/main/model.safetensors "HTTP/1.1 302 Found"
2026-10-03 14:43:54 [WARNI]  Warning: You are sending unauthenticated requests to the HF Hub. Please set a HF_TOKEN to enable higher rate limits and faster downloads.
2026-10-03 14:43:54 [INFO ]  HTTP Request: GET https://huggingface.co/api/models/timm/convnextv2_femto.fcmae/xet-read-token/ad8895ca0e753755810acaa2068a7ebf497e6b2a "HTTP/1.1 200 OK"
2026-10-03 14:43:56 [INFO ]  [timm/convnextv2_femto.fcmae] Safe alternative available for 'pytorch_model.bin' (as 'model.safetensors'). Loading weights using safetensors.
2026-10-03 14:43:57 [INFO ]  Removed ConvNeXt classification head
2026-10-03 14:43:57 [INFO ]  Loading ViT-Tiny: vit_tiny_patch16_224 (pretrained=True)
2026-10-03 14:43:57 [INFO ]  Loading pretrained weights from Hugging Face hub (timm/vit_tiny_patch16_224.augreg_in21k_ft_in1k)
2026-10-03 14:43:57 [INFO ]  HTTP Request: HEAD https://huggingface.co/timm/vit_tiny_patch16_224.augreg_in21k_ft_in1k/resolve/main/model.safetensors "HTTP/1.1 302 Found"
2026-10-03 14:43:58 [INFO ]  HTTP Request: GET https://huggingface.co/api/models/timm/vit_tiny_patch16_224.augreg_in21k_ft_in1k/xet-read-token/7d3afdd0cf93ad84d986eb2d6bcc5812ebd0b106 "HTTP/1.1 200 OK"
2026-10-03 14:43:59 [INFO ]  [timm/vit_tiny_patch16_224.augreg_in21k_ft_in1k] Safe alternative available for 'pytorch_model.bin' (as 'model.safetensors'). Loading weights using safetensors.
2026-10-03 14:43:59 [INFO ]  Configured 4 ViT blocks (embed_dim=192)
2026-10-03 14:43:59 [INFO ]  [Explicit CLS Handling] Detected 197 tokens in ViT pos_embed. Discarded CLS token (1 token), retained exactly 196 spatial patch tokens.
2026-10-03 14:43:59 [INFO ]  Loaded patch_pos: shape=(1, 196, 192) (grid: 14x14)
2026-10-03 14:43:59 [INFO ]  ================================================================================
2026-10-03 14:43:59 [INFO ]  BUILDING HETEROGENEOUS EXPERT POOL (CNN Stages + Transformer Blocks)
2026-10-03 14:43:59 [INFO ]  ================================================================================
2026-10-03 14:43:59 [INFO ]  
Step 1a: Wrapping ConvNeXt stages IN-PLACE...
2026-10-03 14:43:59 [INFO ]  Initialized SAGE Hierarchical Router: top_k=2, experts=8, gating=sigmoid, logit_modulation=True
2026-10-03 14:43:59 [INFO ]  Initialized SAGE Hierarchical Router: top_k=2, experts=8, gating=sigmoid, logit_modulation=True
2026-10-03 14:43:59 [INFO ]  Initialized SAGE Hierarchical Router: top_k=2, experts=8, gating=sigmoid, logit_modulation=True
2026-10-03 14:43:59 [INFO ]  Initialized SAGE Hierarchical Router: top_k=2, experts=8, gating=sigmoid, logit_modulation=True
2026-10-03 14:43:59 [INFO ]  
Step 1b: Wrapping Transformer blocks IN-PLACE...
2026-10-03 14:43:59 [INFO ]  Initialized SAGE Hierarchical Router: top_k=2, experts=8, gating=sigmoid, logit_modulation=True
2026-10-03 14:43:59 [INFO ]  Initialized SAGE Hierarchical Router: top_k=2, experts=8, gating=sigmoid, logit_modulation=True
2026-10-03 14:43:59 [INFO ]  Initialized SAGE Hierarchical Router: top_k=2, experts=8, gating=sigmoid, logit_modulation=True
2026-10-03 14:43:59 [INFO ]  Initialized SAGE Hierarchical Router: top_k=2, experts=8, gating=sigmoid, logit_modulation=True
2026-10-03 14:43:59 [INFO ]  
Step 2: Building expert pool from wrapped .main_block attributes...
2026-10-03 14:43:59 [INFO ]    - Added 4 CNN main_blocks to pool.
2026-10-03 14:43:59 [INFO ]    - Added 4 Transformer main_blocks to pool.
2026-10-03 14:43:59 [INFO ]  
[OK] Built expert pool with 8 experts, linked to all SageLayer instances.
2026-10-03 14:43:59 [INFO ]  ================================================================================
2026-10-03 14:43:59 [INFO ]  
================================================================================
2026-10-03 14:43:59 [INFO ]  PRE-POPULATING SAHUB ADAPTERS
2026-10-03 14:43:59 [INFO ]  ================================================================================
2026-10-03 14:43:59 [INFO ]     - Created a master set of 24 potential adapter layers.
2026-10-03 14:43:59 [INFO ]     - Populated 8 SAHub instances with all adapter layers.
2026-10-03 14:43:59 [INFO ]  ================================================================================
2026-10-03 14:43:59 [INFO ]  Loaded B2 with 4 ViT blocks, full SAGE-Lite injection, p3_mode='C', use_plu_head=False, use_cgsr=True
2026-10-03 14:43:59 [INFO ]  Initialized B2 model
2026-10-03 14:43:59 [INFO ]  Loading checkpoint from /content/checkpoints/best_model_b2_stage1.pth (resume/continue mechanism)...
2026-10-03 14:44:00 [INFO ]  P3 Refinement gamma preserved from checkpoint: S0=0.0106, S1=0.0139
2026-10-03 14:44:00 [INFO ]  Loading Stage 1 checkpoint for --stage2-only: /content/checkpoints/best_model_b2_stage1.pth
2026-10-03 14:44:00 [INFO ]  Successfully loaded Candidate B Stage 1 checkpoint into CGSR model. 4 CGSR gate tensors initialized to near-identity (bias=3.0), 0 other missing, 0 unexpected.
2026-10-03 14:44:00 [INFO ]  No stage1 completion file found; defaulting to full Stage 1 budget (stage1_epochs=17)
2026-10-03 14:44:00 [INFO ]  Stage 2 starting from Stage 1: Global Best Dice=0.7333, Global Best Loss=1.2683, Stage 1 Epochs Used=17
2026-10-03 14:44:00 [INFO ]  Stage 2 learned gamma confirmed: S0=0.0106, S1=0.0139
2026-10-03 14:44:00 [INFO ]  
========================================
STARTING STAGE 2
========================================
2026-10-03 14:44:00 [INFO ]  Stage 2: Updated shared expert indices to [0, 1, 2, 3]
2026-10-03 14:44:00 [INFO ]  Stage 2 Optimizer: shared_lr=1.00e-04, base_lr=1.00e-04, sage_lr=1.00e-04, p3_lr=1.00e-04
2026-10-03 14:44:00 [INFO ]  Restoring Stage 1 RNG and Scaler state from: /content/checkpoints/last_model_b2_stage1_rng.pth
2026-10-03 14:44:00 [INFO ]  Restored AMP scaler state_dict from checkpoint.
2026-10-03 14:44:00 [INFO ]  Restored torch CPU RNG state.
2026-10-03 14:44:00 [INFO ]  Restored torch CUDA RNG state.
2026-10-03 14:44:00 [INFO ]  Restored NumPy RNG state.
2026-10-03 14:44:00 [INFO ]  Restored Python RNG state.
2026-10-03 14:44:00 [INFO ]  Restored DataLoader generator state from checkpoint.
2026-10-03 14:44:00 [INFO ]  Stage 2 optimizer and scheduler maintained strictly fresh (no state restored from RNG checkpoint).
2026-10-03 14:44:00 [INFO ]  Stage 2 starting fresh from Stage 1: best_stage_dice=0.0000, epochs_no_improve=0/6 (Global baseline Dice=0.7333)
2026-10-03 14:47:23 [INFO ]  Epoch 1/18 - Train Loss: 1.3048 (LB: 0.0806), Train Dice: 0.6923 | Val Loss: 1.2697, Val Dice: 0.7291 | LR: Shared=3.40e-05, Base=3.40e-05, P3=3.40e-05 (gamma: S0=0.0106, S1=0.0139) | CGSR: mean=0.9526 [0.9497-0.9565], b=3.00, W=0.136
2026-10-03 14:47:24 [INFO ]  New best Stage 2 model saved with Val Dice: 0.7291 and Val Loss: 1.2697
2026-10-03 14:50:02 [INFO ]  Epoch 2/18 - Train Loss: 1.3032 (LB: 0.0805), Train Dice: 0.6805 | Val Loss: 1.2406, Val Dice: 0.7389 | LR: Shared=6.70e-05, Base=6.70e-05, P3=6.70e-05 (gamma: S0=0.0103, S1=0.0138) | CGSR: mean=0.9521 [0.9487-0.9561], b=3.00, W=0.146
2026-10-03 14:50:02 [INFO ]  New best Stage 2 model saved with Val Dice: 0.7389 and Val Loss: 1.2406
2026-10-03 14:50:02 [INFO ]  *** New GLOBAL best model saved (Dice: 0.7389) ***
2026-10-03 14:52:44 [INFO ]  Epoch 3/18 - Train Loss: 1.2824 (LB: 0.0805), Train Dice: 0.6749 | Val Loss: 1.2570, Val Dice: 0.7432 | LR: Shared=9.34e-05, Base=9.34e-05, P3=9.34e-05 (gamma: S0=0.0104, S1=0.0140) | CGSR: mean=0.9526 [0.9473-0.9614], b=3.00, W=0.204
2026-10-03 14:52:44 [INFO ]  New best Stage 2 model saved with Val Dice: 0.7432 and Val Loss: 1.2570
2026-10-03 14:52:44 [INFO ]  *** New GLOBAL best model saved (Dice: 0.7432) ***
2026-10-03 14:55:26 [INFO ]  Epoch 4/18 - Train Loss: 1.2429 (LB: 0.0805), Train Dice: 0.6793 | Val Loss: 1.1833, Val Dice: 0.7000 | LR: Shared=8.84e-05, Base=8.84e-05, P3=8.84e-05 (gamma: S0=0.0106, S1=0.0133) | CGSR: mean=0.9521 [0.9424-0.9688], b=3.00, W=0.276
2026-10-03 14:58:08 [INFO ]  Epoch 5/18 - Train Loss: 1.1931 (LB: 0.0804), Train Dice: 0.6889 | Val Loss: 1.1057, Val Dice: 0.7290 | LR: Shared=8.23e-05, Base=8.23e-05, P3=8.23e-05 (gamma: S0=0.0100, S1=0.0134) | CGSR: mean=0.9521 [0.9414-0.9746], b=3.00, W=0.351
2026-10-03 15:00:51 [INFO ]  Epoch 6/18 - Train Loss: 1.1547 (LB: 0.0804), Train Dice: 0.6951 | Val Loss: 1.0964, Val Dice: 0.7229 | LR: Shared=7.52e-05, Base=7.52e-05, P3=7.52e-05 (gamma: S0=0.0092, S1=0.0139) | CGSR: mean=0.9517 [0.9355-0.9688], b=3.00, W=0.413
2026-10-03 15:03:34 [INFO ]  Epoch 7/18 - Train Loss: 1.1136 (LB: 0.0804), Train Dice: 0.6998 | Val Loss: 1.0652, Val Dice: 0.7339 | LR: Shared=6.74e-05, Base=6.74e-05, P3=6.74e-05 (gamma: S0=0.0109, S1=0.0150) | CGSR: mean=0.9512 [0.9287-0.9731], b=3.00, W=0.465
2026-10-03 15:06:21 [INFO ]  Epoch 8/18 - Train Loss: 1.0836 (LB: 0.0803), Train Dice: 0.7017 | Val Loss: 1.0214, Val Dice: 0.7526 | LR: Shared=5.91e-05, Base=5.91e-05, P3=5.91e-05 (gamma: S0=0.0121, S1=0.0152) | CGSR: mean=0.9517 [0.9331-0.9775], b=3.00, W=0.514
2026-10-03 15:06:22 [INFO ]  New best Stage 2 model saved with Val Dice: 0.7526 and Val Loss: 1.0214
2026-10-03 15:06:22 [INFO ]  *** New GLOBAL best model saved (Dice: 0.7526) ***
2026-10-03 15:09:05 [INFO ]  Epoch 9/18 - Train Loss: 1.0527 (LB: 0.0803), Train Dice: 0.7080 | Val Loss: 1.0329, Val Dice: 0.7321 | LR: Shared=5.05e-05, Base=5.05e-05, P3=5.05e-05 (gamma: S0=0.0118, S1=0.0153) | CGSR: mean=0.9512 [0.9243-0.9775], b=3.00, W=0.548
2026-10-03 15:11:51 [INFO ]  Epoch 10/18 - Train Loss: 1.0290 (LB: 0.0803), Train Dice: 0.7110 | Val Loss: 0.9910, Val Dice: 0.7425 | LR: Shared=4.19e-05, Base=4.19e-05, P3=4.19e-05 (gamma: S0=0.0119, S1=0.0157) | CGSR: mean=0.9512 [0.9121-0.9756], b=3.00, W=0.580
2026-10-03 15:14:33 [INFO ]  Epoch 11/18 - Train Loss: 1.0033 (LB: 0.0803), Train Dice: 0.7177 | Val Loss: 0.9684, Val Dice: 0.7464 | LR: Shared=3.36e-05, Base=3.36e-05, P3=3.36e-05 (gamma: S0=0.0118, S1=0.0157) | CGSR: mean=0.9512 [0.9092-0.9761], b=3.00, W=0.605
2026-10-03 15:17:16 [INFO ]  Epoch 12/18 - Train Loss: 0.9822 (LB: 0.0803), Train Dice: 0.7250 | Val Loss: 0.9851, Val Dice: 0.7500 | LR: Shared=2.58e-05, Base=2.58e-05, P3=2.58e-05 (gamma: S0=0.0119, S1=0.0154) | CGSR: mean=0.9507 [0.9087-0.9800], b=3.00, W=0.623
2026-10-03 15:19:59 [INFO ]  Epoch 13/18 - Train Loss: 0.9665 (LB: 0.0803), Train Dice: 0.7273 | Val Loss: 0.9818, Val Dice: 0.7436 | LR: Shared=1.87e-05, Base=1.87e-05, P3=1.87e-05 (gamma: S0=0.0116, S1=0.0154) | CGSR: mean=0.9507 [0.9077-0.9785], b=3.00, W=0.635
2026-10-03 15:22:43 [INFO ]  Epoch 14/18 - Train Loss: 0.9548 (LB: 0.0803), Train Dice: 0.7319 | Val Loss: 0.9628, Val Dice: 0.7591 | LR: Shared=1.26e-05, Base=1.26e-05, P3=1.26e-05 (gamma: S0=0.0113, S1=0.0157) | CGSR: mean=0.9507 [0.9058-0.9766], b=3.00, W=0.645
2026-10-03 15:22:43 [INFO ]  New best Stage 2 model saved with Val Dice: 0.7591 and Val Loss: 0.9628
2026-10-03 15:22:43 [INFO ]  *** New GLOBAL best model saved (Dice: 0.7591) ***
2026-10-03 15:25:27 [INFO ]  Epoch 15/18 - Train Loss: 0.9483 (LB: 0.0803), Train Dice: 0.7308 | Val Loss: 0.9483, Val Dice: 0.7544 | LR: Shared=7.63e-06, Base=7.63e-06, P3=7.63e-06 (gamma: S0=0.0114, S1=0.0156) | CGSR: mean=0.9507 [0.9028-0.9771], b=3.00, W=0.649
2026-10-03 15:28:10 [INFO ]  Epoch 16/18 - Train Loss: 0.9395 (LB: 0.0803), Train Dice: 0.7351 | Val Loss: 0.9537, Val Dice: 0.7556 | LR: Shared=3.99e-06, Base=3.99e-06, P3=3.99e-06 (gamma: S0=0.0114, S1=0.0156) | CGSR: mean=0.9507 [0.9019-0.9780], b=3.00, W=0.652
2026-10-03 15:30:54 [INFO ]  Epoch 17/18 - Train Loss: 0.9351 (LB: 0.0803), Train Dice: 0.7332 | Val Loss: 0.9595, Val Dice: 0.7551 | LR: Shared=1.75e-06, Base=1.75e-06, P3=1.75e-06 (gamma: S0=0.0113, S1=0.0157) | CGSR: mean=0.9507 [0.9038-0.9775], b=3.00, W=0.654
2026-10-03 15:33:37 [INFO ]  Epoch 18/18 - Train Loss: 0.9368 (LB: 0.0802), Train Dice: 0.7372 | Val Loss: 0.9582, Val Dice: 0.7572 | LR: Shared=1.00e-06, Base=1.00e-06, P3=1.00e-06 (gamma: S0=0.0113, S1=0.0157) | CGSR: mean=0.9507 [0.9028-0.9775], b=3.00, W=0.655
2026-10-03 15:33:37 [INFO ]  Stage 2 finished. Total epochs used so far: 35/35
